Archive member included to satisfy reference by file (symbol)

./libs/capsense/COMPONENT_SOFTFP/TOOLCHAIN_GCC_ARM/libcy_capsense.a(cy_capsense_smartsense_hw_lib.o)
                              /home/marusia/mtw/CapSense_Buttons_and_Slider_FreeRTOS/build/CY8CKIT-062-BLE/Debug/libs/capsense/cy_capsense_sensing.o (Cy_CapSense_TunePrescalers_Lib)
./libs/capsense/COMPONENT_SOFTFP/TOOLCHAIN_GCC_ARM/libcy_capsense.a(cy_capsense_gesture_lib.o)
                              /home/marusia/mtw/CapSense_Buttons_and_Slider_FreeRTOS/build/CY8CKIT-062-BLE/Debug/libs/capsense/cy_capsense_processing.o (Cy_CapSense_Gesture_ResetState)
./libs/capsense/COMPONENT_SOFTFP/TOOLCHAIN_GCC_ARM/libcy_capsense.a(cy_capsense_advanced_centroid_lib.o)
                              /home/marusia/mtw/CapSense_Buttons_and_Slider_FreeRTOS/build/CY8CKIT-062-BLE/Debug/libs/capsense/cy_capsense_centroid.o (Cy_CapSense_AdvancedCentroidGetTouchCoordinates_Lib)
./libs/capsense/COMPONENT_SOFTFP/TOOLCHAIN_GCC_ARM/libcy_capsense.a(cy_capsense_smartsense_fw_lib.o)
                              /home/marusia/mtw/CapSense_Buttons_and_Slider_FreeRTOS/build/CY8CKIT-062-BLE/Debug/libs/capsense/cy_capsense_processing.o (Cy_CapSense_UpdateThresholds_Lib)
/home/marusia/ModusToolbox/tools_2.0/gcc-7.2.1/bin/../lib/gcc/arm-none-eabi/7.2.1/thumb/v7e-m/fpv4-sp/softfp/libgcc.a(_udivsi3.o)
                              ./libs/capsense/COMPONENT_SOFTFP/TOOLCHAIN_GCC_ARM/libcy_capsense.a(cy_capsense_smartsense_hw_lib.o) (__aeabi_uidiv)
/home/marusia/ModusToolbox/tools_2.0/gcc-7.2.1/bin/../lib/gcc/arm-none-eabi/7.2.1/thumb/v7e-m/fpv4-sp/softfp/libgcc.a(_divsi3.o)
                              ./libs/capsense/COMPONENT_SOFTFP/TOOLCHAIN_GCC_ARM/libcy_capsense.a(cy_capsense_advanced_centroid_lib.o) (__aeabi_idiv)
/home/marusia/ModusToolbox/tools_2.0/gcc-7.2.1/bin/../lib/gcc/arm-none-eabi/7.2.1/thumb/v7e-m/fpv4-sp/softfp/libgcc.a(_dvmd_tls.o)
                              /home/marusia/ModusToolbox/tools_2.0/gcc-7.2.1/bin/../lib/gcc/arm-none-eabi/7.2.1/thumb/v7e-m/fpv4-sp/softfp/libgcc.a(_udivsi3.o) (__aeabi_idiv0)
/home/marusia/ModusToolbox/tools_2.0/gcc-7.2.1/bin/../lib/gcc/arm-none-eabi/7.2.1/thumb/v7e-m/fpv4-sp/softfp/libgcc.a(_arm_addsubdf3.o)
                              /home/marusia/mtw/CapSense_Buttons_and_Slider_FreeRTOS/build/CY8CKIT-062-BLE/Debug/libs/psoc6hal/src/cyhal_spi.o (__aeabi_dsub)
/home/marusia/ModusToolbox/tools_2.0/gcc-7.2.1/bin/../lib/gcc/arm-none-eabi/7.2.1/thumb/v7e-m/fpv4-sp/softfp/libgcc.a(_arm_muldivdf3.o)
                              /home/marusia/mtw/CapSense_Buttons_and_Slider_FreeRTOS/build/CY8CKIT-062-BLE/Debug/libs/psoc6hal/src/cyhal_spi.o (__aeabi_ddiv)
/home/marusia/ModusToolbox/tools_2.0/gcc-7.2.1/bin/../lib/gcc/arm-none-eabi/7.2.1/thumb/v7e-m/fpv4-sp/softfp/libgcc.a(_arm_fixunsdfsi.o)
                              /home/marusia/mtw/CapSense_Buttons_and_Slider_FreeRTOS/build/CY8CKIT-062-BLE/Debug/libs/psoc6hal/src/cyhal_spi.o (__aeabi_d2uiz)
/home/marusia/ModusToolbox/tools_2.0/gcc-7.2.1/bin/../lib/gcc/arm-none-eabi/7.2.1/thumb/v7e-m/fpv4-sp/softfp/libgcc.a(_aeabi_ldivmod.o)
                              /home/marusia/mtw/CapSense_Buttons_and_Slider_FreeRTOS/build/CY8CKIT-062-BLE/Debug/libs/psoc6pdl/drivers/source/cy_sar.o (__aeabi_ldivmod)
/home/marusia/ModusToolbox/tools_2.0/gcc-7.2.1/bin/../lib/gcc/arm-none-eabi/7.2.1/thumb/v7e-m/fpv4-sp/softfp/libgcc.a(_aeabi_uldivmod.o)
                              /home/marusia/mtw/CapSense_Buttons_and_Slider_FreeRTOS/build/CY8CKIT-062-BLE/Debug/libs/psoc6hal/src/cyhal_pwm.o (__aeabi_uldivmod)
/home/marusia/ModusToolbox/tools_2.0/gcc-7.2.1/bin/../lib/gcc/arm-none-eabi/7.2.1/thumb/v7e-m/fpv4-sp/softfp/libgcc.a(_udivmoddi4.o)
                              /home/marusia/ModusToolbox/tools_2.0/gcc-7.2.1/bin/../lib/gcc/arm-none-eabi/7.2.1/thumb/v7e-m/fpv4-sp/softfp/libgcc.a(_aeabi_ldivmod.o) (__udivmoddi4)
/home/marusia/ModusToolbox/tools_2.0/gcc-7.2.1/bin/../lib/gcc/arm-none-eabi/7.2.1/../../../../arm-none-eabi/lib/thumb/v7e-m/fpv4-sp/softfp/libg_nano.a(lib_a-exit.o)
                              /home/marusia/ModusToolbox/tools_2.0/gcc-7.2.1/bin/../lib/gcc/arm-none-eabi/7.2.1/../../../../arm-none-eabi/lib/thumb/v7e-m/fpv4-sp/softfp/crt0.o (exit)
/home/marusia/ModusToolbox/tools_2.0/gcc-7.2.1/bin/../lib/gcc/arm-none-eabi/7.2.1/../../../../arm-none-eabi/lib/thumb/v7e-m/fpv4-sp/softfp/libg_nano.a(lib_a-fini.o)
                              /home/marusia/mtw/CapSense_Buttons_and_Slider_FreeRTOS/build/CY8CKIT-062-BLE/Debug/libs/TARGET_CY8CKIT-062-BLE/startup/TOOLCHAIN_GCC_ARM/startup_psoc6_01_cm4.o (__libc_fini_array)
/home/marusia/ModusToolbox/tools_2.0/gcc-7.2.1/bin/../lib/gcc/arm-none-eabi/7.2.1/../../../../arm-none-eabi/lib/thumb/v7e-m/fpv4-sp/softfp/libg_nano.a(lib_a-impure.o)
                              /home/marusia/ModusToolbox/tools_2.0/gcc-7.2.1/bin/../lib/gcc/arm-none-eabi/7.2.1/../../../../arm-none-eabi/lib/thumb/v7e-m/fpv4-sp/softfp/libg_nano.a(lib_a-exit.o) (_global_impure_ptr)
[...]
Memory Configuration

Name             Origin             Length             Attributes
ram              0x0000000008002000 0x0000000000045800 xrw
flash            0x0000000010000000 0x0000000000100000 xr
em_eeprom        0x0000000014000000 0x0000000000008000 xr
sflash_user_data 0x0000000016000800 0x0000000000000800 xr
sflash_nar       0x0000000016001a00 0x0000000000000200 xr
sflash_public_key 0x0000000016005a00 0x0000000000000c00 xr
sflash_toc_2     0x0000000016007c00 0x0000000000000200 xr
sflash_rtoc_2    0x0000000016007e00 0x0000000000000200 xr
xip              0x0000000018000000 0x0000000008000000 xr
efuse            0x0000000090700000 0x0000000000100000 r
*default*        0x0000000000000000 0xffffffffffffffff

Linker script and memory map

LOAD /home/marusia/ModusToolbox/tools_2.0/gcc-7.2.1/bin/../lib/gcc/arm-none-eabi/7.2.1/thumb/v7e-m/fpv4-sp/softfp/crti.o
LOAD /home/marusia/ModusToolbox/tools_2.0/gcc-7.2.1/bin/../lib/gcc/arm-none-eabi/7.2.1/thumb/v7e-m/fpv4-sp/softfp/crtbegin.o
LOAD /home/marusia/ModusToolbox/tools_2.0/gcc-7.2.1/bin/../lib/gcc/arm-none-eabi/7.2.1/../../../../arm-none-eabi/lib/thumb/v7e-m/fpv4-sp/softfp/crt0.o
LOAD /home/marusia/mtw/CapSense_Buttons_and_Slider_FreeRTOS/build/CY8CKIT-062-BLE/Debug/libs/TARGET_CY8CKIT-062-BLE/startup/TOOLCHAIN_GCC_ARM/startup_psoc6_01_cm4.o
LOAD /home/marusia/mtw/CapSense_Buttons_and_Slider_FreeRTOS/build/CY8CKIT-062-BLE/Debug/libs/psoc6pdl/drivers/source/TOOLCHAIN_GCC_ARM/cy_syslib_gcc.o
LOAD /home/marusia/mtw/CapSense_Buttons_and_Slider_FreeRTOS/build/CY8CKIT-062-BLE/Debug/helpers.o
LOAD /home/marusia/mtw/CapSense_Buttons_and_Slider_FreeRTOS/build/CY8CKIT-062-BLE/Debug/led2_task.o
LOAD /home/marusia/mtw/CapSense_Buttons_and_Slider_FreeRTOS/build/CY8CKIT-062-BLE/Debug/led_task.o
LOAD /home/marusia/mtw/CapSense_Buttons_and_Slider_FreeRTOS/build/CY8CKIT-062-BLE/Debug/libs/TARGET_CY8CKIT-062-BLE/COMPONENT_BSP_DESIGN_MODUS/GeneratedSource/cycfg.o
LOAD /home/marusia/mtw/CapSense_Buttons_and_Slider_FreeRTOS/build/CY8CKIT-062-BLE/Debug/libs/TARGET_CY8CKIT-062-BLE/COMPONENT_BSP_DESIGN_MODUS/GeneratedSource/cycfg_capsense.o
LOAD /home/marusia/mtw/CapSense_Buttons_and_Slider_FreeRTOS/build/CY8CKIT-062-BLE/Debug/libs/TARGET_CY8CKIT-062-BLE/COMPONENT_BSP_DESIGN_MODUS/GeneratedSource/cycfg_clocks.o
LOAD /home/marusia/mtw/CapSense_Buttons_and_Slider_FreeRTOS/build/CY8CKIT-062-BLE/Debug/libs/TARGET_CY8CKIT-062-BLE/COMPONENT_BSP_DESIGN_MODUS/GeneratedSource/cycfg_peripherals.o
LOAD /home/marusia/mtw/CapSense_Buttons_and_Slider_FreeRTOS/build/CY8CKIT-062-BLE/Debug/libs/TARGET_CY8CKIT-062-BLE/COMPONENT_BSP_DESIGN_MODUS/GeneratedSource/cycfg_pins.o
LOAD /home/marusia/mtw/CapSense_Buttons_and_Slider_FreeRTOS/build/CY8CKIT-062-BLE/Debug/libs/TARGET_CY8CKIT-062-BLE/COMPONENT_BSP_DESIGN_MODUS/GeneratedSource/cycfg_qspi_memslot.o
LOAD /home/marusia/mtw/CapSense_Buttons_and_Slider_FreeRTOS/build/CY8CKIT-062-BLE/Debug/libs/TARGET_CY8CKIT-062-BLE/COMPONENT_BSP_DESIGN_MODUS/GeneratedSource/cycfg_routing.o
LOAD /home/marusia/mtw/CapSense_Buttons_and_Slider_FreeRTOS/build/CY8CKIT-062-BLE/Debug/libs/TARGET_CY8CKIT-062-BLE/COMPONENT_BSP_DESIGN_MODUS/GeneratedSource/cycfg_system.o
LOAD /home/marusia/mtw/CapSense_Buttons_and_Slider_FreeRTOS/build/CY8CKIT-062-BLE/Debug/libs/TARGET_CY8CKIT-062-BLE/cybsp.o
LOAD /home/marusia/mtw/CapSense_Buttons_and_Slider_FreeRTOS/build/CY8CKIT-062-BLE/Debug/libs/TARGET_CY8CKIT-062-BLE/startup/system_psoc6_cm4.o
LOAD /home/marusia/mtw/CapSense_Buttons_and_Slider_FreeRTOS/build/CY8CKIT-062-BLE/Debug/libs/capsense/cy_capsense_centroid.o
LOAD /home/marusia/mtw/CapSense_Buttons_and_Slider_FreeRTOS/build/CY8CKIT-062-BLE/Debug/libs/capsense/cy_capsense_control.o
LOAD /home/marusia/mtw/CapSense_Buttons_and_Slider_FreeRTOS/build/CY8CKIT-062-BLE/Debug/libs/capsense/cy_capsense_csd.o
LOAD /home/marusia/mtw/CapSense_Buttons_and_Slider_FreeRTOS/build/CY8CKIT-062-BLE/Debug/libs/capsense/cy_capsense_csx.o
LOAD /home/marusia/mtw/CapSense_Buttons_and_Slider_FreeRTOS/build/CY8CKIT-062-BLE/Debug/libs/capsense/cy_capsense_filter.o
LOAD /home/marusia/mtw/CapSense_Buttons_and_Slider_FreeRTOS/build/CY8CKIT-062-BLE/Debug/libs/capsense/cy_capsense_processing.o
LOAD /home/marusia/mtw/CapSense_Buttons_and_Slider_FreeRTOS/build/CY8CKIT-062-BLE/Debug/libs/capsense/cy_capsense_sensing.o
LOAD /home/marusia/mtw/CapSense_Buttons_and_Slider_FreeRTOS/build/CY8CKIT-062-BLE/Debug/libs/capsense/cy_capsense_structure.o
LOAD /home/marusia/mtw/CapSense_Buttons_and_Slider_FreeRTOS/build/CY8CKIT-062-BLE/Debug/libs/capsense/cy_capsense_tuner.o
LOAD /home/marusia/mtw/CapSense_Buttons_and_Slider_FreeRTOS/build/CY8CKIT-062-BLE/Debug/libs/freertos/Source/croutine.o
LOAD /home/marusia/mtw/CapSense_Buttons_and_Slider_FreeRTOS/build/CY8CKIT-062-BLE/Debug/libs/freertos/Source/event_groups.o
LOAD /home/marusia/mtw/CapSense_Buttons_and_Slider_FreeRTOS/build/CY8CKIT-062-BLE/Debug/libs/freertos/Source/list.o
LOAD /home/marusia/mtw/CapSense_Buttons_and_Slider_FreeRTOS/build/CY8CKIT-062-BLE/Debug/libs/freertos/Source/portable/MemMang/heap_1.o
LOAD /home/marusia/mtw/CapSense_Buttons_and_Slider_FreeRTOS/build/CY8CKIT-062-BLE/Debug/libs/freertos/Source/portable/MemMang/heap_2.o
LOAD /home/marusia/mtw/CapSense_Buttons_and_Slider_FreeRTOS/build/CY8CKIT-062-BLE/Debug/libs/freertos/Source/portable/MemMang/heap_3.o
LOAD /home/marusia/mtw/CapSense_Buttons_and_Slider_FreeRTOS/build/CY8CKIT-062-BLE/Debug/libs/freertos/Source/portable/MemMang/heap_4.o
LOAD /home/marusia/mtw/CapSense_Buttons_and_Slider_FreeRTOS/build/CY8CKIT-062-BLE/Debug/libs/freertos/Source/portable/MemMang/heap_5.o
LOAD /home/marusia/mtw/CapSense_Buttons_and_Slider_FreeRTOS/build/CY8CKIT-062-BLE/Debug/libs/freertos/Source/portable/TOOLCHAIN_GCC_ARM/CM4F/port.o
LOAD /home/marusia/mtw/CapSense_Buttons_and_Slider_FreeRTOS/build/CY8CKIT-062-BLE/Debug/libs/freertos/Source/queue.o
LOAD /home/marusia/mtw/CapSense_Buttons_and_Slider_FreeRTOS/build/CY8CKIT-062-BLE/Debug/libs/freertos/Source/stream_buffer.o
LOAD /home/marusia/mtw/CapSense_Buttons_and_Slider_FreeRTOS/build/CY8CKIT-062-BLE/Debug/libs/freertos/Source/tasks.o
LOAD /home/marusia/mtw/CapSense_Buttons_and_Slider_FreeRTOS/build/CY8CKIT-062-BLE/Debug/libs/freertos/Source/timers.o
LOAD /home/marusia/mtw/CapSense_Buttons_and_Slider_FreeRTOS/build/CY8CKIT-062-BLE/Debug/libs/psoc6cm0p/COMPONENT_CM0P_SLEEP/psoc6_01_cm0p_sleep.o
LOAD /home/marusia/mtw/CapSense_Buttons_and_Slider_FreeRTOS/build/CY8CKIT-062-BLE/Debug/libs/psoc6cm0p/COMPONENT_CM0P_SLEEP/psoc6_02_cm0p_sleep.o
LOAD /home/marusia/mtw/CapSense_Buttons_and_Slider_FreeRTOS/build/CY8CKIT-062-BLE/Debug/libs/psoc6cm0p/COMPONENT_CM0P_SLEEP/psoc6_03_cm0p_sleep.o
LOAD /home/marusia/mtw/CapSense_Buttons_and_Slider_FreeRTOS/build/CY8CKIT-062-BLE/Debug/libs/psoc6hal/src/cyhal_adc.o
LOAD /home/marusia/mtw/CapSense_Buttons_and_Slider_FreeRTOS/build/CY8CKIT-062-BLE/Debug/libs/psoc6hal/src/cyhal_analog_common.o
LOAD /home/marusia/mtw/CapSense_Buttons_and_Slider_FreeRTOS/build/CY8CKIT-062-BLE/Debug/libs/psoc6hal/src/cyhal_crc.o
LOAD /home/marusia/mtw/CapSense_Buttons_and_Slider_FreeRTOS/build/CY8CKIT-062-BLE/Debug/libs/psoc6hal/src/cyhal_crypto_common.o
LOAD /home/marusia/mtw/CapSense_Buttons_and_Slider_FreeRTOS/build/CY8CKIT-062-BLE/Debug/libs/psoc6hal/src/cyhal_dac.o
LOAD /home/marusia/mtw/CapSense_Buttons_and_Slider_FreeRTOS/build/CY8CKIT-062-BLE/Debug/libs/psoc6hal/src/cyhal_flash.o
LOAD /home/marusia/mtw/CapSense_Buttons_and_Slider_FreeRTOS/build/CY8CKIT-062-BLE/Debug/libs/psoc6hal/src/cyhal_gpio.o
LOAD /home/marusia/mtw/CapSense_Buttons_and_Slider_FreeRTOS/build/CY8CKIT-062-BLE/Debug/libs/psoc6hal/src/cyhal_hwmgr.o
LOAD /home/marusia/mtw/CapSense_Buttons_and_Slider_FreeRTOS/build/CY8CKIT-062-BLE/Debug/libs/psoc6hal/src/cyhal_i2c.o
LOAD /home/marusia/mtw/CapSense_Buttons_and_Slider_FreeRTOS/build/CY8CKIT-062-BLE/Debug/libs/psoc6hal/src/cyhal_interconnect.o
LOAD /home/marusia/mtw/CapSense_Buttons_and_Slider_FreeRTOS/build/CY8CKIT-062-BLE/Debug/libs/psoc6hal/src/cyhal_lptimer.o
LOAD /home/marusia/mtw/CapSense_Buttons_and_Slider_FreeRTOS/build/CY8CKIT-062-BLE/Debug/libs/psoc6hal/src/cyhal_not_implemented.o
LOAD /home/marusia/mtw/CapSense_Buttons_and_Slider_FreeRTOS/build/CY8CKIT-062-BLE/Debug/libs/psoc6hal/src/cyhal_pwm.o
LOAD /home/marusia/mtw/CapSense_Buttons_and_Slider_FreeRTOS/build/CY8CKIT-062-BLE/Debug/libs/psoc6hal/src/cyhal_qspi.o
LOAD /home/marusia/mtw/CapSense_Buttons_and_Slider_FreeRTOS/build/CY8CKIT-062-BLE/Debug/libs/psoc6hal/src/cyhal_rtc.o
LOAD /home/marusia/mtw/CapSense_Buttons_and_Slider_FreeRTOS/build/CY8CKIT-062-BLE/Debug/libs/psoc6hal/src/cyhal_scb_common.o
LOAD /home/marusia/mtw/CapSense_Buttons_and_Slider_FreeRTOS/build/CY8CKIT-062-BLE/Debug/libs/psoc6hal/src/cyhal_sdhc.o
LOAD /home/marusia/mtw/CapSense_Buttons_and_Slider_FreeRTOS/build/CY8CKIT-062-BLE/Debug/libs/psoc6hal/src/cyhal_spi.o
LOAD /home/marusia/mtw/CapSense_Buttons_and_Slider_FreeRTOS/build/CY8CKIT-062-BLE/Debug/libs/psoc6hal/src/cyhal_system.o
LOAD /home/marusia/mtw/CapSense_Buttons_and_Slider_FreeRTOS/build/CY8CKIT-062-BLE/Debug/libs/psoc6hal/src/cyhal_tcpwm_common.o
LOAD /home/marusia/mtw/CapSense_Buttons_and_Slider_FreeRTOS/build/CY8CKIT-062-BLE/Debug/libs/psoc6hal/src/cyhal_timer.o
LOAD /home/marusia/mtw/CapSense_Buttons_and_Slider_FreeRTOS/build/CY8CKIT-062-BLE/Debug/libs/psoc6hal/src/cyhal_trng.o
LOAD /home/marusia/mtw/CapSense_Buttons_and_Slider_FreeRTOS/build/CY8CKIT-062-BLE/Debug/libs/psoc6hal/src/cyhal_uart.o
LOAD /home/marusia/mtw/CapSense_Buttons_and_Slider_FreeRTOS/build/CY8CKIT-062-BLE/Debug/libs/psoc6hal/src/cyhal_udb_sdio.o
LOAD /home/marusia/mtw/CapSense_Buttons_and_Slider_FreeRTOS/build/CY8CKIT-062-BLE/Debug/libs/psoc6hal/src/cyhal_usb_dev.o
LOAD /home/marusia/mtw/CapSense_Buttons_and_Slider_FreeRTOS/build/CY8CKIT-062-BLE/Debug/libs/psoc6hal/src/cyhal_utils.o
LOAD /home/marusia/mtw/CapSense_Buttons_and_Slider_FreeRTOS/build/CY8CKIT-062-BLE/Debug/libs/psoc6hal/src/cyhal_wdt.o
LOAD /home/marusia/mtw/CapSense_Buttons_and_Slider_FreeRTOS/build/CY8CKIT-062-BLE/Debug/libs/psoc6hal/src/pin_packages/cyhal_psoc6_01_104_m_csp_ble.o
LOAD /home/marusia/mtw/CapSense_Buttons_and_Slider_FreeRTOS/build/CY8CKIT-062-BLE/Debug/libs/psoc6hal/src/pin_packages/cyhal_psoc6_01_104_m_csp_ble_usb.o
LOAD /home/marusia/mtw/CapSense_Buttons_and_Slider_FreeRTOS/build/CY8CKIT-062-BLE/Debug/libs/psoc6hal/src/pin_packages/cyhal_psoc6_01_116_bga_ble.o
LOAD /home/marusia/mtw/CapSense_Buttons_and_Slider_FreeRTOS/build/CY8CKIT-062-BLE/Debug/libs/psoc6hal/src/pin_packages/cyhal_psoc6_01_116_bga_usb.o
LOAD /home/marusia/mtw/CapSense_Buttons_and_Slider_FreeRTOS/build/CY8CKIT-062-BLE/Debug/libs/psoc6hal/src/pin_packages/cyhal_psoc6_01_124_bga.o
LOAD /home/marusia/mtw/CapSense_Buttons_and_Slider_FreeRTOS/build/CY8CKIT-062-BLE/Debug/libs/psoc6hal/src/pin_packages/cyhal_psoc6_01_124_bga_sip.o
LOAD /home/marusia/mtw/CapSense_Buttons_and_Slider_FreeRTOS/build/CY8CKIT-062-BLE/Debug/libs/psoc6hal/src/pin_packages/cyhal_psoc6_01_43_smt.o
LOAD /home/marusia/mtw/CapSense_Buttons_and_Slider_FreeRTOS/build/CY8CKIT-062-BLE/Debug/libs/psoc6hal/src/pin_packages/cyhal_psoc6_01_68_qfn_ble.o
LOAD /home/marusia/mtw/CapSense_Buttons_and_Slider_FreeRTOS/build/CY8CKIT-062-BLE/Debug/libs/psoc6hal/src/pin_packages/cyhal_psoc6_01_80_wlcsp.o
LOAD /home/marusia/mtw/CapSense_Buttons_and_Slider_FreeRTOS/build/CY8CKIT-062-BLE/Debug/libs/psoc6hal/src/pin_packages/cyhal_psoc6_02_100_wlcsp.o
LOAD /home/marusia/mtw/CapSense_Buttons_and_Slider_FreeRTOS/build/CY8CKIT-062-BLE/Debug/libs/psoc6hal/src/pin_packages/cyhal_psoc6_02_124_bga.o
LOAD /home/marusia/mtw/CapSense_Buttons_and_Slider_FreeRTOS/build/CY8CKIT-062-BLE/Debug/libs/psoc6hal/src/pin_packages/cyhal_psoc6_02_128_tqfp.o
LOAD /home/marusia/mtw/CapSense_Buttons_and_Slider_FreeRTOS/build/CY8CKIT-062-BLE/Debug/libs/psoc6hal/src/pin_packages/cyhal_psoc6_02_68_qfn.o
LOAD /home/marusia/mtw/CapSense_Buttons_and_Slider_FreeRTOS/build/CY8CKIT-062-BLE/Debug/libs/psoc6hal/src/pin_packages/cyhal_psoc6_03_100_tqfp.o
LOAD /home/marusia/mtw/CapSense_Buttons_and_Slider_FreeRTOS/build/CY8CKIT-062-BLE/Debug/libs/psoc6hal/src/pin_packages/cyhal_psoc6_03_49_wlcsp.o
LOAD /home/marusia/mtw/CapSense_Buttons_and_Slider_FreeRTOS/build/CY8CKIT-062-BLE/Debug/libs/psoc6hal/src/pin_packages/cyhal_psoc6_03_68_qfn.o
LOAD /home/marusia/mtw/CapSense_Buttons_and_Slider_FreeRTOS/build/CY8CKIT-062-BLE/Debug/libs/psoc6pdl/drivers/source/cy_ble_clk.o
LOAD /home/marusia/mtw/CapSense_Buttons_and_Slider_FreeRTOS/build/CY8CKIT-062-BLE/Debug/libs/psoc6pdl/drivers/source/cy_canfd.o
LOAD /home/marusia/mtw/CapSense_Buttons_and_Slider_FreeRTOS/build/CY8CKIT-062-BLE/Debug/libs/psoc6pdl/drivers/source/cy_crypto.o
LOAD /home/marusia/mtw/CapSense_Buttons_and_Slider_FreeRTOS/build/CY8CKIT-062-BLE/Debug/libs/psoc6pdl/drivers/source/cy_crypto_core_aes_v1.o
LOAD /home/marusia/mtw/CapSense_Buttons_and_Slider_FreeRTOS/build/CY8CKIT-062-BLE/Debug/libs/psoc6pdl/drivers/source/cy_crypto_core_aes_v2.o
LOAD /home/marusia/mtw/CapSense_Buttons_and_Slider_FreeRTOS/build/CY8CKIT-062-BLE/Debug/libs/psoc6pdl/drivers/source/cy_crypto_core_cmac_v1.o
LOAD /home/marusia/mtw/CapSense_Buttons_and_Slider_FreeRTOS/build/CY8CKIT-062-BLE/Debug/libs/psoc6pdl/drivers/source/cy_crypto_core_cmac_v2.o
LOAD /home/marusia/mtw/CapSense_Buttons_and_Slider_FreeRTOS/build/CY8CKIT-062-BLE/Debug/libs/psoc6pdl/drivers/source/cy_crypto_core_crc_v1.o
LOAD /home/marusia/mtw/CapSense_Buttons_and_Slider_FreeRTOS/build/CY8CKIT-062-BLE/Debug/libs/psoc6pdl/drivers/source/cy_crypto_core_crc_v2.o
LOAD /home/marusia/mtw/CapSense_Buttons_and_Slider_FreeRTOS/build/CY8CKIT-062-BLE/Debug/libs/psoc6pdl/drivers/source/cy_crypto_core_des_v1.o
LOAD /home/marusia/mtw/CapSense_Buttons_and_Slider_FreeRTOS/build/CY8CKIT-062-BLE/Debug/libs/psoc6pdl/drivers/source/cy_crypto_core_des_v2.o
LOAD /home/marusia/mtw/CapSense_Buttons_and_Slider_FreeRTOS/build/CY8CKIT-062-BLE/Debug/libs/psoc6pdl/drivers/source/cy_crypto_core_ecc_domain_params.o
LOAD /home/marusia/mtw/CapSense_Buttons_and_Slider_FreeRTOS/build/CY8CKIT-062-BLE/Debug/libs/psoc6pdl/drivers/source/cy_crypto_core_ecc_ecdsa.o
LOAD /home/marusia/mtw/CapSense_Buttons_and_Slider_FreeRTOS/build/CY8CKIT-062-BLE/Debug/libs/psoc6pdl/drivers/source/cy_crypto_core_ecc_key_gen.o
LOAD /home/marusia/mtw/CapSense_Buttons_and_Slider_FreeRTOS/build/CY8CKIT-062-BLE/Debug/libs/psoc6pdl/drivers/source/cy_crypto_core_ecc_nist_p.o
LOAD /home/marusia/mtw/CapSense_Buttons_and_Slider_FreeRTOS/build/CY8CKIT-062-BLE/Debug/libs/psoc6pdl/drivers/source/cy_crypto_core_hmac_v1.o
LOAD /home/marusia/mtw/CapSense_Buttons_and_Slider_FreeRTOS/build/CY8CKIT-062-BLE/Debug/libs/psoc6pdl/drivers/source/cy_crypto_core_hmac_v2.o
LOAD /home/marusia/mtw/CapSense_Buttons_and_Slider_FreeRTOS/build/CY8CKIT-062-BLE/Debug/libs/psoc6pdl/drivers/source/cy_crypto_core_hw.o
LOAD /home/marusia/mtw/CapSense_Buttons_and_Slider_FreeRTOS/build/CY8CKIT-062-BLE/Debug/libs/psoc6pdl/drivers/source/cy_crypto_core_hw_v1.o
LOAD /home/marusia/mtw/CapSense_Buttons_and_Slider_FreeRTOS/build/CY8CKIT-062-BLE/Debug/libs/psoc6pdl/drivers/source/cy_crypto_core_mem_v1.o
LOAD /home/marusia/mtw/CapSense_Buttons_and_Slider_FreeRTOS/build/CY8CKIT-062-BLE/Debug/libs/psoc6pdl/drivers/source/cy_crypto_core_mem_v2.o
LOAD /home/marusia/mtw/CapSense_Buttons_and_Slider_FreeRTOS/build/CY8CKIT-062-BLE/Debug/libs/psoc6pdl/drivers/source/cy_crypto_core_prng_v1.o
LOAD /home/marusia/mtw/CapSense_Buttons_and_Slider_FreeRTOS/build/CY8CKIT-062-BLE/Debug/libs/psoc6pdl/drivers/source/cy_crypto_core_prng_v2.o
LOAD /home/marusia/mtw/CapSense_Buttons_and_Slider_FreeRTOS/build/CY8CKIT-062-BLE/Debug/libs/psoc6pdl/drivers/source/cy_crypto_core_rsa.o
LOAD /home/marusia/mtw/CapSense_Buttons_and_Slider_FreeRTOS/build/CY8CKIT-062-BLE/Debug/libs/psoc6pdl/drivers/source/cy_crypto_core_sha_v1.o
LOAD /home/marusia/mtw/CapSense_Buttons_and_Slider_FreeRTOS/build/CY8CKIT-062-BLE/Debug/libs/psoc6pdl/drivers/source/cy_crypto_core_sha_v2.o
LOAD /home/marusia/mtw/CapSense_Buttons_and_Slider_FreeRTOS/build/CY8CKIT-062-BLE/Debug/libs/psoc6pdl/drivers/source/cy_crypto_core_trng_v1.o
LOAD /home/marusia/mtw/CapSense_Buttons_and_Slider_FreeRTOS/build/CY8CKIT-062-BLE/Debug/libs/psoc6pdl/drivers/source/cy_crypto_core_trng_v2.o
LOAD /home/marusia/mtw/CapSense_Buttons_and_Slider_FreeRTOS/build/CY8CKIT-062-BLE/Debug/libs/psoc6pdl/drivers/source/cy_crypto_core_vu.o
LOAD /home/marusia/mtw/CapSense_Buttons_and_Slider_FreeRTOS/build/CY8CKIT-062-BLE/Debug/libs/psoc6pdl/drivers/source/cy_crypto_server.o
LOAD /home/marusia/mtw/CapSense_Buttons_and_Slider_FreeRTOS/build/CY8CKIT-062-BLE/Debug/libs/psoc6pdl/drivers/source/cy_csd.o
LOAD /home/marusia/mtw/CapSense_Buttons_and_Slider_FreeRTOS/build/CY8CKIT-062-BLE/Debug/libs/psoc6pdl/drivers/source/cy_ctb.o
LOAD /home/marusia/mtw/CapSense_Buttons_and_Slider_FreeRTOS/build/CY8CKIT-062-BLE/Debug/libs/psoc6pdl/drivers/source/cy_ctdac.o
LOAD /home/marusia/mtw/CapSense_Buttons_and_Slider_FreeRTOS/build/CY8CKIT-062-BLE/Debug/libs/psoc6pdl/drivers/source/cy_device.o
LOAD /home/marusia/mtw/CapSense_Buttons_and_Slider_FreeRTOS/build/CY8CKIT-062-BLE/Debug/libs/psoc6pdl/drivers/source/cy_dma.o
LOAD /home/marusia/mtw/CapSense_Buttons_and_Slider_FreeRTOS/build/CY8CKIT-062-BLE/Debug/libs/psoc6pdl/drivers/source/cy_dmac.o
LOAD /home/marusia/mtw/CapSense_Buttons_and_Slider_FreeRTOS/build/CY8CKIT-062-BLE/Debug/libs/psoc6pdl/drivers/source/cy_efuse.o
LOAD /home/marusia/mtw/CapSense_Buttons_and_Slider_FreeRTOS/build/CY8CKIT-062-BLE/Debug/libs/psoc6pdl/drivers/source/cy_flash.o
LOAD /home/marusia/mtw/CapSense_Buttons_and_Slider_FreeRTOS/build/CY8CKIT-062-BLE/Debug/libs/psoc6pdl/drivers/source/cy_gpio.o
LOAD /home/marusia/mtw/CapSense_Buttons_and_Slider_FreeRTOS/build/CY8CKIT-062-BLE/Debug/libs/psoc6pdl/drivers/source/cy_i2s.o
LOAD /home/marusia/mtw/CapSense_Buttons_and_Slider_FreeRTOS/build/CY8CKIT-062-BLE/Debug/libs/psoc6pdl/drivers/source/cy_ipc_drv.o
LOAD /home/marusia/mtw/CapSense_Buttons_and_Slider_FreeRTOS/build/CY8CKIT-062-BLE/Debug/libs/psoc6pdl/drivers/source/cy_ipc_pipe.o
LOAD /home/marusia/mtw/CapSense_Buttons_and_Slider_FreeRTOS/build/CY8CKIT-062-BLE/Debug/libs/psoc6pdl/drivers/source/cy_ipc_sema.o
LOAD /home/marusia/mtw/CapSense_Buttons_and_Slider_FreeRTOS/build/CY8CKIT-062-BLE/Debug/libs/psoc6pdl/drivers/source/cy_lpcomp.o
LOAD /home/marusia/mtw/CapSense_Buttons_and_Slider_FreeRTOS/build/CY8CKIT-062-BLE/Debug/libs/psoc6pdl/drivers/source/cy_lvd.o
LOAD /home/marusia/mtw/CapSense_Buttons_and_Slider_FreeRTOS/build/CY8CKIT-062-BLE/Debug/libs/psoc6pdl/drivers/source/cy_mcwdt.o
LOAD /home/marusia/mtw/CapSense_Buttons_and_Slider_FreeRTOS/build/CY8CKIT-062-BLE/Debug/libs/psoc6pdl/drivers/source/cy_pdm_pcm.o
LOAD /home/marusia/mtw/CapSense_Buttons_and_Slider_FreeRTOS/build/CY8CKIT-062-BLE/Debug/libs/psoc6pdl/drivers/source/cy_profile.o
LOAD /home/marusia/mtw/CapSense_Buttons_and_Slider_FreeRTOS/build/CY8CKIT-062-BLE/Debug/libs/psoc6pdl/drivers/source/cy_prot.o
LOAD /home/marusia/mtw/CapSense_Buttons_and_Slider_FreeRTOS/build/CY8CKIT-062-BLE/Debug/libs/psoc6pdl/drivers/source/cy_rtc.o
LOAD /home/marusia/mtw/CapSense_Buttons_and_Slider_FreeRTOS/build/CY8CKIT-062-BLE/Debug/libs/psoc6pdl/drivers/source/cy_sar.o
LOAD /home/marusia/mtw/CapSense_Buttons_and_Slider_FreeRTOS/build/CY8CKIT-062-BLE/Debug/libs/psoc6pdl/drivers/source/cy_scb_common.o
LOAD /home/marusia/mtw/CapSense_Buttons_and_Slider_FreeRTOS/build/CY8CKIT-062-BLE/Debug/libs/psoc6pdl/drivers/source/cy_scb_ezi2c.o
LOAD /home/marusia/mtw/CapSense_Buttons_and_Slider_FreeRTOS/build/CY8CKIT-062-BLE/Debug/libs/psoc6pdl/drivers/source/cy_scb_i2c.o
LOAD /home/marusia/mtw/CapSense_Buttons_and_Slider_FreeRTOS/build/CY8CKIT-062-BLE/Debug/libs/psoc6pdl/drivers/source/cy_scb_spi.o
LOAD /home/marusia/mtw/CapSense_Buttons_and_Slider_FreeRTOS/build/CY8CKIT-062-BLE/Debug/libs/psoc6pdl/drivers/source/cy_scb_uart.o
LOAD /home/marusia/mtw/CapSense_Buttons_and_Slider_FreeRTOS/build/CY8CKIT-062-BLE/Debug/libs/psoc6pdl/drivers/source/cy_sd_host.o
LOAD /home/marusia/mtw/CapSense_Buttons_and_Slider_FreeRTOS/build/CY8CKIT-062-BLE/Debug/libs/psoc6pdl/drivers/source/cy_seglcd.o
LOAD /home/marusia/mtw/CapSense_Buttons_and_Slider_FreeRTOS/build/CY8CKIT-062-BLE/Debug/libs/psoc6pdl/drivers/source/cy_smartio.o
LOAD /home/marusia/mtw/CapSense_Buttons_and_Slider_FreeRTOS/build/CY8CKIT-062-BLE/Debug/libs/psoc6pdl/drivers/source/cy_smif.o
LOAD /home/marusia/mtw/CapSense_Buttons_and_Slider_FreeRTOS/build/CY8CKIT-062-BLE/Debug/libs/psoc6pdl/drivers/source/cy_smif_memslot.o
LOAD /home/marusia/mtw/CapSense_Buttons_and_Slider_FreeRTOS/build/CY8CKIT-062-BLE/Debug/libs/psoc6pdl/drivers/source/cy_sysanalog.o
LOAD /home/marusia/mtw/CapSense_Buttons_and_Slider_FreeRTOS/build/CY8CKIT-062-BLE/Debug/libs/psoc6pdl/drivers/source/cy_sysclk.o
LOAD /home/marusia/mtw/CapSense_Buttons_and_Slider_FreeRTOS/build/CY8CKIT-062-BLE/Debug/libs/psoc6pdl/drivers/source/cy_sysint.o
LOAD /home/marusia/mtw/CapSense_Buttons_and_Slider_FreeRTOS/build/CY8CKIT-062-BLE/Debug/libs/psoc6pdl/drivers/source/cy_syslib.o
LOAD /home/marusia/mtw/CapSense_Buttons_and_Slider_FreeRTOS/build/CY8CKIT-062-BLE/Debug/libs/psoc6pdl/drivers/source/cy_syspm.o
LOAD /home/marusia/mtw/CapSense_Buttons_and_Slider_FreeRTOS/build/CY8CKIT-062-BLE/Debug/libs/psoc6pdl/drivers/source/cy_systick.o
LOAD /home/marusia/mtw/CapSense_Buttons_and_Slider_FreeRTOS/build/CY8CKIT-062-BLE/Debug/libs/psoc6pdl/drivers/source/cy_tcpwm_counter.o
LOAD /home/marusia/mtw/CapSense_Buttons_and_Slider_FreeRTOS/build/CY8CKIT-062-BLE/Debug/libs/psoc6pdl/drivers/source/cy_tcpwm_pwm.o
LOAD /home/marusia/mtw/CapSense_Buttons_and_Slider_FreeRTOS/build/CY8CKIT-062-BLE/Debug/libs/psoc6pdl/drivers/source/cy_tcpwm_quaddec.o
LOAD /home/marusia/mtw/CapSense_Buttons_and_Slider_FreeRTOS/build/CY8CKIT-062-BLE/Debug/libs/psoc6pdl/drivers/source/cy_trigmux.o
LOAD /home/marusia/mtw/CapSense_Buttons_and_Slider_FreeRTOS/build/CY8CKIT-062-BLE/Debug/libs/psoc6pdl/drivers/source/cy_usbfs_dev_drv.o
LOAD /home/marusia/mtw/CapSense_Buttons_and_Slider_FreeRTOS/build/CY8CKIT-062-BLE/Debug/libs/psoc6pdl/drivers/source/cy_usbfs_dev_drv_io.o
LOAD /home/marusia/mtw/CapSense_Buttons_and_Slider_FreeRTOS/build/CY8CKIT-062-BLE/Debug/libs/psoc6pdl/drivers/source/cy_usbfs_dev_drv_io_dma.o
LOAD /home/marusia/mtw/CapSense_Buttons_and_Slider_FreeRTOS/build/CY8CKIT-062-BLE/Debug/libs/psoc6pdl/drivers/source/cy_wdt.o
LOAD /home/marusia/mtw/CapSense_Buttons_and_Slider_FreeRTOS/build/CY8CKIT-062-BLE/Debug/libs/retarget-io/cy_retarget_io.o
LOAD /home/marusia/mtw/CapSense_Buttons_and_Slider_FreeRTOS/build/CY8CKIT-062-BLE/Debug/main.o
LOAD /home/marusia/mtw/CapSense_Buttons_and_Slider_FreeRTOS/build/CY8CKIT-062-BLE/Debug/main_task.o
START GROUP
LOAD ./libs/capsense/COMPONENT_SOFTFP/TOOLCHAIN_GCC_ARM/libcy_capsense.a
END GROUP
LOAD /home/marusia/ModusToolbox/tools_2.0/gcc-7.2.1/bin/../lib/gcc/arm-none-eabi/7.2.1/../../../../arm-none-eabi/lib/thumb/v7e-m/fpv4-sp/softfp/libstdc++_nano.a
LOAD /home/marusia/ModusToolbox/tools_2.0/gcc-7.2.1/bin/../lib/gcc/arm-none-eabi/7.2.1/../../../../arm-none-eabi/lib/thumb/v7e-m/fpv4-sp/softfp/libm.a
START GROUP
LOAD /home/marusia/ModusToolbox/tools_2.0/gcc-7.2.1/bin/../lib/gcc/arm-none-eabi/7.2.1/thumb/v7e-m/fpv4-sp/softfp/libgcc.a
LOAD /home/marusia/ModusToolbox/tools_2.0/gcc-7.2.1/bin/../lib/gcc/arm-none-eabi/7.2.1/../../../../arm-none-eabi/lib/thumb/v7e-m/fpv4-sp/softfp/libg_nano.a
LOAD /home/marusia/ModusToolbox/tools_2.0/gcc-7.2.1/bin/../lib/gcc/arm-none-eabi/7.2.1/../../../../arm-none-eabi/lib/thumb/v7e-m/fpv4-sp/softfp/libc_nano.a
END GROUP
START GROUP
LOAD /home/marusia/ModusToolbox/tools_2.0/gcc-7.2.1/bin/../lib/gcc/arm-none-eabi/7.2.1/thumb/v7e-m/fpv4-sp/softfp/libgcc.a
LOAD /home/marusia/ModusToolbox/tools_2.0/gcc-7.2.1/bin/../lib/gcc/arm-none-eabi/7.2.1/../../../../arm-none-eabi/lib/thumb/v7e-m/fpv4-sp/softfp/libc_nano.a
END GROUP
LOAD /home/marusia/ModusToolbox/tools_2.0/gcc-7.2.1/bin/../lib/gcc/arm-none-eabi/7.2.1/thumb/v7e-m/fpv4-sp/softfp/crtend.o
LOAD /home/marusia/ModusToolbox/tools_2.0/gcc-7.2.1/bin/../lib/gcc/arm-none-eabi/7.2.1/thumb/v7e-m/fpv4-sp/softfp/crtn.o
START GROUP
LOAD /home/marusia/ModusToolbox/tools_2.0/gcc-7.2.1/bin/../lib/gcc/arm-none-eabi/7.2.1/thumb/v7e-m/fpv4-sp/softfp/libgcc.a
LOAD /home/marusia/ModusToolbox/tools_2.0/gcc-7.2.1/bin/../lib/gcc/arm-none-eabi/7.2.1/../../../../arm-none-eabi/lib/thumb/v7e-m/fpv4-sp/softfp/libc.a
LOAD /home/marusia/ModusToolbox/tools_2.0/gcc-7.2.1/bin/../lib/gcc/arm-none-eabi/7.2.1/../../../../arm-none-eabi/lib/thumb/v7e-m/fpv4-sp/softfp/libnosys.a
END GROUP
                0x0000000000001000                STACK_SIZE = 0x1000
                0x0000000000002000                FLASH_CM0P_SIZE = 0x2000
START GROUP
LOAD /home/marusia/ModusToolbox/tools_2.0/gcc-7.2.1/bin/../lib/gcc/arm-none-eabi/7.2.1/thumb/v7e-m/fpv4-sp/softfp/libgcc.a
LOAD /home/marusia/ModusToolbox/tools_2.0/gcc-7.2.1/bin/../lib/gcc/arm-none-eabi/7.2.1/../../../../arm-none-eabi/lib/thumb/v7e-m/fpv4-sp/softfp/libc.a
LOAD /home/marusia/ModusToolbox/tools_2.0/gcc-7.2.1/bin/../lib/gcc/arm-none-eabi/7.2.1/../../../../arm-none-eabi/lib/thumb/v7e-m/fpv4-sp/softfp/libm.a
LOAD /home/marusia/ModusToolbox/tools_2.0/gcc-7.2.1/bin/../lib/gcc/arm-none-eabi/7.2.1/../../../../arm-none-eabi/lib/thumb/v7e-m/fpv4-sp/softfp/libnosys.a
END GROUP

.cy_m0p_image   0x0000000010000000     0x14d0
                0x0000000010000000                . = ALIGN (0x4)
                0x0000000010000000                __cy_m0p_code_start = .
 *(.cy_m0p_image)
 .cy_m0p_image  0x0000000010000000     0x14d0 /home/marusia/mtw/CapSense_Buttons_and_Slider_FreeRTOS/build/CY8CKIT-062-BLE/Debug/libs/psoc6cm0p/COMPONENT_CM0P_SLEEP/psoc6_01_cm0p_sleep.o
                0x0000000010000000                cy_m0p_image
                0x00000000100014d0                __cy_m0p_code_end = .
                0x0000000000000001                ASSERT ((__cy_m0p_code_end <= (ORIGIN (flash) + FLASH_CM0P_SIZE)), CM0+ flash image overflows with CM4, increase FLASH_CM0P_SIZE)

.text           0x0000000010002000     0xa03c
                0x0000000010002000                . = ALIGN (0x4)
                0x0000000010002000                __Vectors = .
 *(.vectors)
 .vectors       0x0000000010002000      0x28c /home/marusia/mtw/CapSense_Buttons_and_Slider_FreeRTOS/build/CY8CKIT-062-BLE/Debug/libs/TARGET_CY8CKIT-062-BLE/startup/TOOLCHAIN_GCC_ARM/startup_psoc6_01_cm4.o
                0x000000001000228c                . = ALIGN (0x4)
                0x000000001000228c                __Vectors_End = .
                0x000000000000028c                __Vectors_Size = (__Vectors_End - __Vectors)
                0x000000001000228c                __end__ = .
                0x000000001000228c                . = ALIGN (0x4)
 *(.text*)
 .text          0x000000001000228c       0x40 /home/marusia/ModusToolbox/tools_2.0/gcc-7.2.1/bin/../lib/gcc/arm-none-eabi/7.2.1/thumb/v7e-m/fpv4-sp/softfp/crtbegin.o
 .text          0x00000000100022cc       0x94 /home/marusia/mtw/CapSense_Buttons_and_Slider_FreeRTOS/build/CY8CKIT-062-BLE/Debug/libs/TARGET_CY8CKIT-062-BLE/startup/TOOLCHAIN_GCC_ARM/startup_psoc6_01_cm4.o
                0x00000000100022cc                Cy_OnResetUser
                0x00000000100022ce                cy_toolchain_init
                0x00000000100022d0                Reset_Handler
                0x0000000010002340                lpcomp_interrupt_IRQHandler
                0x0000000010002340                cpuss_interrupts_dw0_5_IRQHandler
                0x0000000010002340                cpuss_interrupts_ipc_6_IRQHandler
                0x0000000010002340                DebugMon_Handler
                0x0000000010002340                tcpwm_1_interrupts_11_IRQHandler
                0x0000000010002340                cpuss_interrupts_ipc_0_IRQHandler
                0x0000000010002340                tcpwm_1_interrupts_15_IRQHandler
                0x0000000010002340                tcpwm_1_interrupts_13_IRQHandler
                0x0000000010002340                cpuss_interrupts_dw1_8_IRQHandler
                0x0000000010002340                tcpwm_0_interrupts_0_IRQHandler
                0x0000000010002340                cpuss_interrupt_fm_IRQHandler
                0x0000000010002340                cpuss_interrupts_ipc_7_IRQHandler
                0x0000000010002340                tcpwm_1_interrupts_14_IRQHandler
                0x0000000010002340                cpuss_interrupts_dw0_11_IRQHandler
                0x0000000010002340                tcpwm_1_interrupts_9_IRQHandler
                0x0000000010002340                cpuss_interrupts_cm0_cti_1_IRQHandler
                0x0000000010002340                tcpwm_1_interrupts_22_IRQHandler
                0x0000000010002340                cpuss_interrupts_dw0_4_IRQHandler
                0x0000000010002340                NMI_Handler
                0x0000000010002340                cpuss_interrupts_dw1_12_IRQHandler
                0x0000000010002340                tcpwm_1_interrupts_12_IRQHandler
                0x0000000010002340                smif_interrupt_IRQHandler
                0x0000000010002340                tcpwm_1_interrupts_2_IRQHandler
                0x0000000010002340                cpuss_interrupts_ipc_13_IRQHandler
                0x0000000010002340                udb_interrupts_11_IRQHandler
                0x0000000010002340                tcpwm_1_interrupts_18_IRQHandler
                0x0000000010002340                tcpwm_0_interrupts_2_IRQHandler
                0x0000000010002340                cpuss_interrupts_dw0_13_IRQHandler
                0x0000000010002340                udb_interrupts_2_IRQHandler
                0x0000000010002340                cpuss_interrupts_dw1_7_IRQHandler
                0x0000000010002340                ioss_interrupts_gpio_1_IRQHandler
                0x0000000010002340                ioss_interrupts_gpio_7_IRQHandler
                0x0000000010002340                scb_5_interrupt_IRQHandler
                0x0000000010002340                udb_interrupts_6_IRQHandler
                0x0000000010002340                cpuss_interrupts_fault_1_IRQHandler
                0x0000000010002340                cpuss_interrupts_ipc_4_IRQHandler
                0x0000000010002340                cpuss_interrupts_ipc_5_IRQHandler
                0x0000000010002340                cpuss_interrupts_dw1_10_IRQHandler
                0x0000000010002340                udb_interrupts_0_IRQHandler
                0x0000000010002340                tcpwm_1_interrupts_6_IRQHandler
                0x0000000010002340                scb_4_interrupt_IRQHandler
                0x0000000010002340                pass_interrupt_dacs_IRQHandler
                0x0000000010002340                ioss_interrupts_gpio_2_IRQHandler
                0x0000000010002340                cpuss_interrupts_dw1_9_IRQHandler
                0x0000000010002340                cpuss_interrupts_dw1_13_IRQHandler
                0x0000000010002340                scb_2_interrupt_IRQHandler
                0x0000000010002340                udb_interrupts_5_IRQHandler
                0x0000000010002340                srss_interrupt_IRQHandler
                0x0000000010002340                udb_interrupts_12_IRQHandler
                0x0000000010002340                scb_0_interrupt_IRQHandler
                0x0000000010002340                csd_interrupt_IRQHandler
                0x0000000010002340                udb_interrupts_1_IRQHandler
                0x0000000010002340                profile_interrupt_IRQHandler
                0x0000000010002340                tcpwm_1_interrupts_1_IRQHandler
                0x0000000010002340                cpuss_interrupts_ipc_12_IRQHandler
                0x0000000010002340                tcpwm_1_interrupts_3_IRQHandler
                0x0000000010002340                tcpwm_0_interrupts_7_IRQHandler
                0x0000000010002340                cpuss_interrupts_dw1_1_IRQHandler
                0x0000000010002340                cpuss_interrupts_dw1_0_IRQHandler
                0x0000000010002340                cpuss_interrupts_dw0_9_IRQHandler
                0x0000000010002340                tcpwm_1_interrupts_23_IRQHandler
                0x0000000010002340                udb_interrupts_4_IRQHandler
                0x0000000010002340                tcpwm_1_interrupts_20_IRQHandler
                0x0000000010002340                ioss_interrupt_gpio_IRQHandler
                0x0000000010002340                tcpwm_0_interrupts_1_IRQHandler
                0x0000000010002340                ioss_interrupts_gpio_8_IRQHandler
                0x0000000010002340                tcpwm_0_interrupts_6_IRQHandler
                0x0000000010002340                scb_7_interrupt_IRQHandler
                0x0000000010002340                tcpwm_1_interrupts_7_IRQHandler
                0x0000000010002340                cpuss_interrupts_ipc_11_IRQHandler
                0x0000000010002340                udb_interrupts_13_IRQHandler
                0x0000000010002340                cpuss_interrupts_dw0_15_IRQHandler
                0x0000000010002340                udb_interrupts_7_IRQHandler
                0x0000000010002340                cpuss_interrupts_dw1_6_IRQHandler
                0x0000000010002340                cpuss_interrupt_crypto_IRQHandler
                0x0000000010002340                scb_1_interrupt_IRQHandler
                0x0000000010002340                Default_Handler
                0x0000000010002340                usb_interrupt_hi_IRQHandler
                0x0000000010002340                tcpwm_1_interrupts_0_IRQHandler
                0x0000000010002340                udb_interrupts_9_IRQHandler
                0x0000000010002340                audioss_interrupt_pdm_IRQHandler
                0x0000000010002340                srss_interrupt_mcwdt_0_IRQHandler
                0x0000000010002340                scb_3_interrupt_IRQHandler
                0x0000000010002340                pass_interrupt_ctbs_IRQHandler
                0x0000000010002340                udb_interrupts_8_IRQHandler
                0x0000000010002340                ioss_interrupts_gpio_3_IRQHandler
                0x0000000010002340                scb_6_interrupt_IRQHandler
                0x0000000010002340                cpuss_interrupts_cm4_cti_0_IRQHandler
                0x0000000010002340                cpuss_interrupts_dw1_3_IRQHandler
                0x0000000010002340                pass_interrupt_sar_IRQHandler
                0x0000000010002340                ioss_interrupts_gpio_0_IRQHandler
                0x0000000010002340                ioss_interrupts_gpio_14_IRQHandler
                0x0000000010002340                tcpwm_0_interrupts_4_IRQHandler
                0x0000000010002340                udb_interrupts_3_IRQHandler
                0x0000000010002340                tcpwm_0_interrupts_5_IRQHandler
                0x0000000010002340                cpuss_interrupts_ipc_15_IRQHandler
                0x0000000010002340                cpuss_interrupts_cm4_cti_1_IRQHandler
                0x0000000010002340                scb_8_interrupt_IRQHandler
                0x0000000010002340                srss_interrupt_mcwdt_1_IRQHandler
                0x0000000010002340                cpuss_interrupts_dw1_5_IRQHandler
                0x0000000010002340                cpuss_interrupts_ipc_1_IRQHandler
                0x0000000010002340                cpuss_interrupts_dw0_0_IRQHandler
                0x0000000010002340                ioss_interrupts_gpio_12_IRQHandler
                0x0000000010002340                cpuss_interrupts_ipc_3_IRQHandler
                0x0000000010002340                tcpwm_1_interrupts_17_IRQHandler
                0x0000000010002340                srss_interrupt_backup_IRQHandler
                0x0000000010002340                bless_interrupt_IRQHandler
                0x0000000010002340                cpuss_interrupts_ipc_10_IRQHandler
                0x0000000010002340                cpuss_interrupts_ipc_9_IRQHandler
                0x0000000010002340                cpuss_interrupts_dw0_14_IRQHandler
                0x0000000010002340                tcpwm_1_interrupts_4_IRQHandler
                0x0000000010002340                tcpwm_0_interrupts_3_IRQHandler
                0x0000000010002340                cpuss_interrupts_dw1_15_IRQHandler
                0x0000000010002340                ioss_interrupts_gpio_10_IRQHandler
                0x0000000010002340                udb_interrupts_10_IRQHandler
                0x0000000010002340                cpuss_interrupts_dw0_8_IRQHandler
                0x0000000010002340                ioss_interrupts_gpio_11_IRQHandler
                0x0000000010002340                cpuss_interrupts_ipc_14_IRQHandler
                0x0000000010002340                ioss_interrupts_gpio_5_IRQHandler
                0x0000000010002340                ioss_interrupts_gpio_4_IRQHandler
                0x0000000010002340                tcpwm_1_interrupts_8_IRQHandler
                0x0000000010002340                cpuss_interrupts_dw1_14_IRQHandler
                0x0000000010002340                usb_interrupt_med_IRQHandler
                0x0000000010002340                cpuss_interrupts_dw0_2_IRQHandler
                0x0000000010002340                tcpwm_1_interrupts_10_IRQHandler
                0x0000000010002340                cpuss_interrupts_fault_0_IRQHandler
                0x0000000010002340                cpuss_interrupts_dw0_12_IRQHandler
                0x0000000010002340                ioss_interrupts_gpio_6_IRQHandler
                0x0000000010002340                tcpwm_1_interrupts_21_IRQHandler
                0x0000000010002340                tcpwm_1_interrupts_16_IRQHandler
                0x0000000010002340                cpuss_interrupts_dw1_4_IRQHandler
                0x0000000010002340                udb_interrupts_15_IRQHandler
                0x0000000010002340                cpuss_interrupts_dw1_11_IRQHandler
                0x0000000010002340                cpuss_interrupts_dw0_6_IRQHandler
                0x0000000010002340                ioss_interrupt_vdd_IRQHandler
                0x0000000010002340                audioss_interrupt_i2s_IRQHandler
                0x0000000010002340                tcpwm_1_interrupts_5_IRQHandler
                0x0000000010002340                cpuss_interrupts_ipc_2_IRQHandler
                0x0000000010002340                cpuss_interrupts_dw0_10_IRQHandler
                0x0000000010002340                tcpwm_1_interrupts_19_IRQHandler
                0x0000000010002340                cpuss_interrupts_dw0_1_IRQHandler
                0x0000000010002340                ioss_interrupts_gpio_9_IRQHandler
                0x0000000010002340                usb_interrupt_lo_IRQHandler
                0x0000000010002340                cpuss_interrupts_ipc_8_IRQHandler
                0x0000000010002340                udb_interrupts_14_IRQHandler
                0x0000000010002340                cpuss_interrupts_dw0_7_IRQHandler
                0x0000000010002340                cpuss_interrupts_dw1_2_IRQHandler
                0x0000000010002340                cpuss_interrupts_cm0_cti_0_IRQHandler
                0x0000000010002340                ioss_interrupts_gpio_13_IRQHandler
                0x0000000010002340                cpuss_interrupts_dw0_3_IRQHandler
                0x0000000010002344                HardFault_Handler
                0x0000000010002344                UsageFault_Handler
                0x0000000010002344                MemManage_Handler
                0x0000000010002344                BusFault_Handler
 .text          0x0000000010002360       0x20 /home/marusia/mtw/CapSense_Buttons_and_Slider_FreeRTOS/build/CY8CKIT-062-BLE/Debug/libs/psoc6pdl/drivers/source/TOOLCHAIN_GCC_ARM/cy_syslib_gcc.o
                0x0000000010002360                Cy_SysLib_DelayCycles
                0x0000000010002372                Cy_SysLib_EnterCriticalSection
                0x000000001000237a                Cy_SysLib_ExitCriticalSection
 .text.handle_error
                0x0000000010002380        0x6 /home/marusia/mtw/CapSense_Buttons_and_Slider_FreeRTOS/build/CY8CKIT-062-BLE/Debug/helpers.o
                0x0000000010002380                handle_error
 *fill*         0x0000000010002386        0x2 
 .text.led2_timer_callback
                0x0000000010002388       0x38 /home/marusia/mtw/CapSense_Buttons_and_Slider_FreeRTOS/build/CY8CKIT-062-BLE/Debug/led2_task.o
 .text.task_capsense
                0x00000000100023c0       0x98 /home/marusia/mtw/CapSense_Buttons_and_Slider_FreeRTOS/build/CY8CKIT-062-BLE/Debug/led2_task.o
                0x00000000100023c0                task_capsense
 .text.led1_timer_callback
                0x0000000010002458       0x38 /home/marusia/mtw/CapSense_Buttons_and_Slider_FreeRTOS/build/CY8CKIT-062-BLE/Debug/led_task.o
 .text.task_led
                0x0000000010002490       0x84 /home/marusia/mtw/CapSense_Buttons_and_Slider_FreeRTOS/build/CY8CKIT-062-BLE/Debug/led_task.o
                0x0000000010002490                task_led
 .text.init_cycfg_all
                0x0000000010002514       0x18 /home/marusia/mtw/CapSense_Buttons_and_Slider_FreeRTOS/build/CY8CKIT-062-BLE/Debug/libs/TARGET_CY8CKIT-062-BLE/COMPONENT_BSP_DESIGN_MODUS/GeneratedSource/cycfg.o
                0x0000000010002514                init_cycfg_all
 .text.init_cycfg_clocks
                0x000000001000252c       0x54 /home/marusia/mtw/CapSense_Buttons_and_Slider_FreeRTOS/build/CY8CKIT-062-BLE/Debug/libs/TARGET_CY8CKIT-062-BLE/COMPONENT_BSP_DESIGN_MODUS/GeneratedSource/cycfg_clocks.o
                0x000000001000252c                init_cycfg_clocks
 .text.init_cycfg_peripherals
                0x0000000010002580       0x28 /home/marusia/mtw/CapSense_Buttons_and_Slider_FreeRTOS/build/CY8CKIT-062-BLE/Debug/libs/TARGET_CY8CKIT-062-BLE/COMPONENT_BSP_DESIGN_MODUS/GeneratedSource/cycfg_peripherals.o
                0x0000000010002580                init_cycfg_peripherals
 .text.init_cycfg_pins
                0x00000000100025a8       0xf4 /home/marusia/mtw/CapSense_Buttons_and_Slider_FreeRTOS/build/CY8CKIT-062-BLE/Debug/libs/TARGET_CY8CKIT-062-BLE/COMPONENT_BSP_DESIGN_MODUS/GeneratedSource/cycfg_pins.o
                0x00000000100025a8                init_cycfg_pins
 .text.init_cycfg_routing
                0x000000001000269c       0x18 /home/marusia/mtw/CapSense_Buttons_and_Slider_FreeRTOS/build/CY8CKIT-062-BLE/Debug/libs/TARGET_CY8CKIT-062-BLE/COMPONENT_BSP_DESIGN_MODUS/GeneratedSource/cycfg_routing.o
                0x000000001000269c                init_cycfg_routing
 .text.cycfg_ClockStartupError
                0x00000000100026b4        0x2 /home/marusia/mtw/CapSense_Buttons_and_Slider_FreeRTOS/build/CY8CKIT-062-BLE/Debug/libs/TARGET_CY8CKIT-062-BLE/COMPONENT_BSP_DESIGN_MODUS/GeneratedSource/cycfg_system.o
                0x00000000100026b4                cycfg_ClockStartupError
 *fill*         0x00000000100026b6        0x2 
 .text.init_cycfg_system
                0x00000000100026b8      0x4e0 /home/marusia/mtw/CapSense_Buttons_and_Slider_FreeRTOS/build/CY8CKIT-062-BLE/Debug/libs/TARGET_CY8CKIT-062-BLE/COMPONENT_BSP_DESIGN_MODUS/GeneratedSource/cycfg_system.o
                0x00000000100026b8                init_cycfg_system
 .text.cybsp_register_sysclk_pm_callback
                0x0000000010002b98       0x1c /home/marusia/mtw/CapSense_Buttons_and_Slider_FreeRTOS/build/CY8CKIT-062-BLE/Debug/libs/TARGET_CY8CKIT-062-BLE/cybsp.o
 .text.cybsp_init
                0x0000000010002bb4       0x1a /home/marusia/mtw/CapSense_Buttons_and_Slider_FreeRTOS/build/CY8CKIT-062-BLE/Debug/libs/TARGET_CY8CKIT-062-BLE/cybsp.o
                0x0000000010002bb4                cybsp_init
 .text.Cy_SysIpcPipeIsrCm4
                0x0000000010002bce        0xa /home/marusia/mtw/CapSense_Buttons_and_Slider_FreeRTOS/build/CY8CKIT-062-BLE/Debug/libs/TARGET_CY8CKIT-062-BLE/startup/system_psoc6_cm4.o
                0x0000000010002bce                Cy_SysIpcPipeIsrCm4
 .text.Cy_SystemInit
                0x0000000010002bd8        0x2 /home/marusia/mtw/CapSense_Buttons_and_Slider_FreeRTOS/build/CY8CKIT-062-BLE/Debug/libs/TARGET_CY8CKIT-062-BLE/startup/system_psoc6_cm4.o
                0x0000000010002bd8                Cy_SystemInit
 *fill*         0x0000000010002bda        0x2 
 .text.SystemCoreClockUpdate
                0x0000000010002bdc      0x1c8 /home/marusia/mtw/CapSense_Buttons_and_Slider_FreeRTOS/build/CY8CKIT-062-BLE/Debug/libs/TARGET_CY8CKIT-062-BLE/startup/system_psoc6_cm4.o
                0x0000000010002bdc                SystemCoreClockUpdate
 .text.SystemInit
                0x0000000010002da4       0x48 /home/marusia/mtw/CapSense_Buttons_and_Slider_FreeRTOS/build/CY8CKIT-062-BLE/Debug/libs/TARGET_CY8CKIT-062-BLE/startup/system_psoc6_cm4.o
                0x0000000010002da4                SystemInit
 .text.Cy_SystemInitFpuEnable
                0x0000000010002dec       0x28 /home/marusia/mtw/CapSense_Buttons_and_Slider_FreeRTOS/build/CY8CKIT-062-BLE/Debug/libs/TARGET_CY8CKIT-062-BLE/startup/system_psoc6_cm4.o
                0x0000000010002dec                Cy_SystemInitFpuEnable
 .text.vListInitialise
                0x0000000010002e14       0x16 /home/marusia/mtw/CapSense_Buttons_and_Slider_FreeRTOS/build/CY8CKIT-062-BLE/Debug/libs/freertos/Source/list.o
                0x0000000010002e14                vListInitialise
 .text.vListInitialiseItem
                0x0000000010002e2a        0x6 /home/marusia/mtw/CapSense_Buttons_and_Slider_FreeRTOS/build/CY8CKIT-062-BLE/Debug/libs/freertos/Source/list.o
                0x0000000010002e2a                vListInitialiseItem
 .text.vListInsertEnd
                0x0000000010002e30       0x18 /home/marusia/mtw/CapSense_Buttons_and_Slider_FreeRTOS/build/CY8CKIT-062-BLE/Debug/libs/freertos/Source/list.o
                0x0000000010002e30                vListInsertEnd
 .text.vListInsert
                0x0000000010002e48       0x34 /home/marusia/mtw/CapSense_Buttons_and_Slider_FreeRTOS/build/CY8CKIT-062-BLE/Debug/libs/freertos/Source/list.o
                0x0000000010002e48                vListInsert
 .text.uxListRemove
                0x0000000010002e7c       0x28 /home/marusia/mtw/CapSense_Buttons_and_Slider_FreeRTOS/build/CY8CKIT-062-BLE/Debug/libs/freertos/Source/list.o
                0x0000000010002e7c                uxListRemove
 .text.prvHeapInit
                0x0000000010002ea4       0x64 /home/marusia/mtw/CapSense_Buttons_and_Slider_FreeRTOS/build/CY8CKIT-062-BLE/Debug/libs/freertos/Source/portable/MemMang/heap_4.o
 .text.prvInsertBlockIntoFreeList
                0x0000000010002f08       0x58 /home/marusia/mtw/CapSense_Buttons_and_Slider_FreeRTOS/build/CY8CKIT-062-BLE/Debug/libs/freertos/Source/portable/MemMang/heap_4.o
 .text.pvPortMalloc
                0x0000000010002f60      0x108 /home/marusia/mtw/CapSense_Buttons_and_Slider_FreeRTOS/build/CY8CKIT-062-BLE/Debug/libs/freertos/Source/portable/MemMang/heap_4.o
                0x0000000010002f60                pvPortMalloc
 .text.vPortFree
                0x0000000010003068       0x70 /home/marusia/mtw/CapSense_Buttons_and_Slider_FreeRTOS/build/CY8CKIT-062-BLE/Debug/libs/freertos/Source/portable/MemMang/heap_4.o
                0x0000000010003068                vPortFree
 .text.prvTaskExitError
                0x00000000100030d8       0x40 /home/marusia/mtw/CapSense_Buttons_and_Slider_FreeRTOS/build/CY8CKIT-062-BLE/Debug/libs/freertos/Source/portable/TOOLCHAIN_GCC_ARM/CM4F/port.o
 .text.prvPortStartFirstTask
                0x0000000010003118       0x28 /home/marusia/mtw/CapSense_Buttons_and_Slider_FreeRTOS/build/CY8CKIT-062-BLE/Debug/libs/freertos/Source/portable/TOOLCHAIN_GCC_ARM/CM4F/port.o
 .text.vPortEnableVFP
                0x0000000010003140       0x14 /home/marusia/mtw/CapSense_Buttons_and_Slider_FreeRTOS/build/CY8CKIT-062-BLE/Debug/libs/freertos/Source/portable/TOOLCHAIN_GCC_ARM/CM4F/port.o
 .text.pxPortInitialiseStack
                0x0000000010003154       0x2c /home/marusia/mtw/CapSense_Buttons_and_Slider_FreeRTOS/build/CY8CKIT-062-BLE/Debug/libs/freertos/Source/portable/TOOLCHAIN_GCC_ARM/CM4F/port.o
                0x0000000010003154                pxPortInitialiseStack
 .text.SVC_Handler
                0x0000000010003180       0x24 /home/marusia/mtw/CapSense_Buttons_and_Slider_FreeRTOS/build/CY8CKIT-062-BLE/Debug/libs/freertos/Source/portable/TOOLCHAIN_GCC_ARM/CM4F/port.o
                0x0000000010003180                SVC_Handler
 .text.vPortEnterCritical
                0x00000000100031a4       0x44 /home/marusia/mtw/CapSense_Buttons_and_Slider_FreeRTOS/build/CY8CKIT-062-BLE/Debug/libs/freertos/Source/portable/TOOLCHAIN_GCC_ARM/CM4F/port.o
                0x00000000100031a4                vPortEnterCritical
 .text.vPortExitCritical
                0x00000000100031e8       0x2c /home/marusia/mtw/CapSense_Buttons_and_Slider_FreeRTOS/build/CY8CKIT-062-BLE/Debug/libs/freertos/Source/portable/TOOLCHAIN_GCC_ARM/CM4F/port.o
                0x00000000100031e8                vPortExitCritical
 *fill*         0x0000000010003214        0xc 
 .text.PendSV_Handler
                0x0000000010003220       0x64 /home/marusia/mtw/CapSense_Buttons_and_Slider_FreeRTOS/build/CY8CKIT-062-BLE/Debug/libs/freertos/Source/portable/TOOLCHAIN_GCC_ARM/CM4F/port.o
                0x0000000010003220                PendSV_Handler
 .text.SysTick_Handler
                0x0000000010003284       0x2c /home/marusia/mtw/CapSense_Buttons_and_Slider_FreeRTOS/build/CY8CKIT-062-BLE/Debug/libs/freertos/Source/portable/TOOLCHAIN_GCC_ARM/CM4F/port.o
                0x0000000010003284                SysTick_Handler
 .text.vPortSetupTimerInterrupt
                0x00000000100032b0       0x38 /home/marusia/mtw/CapSense_Buttons_and_Slider_FreeRTOS/build/CY8CKIT-062-BLE/Debug/libs/freertos/Source/portable/TOOLCHAIN_GCC_ARM/CM4F/port.o
                0x00000000100032b0                vPortSetupTimerInterrupt
 .text.xPortStartScheduler
                0x00000000100032e8       0xcc /home/marusia/mtw/CapSense_Buttons_and_Slider_FreeRTOS/build/CY8CKIT-062-BLE/Debug/libs/freertos/Source/portable/TOOLCHAIN_GCC_ARM/CM4F/port.o
                0x00000000100032e8                xPortStartScheduler
 .text.vPortValidateInterruptPriority
                0x00000000100033b4       0x5c /home/marusia/mtw/CapSense_Buttons_and_Slider_FreeRTOS/build/CY8CKIT-062-BLE/Debug/libs/freertos/Source/portable/TOOLCHAIN_GCC_ARM/CM4F/port.o
                0x00000000100033b4                vPortValidateInterruptPriority
 .text.vApplicationStackOverflowHook
                0x0000000010003410       0x24 /home/marusia/mtw/CapSense_Buttons_and_Slider_FreeRTOS/build/CY8CKIT-062-BLE/Debug/libs/freertos/Source/portable/TOOLCHAIN_GCC_ARM/CM4F/port.o
                0x0000000010003410                vApplicationStackOverflowHook
 .text.prvIsQueueFull
                0x0000000010003434       0x1e /home/marusia/mtw/CapSense_Buttons_and_Slider_FreeRTOS/build/CY8CKIT-062-BLE/Debug/libs/freertos/Source/queue.o
 .text.prvIsQueueEmpty
                0x0000000010003452       0x1a /home/marusia/mtw/CapSense_Buttons_and_Slider_FreeRTOS/build/CY8CKIT-062-BLE/Debug/libs/freertos/Source/queue.o
 .text.prvCopyDataToQueue
                0x000000001000346c       0x58 /home/marusia/mtw/CapSense_Buttons_and_Slider_FreeRTOS/build/CY8CKIT-062-BLE/Debug/libs/freertos/Source/queue.o
 .text.prvCopyDataFromQueue
                0x00000000100034c4       0x24 /home/marusia/mtw/CapSense_Buttons_and_Slider_FreeRTOS/build/CY8CKIT-062-BLE/Debug/libs/freertos/Source/queue.o
 .text.prvUnlockQueue
                0x00000000100034e8       0x6e /home/marusia/mtw/CapSense_Buttons_and_Slider_FreeRTOS/build/CY8CKIT-062-BLE/Debug/libs/freertos/Source/queue.o
 *fill*         0x0000000010003556        0x2 
 .text.xQueueGenericReset
                0x0000000010003558       0x84 /home/marusia/mtw/CapSense_Buttons_and_Slider_FreeRTOS/build/CY8CKIT-062-BLE/Debug/libs/freertos/Source/queue.o
                0x0000000010003558                xQueueGenericReset
 .text.prvInitialiseNewQueue
                0x00000000100035dc       0x1c /home/marusia/mtw/CapSense_Buttons_and_Slider_FreeRTOS/build/CY8CKIT-062-BLE/Debug/libs/freertos/Source/queue.o
 .text.xQueueGenericCreate
                0x00000000100035f8       0x48 /home/marusia/mtw/CapSense_Buttons_and_Slider_FreeRTOS/build/CY8CKIT-062-BLE/Debug/libs/freertos/Source/queue.o
                0x00000000100035f8                xQueueGenericCreate
 .text.xQueueGenericSend
                0x0000000010003640      0x17c /home/marusia/mtw/CapSense_Buttons_and_Slider_FreeRTOS/build/CY8CKIT-062-BLE/Debug/libs/freertos/Source/queue.o
                0x0000000010003640                xQueueGenericSend
 .text.xQueueGenericSendFromISR
                0x00000000100037bc       0xcc /home/marusia/mtw/CapSense_Buttons_and_Slider_FreeRTOS/build/CY8CKIT-062-BLE/Debug/libs/freertos/Source/queue.o
                0x00000000100037bc                xQueueGenericSendFromISR
 .text.xQueueReceive
                0x0000000010003888      0x158 /home/marusia/mtw/CapSense_Buttons_and_Slider_FreeRTOS/build/CY8CKIT-062-BLE/Debug/libs/freertos/Source/queue.o
                0x0000000010003888                xQueueReceive
 .text.vQueueAddToRegistry
                0x00000000100039e0       0x28 /home/marusia/mtw/CapSense_Buttons_and_Slider_FreeRTOS/build/CY8CKIT-062-BLE/Debug/libs/freertos/Source/queue.o
                0x00000000100039e0                vQueueAddToRegistry
 .text.vQueueWaitForMessageRestricted
                0x0000000010003a08       0x52 /home/marusia/mtw/CapSense_Buttons_and_Slider_FreeRTOS/build/CY8CKIT-062-BLE/Debug/libs/freertos/Source/queue.o
                0x0000000010003a08                vQueueWaitForMessageRestricted
 *fill*         0x0000000010003a5a        0x2 
 .text.prvResetNextTaskUnblockTime
                0x0000000010003a5c       0x2c /home/marusia/mtw/CapSense_Buttons_and_Slider_FreeRTOS/build/CY8CKIT-062-BLE/Debug/libs/freertos/Source/tasks.o
 .text.prvDeleteTCB
                0x0000000010003a88       0x12 /home/marusia/mtw/CapSense_Buttons_and_Slider_FreeRTOS/build/CY8CKIT-062-BLE/Debug/libs/freertos/Source/tasks.o
 .text.prvInitialiseNewTask
                0x0000000010003a9a       0x9e /home/marusia/mtw/CapSense_Buttons_and_Slider_FreeRTOS/build/CY8CKIT-062-BLE/Debug/libs/freertos/Source/tasks.o
 .text.prvInitialiseTaskLists
                0x0000000010003b38       0x68 /home/marusia/mtw/CapSense_Buttons_and_Slider_FreeRTOS/build/CY8CKIT-062-BLE/Debug/libs/freertos/Source/tasks.o
 .text.prvAddNewTaskToReadyList
                0x0000000010003ba0       0xa8 /home/marusia/mtw/CapSense_Buttons_and_Slider_FreeRTOS/build/CY8CKIT-062-BLE/Debug/libs/freertos/Source/tasks.o
 .text.prvCheckTasksWaitingTermination
                0x0000000010003c48       0x4c /home/marusia/mtw/CapSense_Buttons_and_Slider_FreeRTOS/build/CY8CKIT-062-BLE/Debug/libs/freertos/Source/tasks.o
 .text.prvIdleTask
                0x0000000010003c94       0x28 /home/marusia/mtw/CapSense_Buttons_and_Slider_FreeRTOS/build/CY8CKIT-062-BLE/Debug/libs/freertos/Source/tasks.o
 .text.prvAddCurrentTaskToDelayedList
                0x0000000010003cbc       0x7c /home/marusia/mtw/CapSense_Buttons_and_Slider_FreeRTOS/build/CY8CKIT-062-BLE/Debug/libs/freertos/Source/tasks.o
 .text.xTaskCreate
                0x0000000010003d38       0x62 /home/marusia/mtw/CapSense_Buttons_and_Slider_FreeRTOS/build/CY8CKIT-062-BLE/Debug/libs/freertos/Source/tasks.o
                0x0000000010003d38                xTaskCreate
 *fill*         0x0000000010003d9a        0x2 
 .text.vTaskStartScheduler
                0x0000000010003d9c       0x84 /home/marusia/mtw/CapSense_Buttons_and_Slider_FreeRTOS/build/CY8CKIT-062-BLE/Debug/libs/freertos/Source/tasks.o
                0x0000000010003d9c                vTaskStartScheduler
 .text.vTaskSuspendAll
                0x0000000010003e20       0x10 /home/marusia/mtw/CapSense_Buttons_and_Slider_FreeRTOS/build/CY8CKIT-062-BLE/Debug/libs/freertos/Source/tasks.o
                0x0000000010003e20                vTaskSuspendAll
 .text.xTaskGetTickCount
                0x0000000010003e30        0xc /home/marusia/mtw/CapSense_Buttons_and_Slider_FreeRTOS/build/CY8CKIT-062-BLE/Debug/libs/freertos/Source/tasks.o
                0x0000000010003e30                xTaskGetTickCount
 .text.xTaskIncrementTick
                0x0000000010003e3c      0x100 /home/marusia/mtw/CapSense_Buttons_and_Slider_FreeRTOS/build/CY8CKIT-062-BLE/Debug/libs/freertos/Source/tasks.o
                0x0000000010003e3c                xTaskIncrementTick
 .text.xTaskResumeAll
                0x0000000010003f3c       0xf4 /home/marusia/mtw/CapSense_Buttons_and_Slider_FreeRTOS/build/CY8CKIT-062-BLE/Debug/libs/freertos/Source/tasks.o
                0x0000000010003f3c                xTaskResumeAll
 .text.vTaskSwitchContext
                0x0000000010004030       0xc8 /home/marusia/mtw/CapSense_Buttons_and_Slider_FreeRTOS/build/CY8CKIT-062-BLE/Debug/libs/freertos/Source/tasks.o
                0x0000000010004030                vTaskSwitchContext
 .text.vTaskPlaceOnEventList
                0x00000000100040f8       0x30 /home/marusia/mtw/CapSense_Buttons_and_Slider_FreeRTOS/build/CY8CKIT-062-BLE/Debug/libs/freertos/Source/tasks.o
                0x00000000100040f8                vTaskPlaceOnEventList
 .text.vTaskPlaceOnEventListRestricted
                0x0000000010004128       0x38 /home/marusia/mtw/CapSense_Buttons_and_Slider_FreeRTOS/build/CY8CKIT-062-BLE/Debug/libs/freertos/Source/tasks.o
                0x0000000010004128                vTaskPlaceOnEventListRestricted
 .text.xTaskRemoveFromEventList
                0x0000000010004160       0x8c /home/marusia/mtw/CapSense_Buttons_and_Slider_FreeRTOS/build/CY8CKIT-062-BLE/Debug/libs/freertos/Source/tasks.o
                0x0000000010004160                xTaskRemoveFromEventList
 .text.vTaskInternalSetTimeOutState
                0x00000000100041ec       0x18 /home/marusia/mtw/CapSense_Buttons_and_Slider_FreeRTOS/build/CY8CKIT-062-BLE/Debug/libs/freertos/Source/tasks.o
                0x00000000100041ec                vTaskInternalSetTimeOutState
 .text.xTaskCheckForTimeOut
                0x0000000010004204       0x80 /home/marusia/mtw/CapSense_Buttons_and_Slider_FreeRTOS/build/CY8CKIT-062-BLE/Debug/libs/freertos/Source/tasks.o
                0x0000000010004204                xTaskCheckForTimeOut
 .text.vTaskMissedYield
                0x0000000010004284        0xc /home/marusia/mtw/CapSense_Buttons_and_Slider_FreeRTOS/build/CY8CKIT-062-BLE/Debug/libs/freertos/Source/tasks.o
                0x0000000010004284                vTaskMissedYield
 .text.xTaskGetSchedulerState
                0x0000000010004290       0x20 /home/marusia/mtw/CapSense_Buttons_and_Slider_FreeRTOS/build/CY8CKIT-062-BLE/Debug/libs/freertos/Source/tasks.o
                0x0000000010004290                xTaskGetSchedulerState
 .text.prvGetNextExpireTime
                0x00000000100042b0       0x20 /home/marusia/mtw/CapSense_Buttons_and_Slider_FreeRTOS/build/CY8CKIT-062-BLE/Debug/libs/freertos/Source/timers.o
 .text.prvInsertTimerInActiveList
                0x00000000100042d0       0x48 /home/marusia/mtw/CapSense_Buttons_and_Slider_FreeRTOS/build/CY8CKIT-062-BLE/Debug/libs/freertos/Source/timers.o
 .text.prvCheckForValidListAndQueue
                0x0000000010004318       0x5c /home/marusia/mtw/CapSense_Buttons_and_Slider_FreeRTOS/build/CY8CKIT-062-BLE/Debug/libs/freertos/Source/timers.o
 .text.prvInitialiseNewTimer
                0x0000000010004374       0x40 /home/marusia/mtw/CapSense_Buttons_and_Slider_FreeRTOS/build/CY8CKIT-062-BLE/Debug/libs/freertos/Source/timers.o
 .text.xTimerCreateTimerTask
                0x00000000100043b4       0x4c /home/marusia/mtw/CapSense_Buttons_and_Slider_FreeRTOS/build/CY8CKIT-062-BLE/Debug/libs/freertos/Source/timers.o
                0x00000000100043b4                xTimerCreateTimerTask
 .text.xTimerCreate
                0x0000000010004400       0x32 /home/marusia/mtw/CapSense_Buttons_and_Slider_FreeRTOS/build/CY8CKIT-062-BLE/Debug/libs/freertos/Source/timers.o
                0x0000000010004400                xTimerCreate
 *fill*         0x0000000010004432        0x2 
 .text.xTimerGenericCommand
                0x0000000010004434       0x6c /home/marusia/mtw/CapSense_Buttons_and_Slider_FreeRTOS/build/CY8CKIT-062-BLE/Debug/libs/freertos/Source/timers.o
                0x0000000010004434                xTimerGenericCommand
 .text.prvSwitchTimerLists
                0x00000000100044a0       0x78 /home/marusia/mtw/CapSense_Buttons_and_Slider_FreeRTOS/build/CY8CKIT-062-BLE/Debug/libs/freertos/Source/timers.o
 .text.prvSampleTimeNow
                0x0000000010004518       0x2c /home/marusia/mtw/CapSense_Buttons_and_Slider_FreeRTOS/build/CY8CKIT-062-BLE/Debug/libs/freertos/Source/timers.o
 .text.prvProcessExpiredTimer
                0x0000000010004544       0x60 /home/marusia/mtw/CapSense_Buttons_and_Slider_FreeRTOS/build/CY8CKIT-062-BLE/Debug/libs/freertos/Source/timers.o
 .text.prvProcessTimerOrBlockTask
                0x00000000100045a4       0x74 /home/marusia/mtw/CapSense_Buttons_and_Slider_FreeRTOS/build/CY8CKIT-062-BLE/Debug/libs/freertos/Source/timers.o
 .text.prvProcessReceivedCommands
                0x0000000010004618       0xe0 /home/marusia/mtw/CapSense_Buttons_and_Slider_FreeRTOS/build/CY8CKIT-062-BLE/Debug/libs/freertos/Source/timers.o
 .text.prvTimerTask
                0x00000000100046f8       0x16 /home/marusia/mtw/CapSense_Buttons_and_Slider_FreeRTOS/build/CY8CKIT-062-BLE/Debug/libs/freertos/Source/timers.o
 .text.cyhal_gpio_convert_drive_mode
                0x000000001000470e       0x3c /home/marusia/mtw/CapSense_Buttons_and_Slider_FreeRTOS/build/CY8CKIT-062-BLE/Debug/libs/psoc6hal/src/cyhal_gpio.o
 *fill*         0x000000001000474a        0x2 
 .text.cyhal_gpio_init
                0x000000001000474c       0x88 /home/marusia/mtw/CapSense_Buttons_and_Slider_FreeRTOS/build/CY8CKIT-062-BLE/Debug/libs/psoc6hal/src/cyhal_gpio.o
                0x000000001000474c                cyhal_gpio_init
 .text.cyhal_get_bit_position
                0x00000000100047d4      0x118 /home/marusia/mtw/CapSense_Buttons_and_Slider_FreeRTOS/build/CY8CKIT-062-BLE/Debug/libs/psoc6hal/src/cyhal_hwmgr.o
 .text.cyhal_hwmgr_init
                0x00000000100048ec        0x4 /home/marusia/mtw/CapSense_Buttons_and_Slider_FreeRTOS/build/CY8CKIT-062-BLE/Debug/libs/psoc6hal/src/cyhal_hwmgr.o
                0x00000000100048ec                cyhal_hwmgr_init
 .text.cyhal_hwmgr_reserve
                0x00000000100048f0       0x88 /home/marusia/mtw/CapSense_Buttons_and_Slider_FreeRTOS/build/CY8CKIT-062-BLE/Debug/libs/psoc6hal/src/cyhal_hwmgr.o
                0x00000000100048f0                cyhal_hwmgr_reserve
 .text.cyhal_hwmgr_free
                0x0000000010004978       0x58 /home/marusia/mtw/CapSense_Buttons_and_Slider_FreeRTOS/build/CY8CKIT-062-BLE/Debug/libs/psoc6hal/src/cyhal_hwmgr.o
                0x0000000010004978                cyhal_hwmgr_free
 .text.cyhal_hwmgr_allocate_clock
                0x00000000100049d0       0x6c /home/marusia/mtw/CapSense_Buttons_and_Slider_FreeRTOS/build/CY8CKIT-062-BLE/Debug/libs/psoc6hal/src/cyhal_hwmgr.o
                0x00000000100049d0                cyhal_hwmgr_allocate_clock
 .text.cyhal_hwmgr_free_clock
                0x0000000010004a3c       0x22 /home/marusia/mtw/CapSense_Buttons_and_Slider_FreeRTOS/build/CY8CKIT-062-BLE/Debug/libs/psoc6hal/src/cyhal_hwmgr.o
                0x0000000010004a3c                cyhal_hwmgr_free_clock
 *fill*         0x0000000010004a5e        0x2 
 .text.cyhal_connect_pin
                0x0000000010004a60       0x80 /home/marusia/mtw/CapSense_Buttons_and_Slider_FreeRTOS/build/CY8CKIT-062-BLE/Debug/libs/psoc6hal/src/cyhal_interconnect.o
                0x0000000010004a60                cyhal_connect_pin
 .text.cyhal_disconnect_pin
                0x0000000010004ae0       0x38 /home/marusia/mtw/CapSense_Buttons_and_Slider_FreeRTOS/build/CY8CKIT-062-BLE/Debug/libs/psoc6hal/src/cyhal_interconnect.o
                0x0000000010004ae0                cyhal_disconnect_pin
 .text.cyhal_scb_get_block_from_irqn
                0x0000000010004b18       0x54 /home/marusia/mtw/CapSense_Buttons_and_Slider_FreeRTOS/build/CY8CKIT-062-BLE/Debug/libs/psoc6hal/src/cyhal_scb_common.o
                0x0000000010004b18                cyhal_scb_get_block_from_irqn
 .text.convert_parity
                0x0000000010004b6c       0x14 /home/marusia/mtw/CapSense_Buttons_and_Slider_FreeRTOS/build/CY8CKIT-062-BLE/Debug/libs/psoc6hal/src/cyhal_uart.o
 .text.convert_stopbits
                0x0000000010004b80       0x24 /home/marusia/mtw/CapSense_Buttons_and_Slider_FreeRTOS/build/CY8CKIT-062-BLE/Debug/libs/psoc6hal/src/cyhal_uart.o
 .text.cyhal_uart_baud_perdif
                0x0000000010004ba4       0x20 /home/marusia/mtw/CapSense_Buttons_and_Slider_FreeRTOS/build/CY8CKIT-062-BLE/Debug/libs/psoc6hal/src/cyhal_uart.o
 .text.cyhal_uart_irq_handler
                0x0000000010004bc4       0x24 /home/marusia/mtw/CapSense_Buttons_and_Slider_FreeRTOS/build/CY8CKIT-062-BLE/Debug/libs/psoc6hal/src/cyhal_uart.o
 .text.cyhal_uart_actual_baud
                0x0000000010004be8       0x34 /home/marusia/mtw/CapSense_Buttons_and_Slider_FreeRTOS/build/CY8CKIT-062-BLE/Debug/libs/psoc6hal/src/cyhal_uart.o
 .text.cyhal_uart_best_oversample
                0x0000000010004c1c       0x80 /home/marusia/mtw/CapSense_Buttons_and_Slider_FreeRTOS/build/CY8CKIT-062-BLE/Debug/libs/psoc6hal/src/cyhal_uart.o
 .text.cyhal_uart_pm_callback
                0x0000000010004c9c      0x2d8 /home/marusia/mtw/CapSense_Buttons_and_Slider_FreeRTOS/build/CY8CKIT-062-BLE/Debug/libs/psoc6hal/src/cyhal_uart.o
 .text.cyhal_uart_free
                0x0000000010004f74       0x94 /home/marusia/mtw/CapSense_Buttons_and_Slider_FreeRTOS/build/CY8CKIT-062-BLE/Debug/libs/psoc6hal/src/cyhal_uart.o
                0x0000000010004f74                cyhal_uart_free
 .text.cyhal_uart_set_baud
                0x0000000010005008      0x2dc /home/marusia/mtw/CapSense_Buttons_and_Slider_FreeRTOS/build/CY8CKIT-062-BLE/Debug/libs/psoc6hal/src/cyhal_uart.o
                0x0000000010005008                cyhal_uart_set_baud
 .text.cyhal_uart_init
                0x00000000100052e4      0x340 /home/marusia/mtw/CapSense_Buttons_and_Slider_FreeRTOS/build/CY8CKIT-062-BLE/Debug/libs/psoc6hal/src/cyhal_uart.o
                0x00000000100052e4                cyhal_uart_init
 .text.cyhal_uart_getc
                0x0000000010005624       0x3c /home/marusia/mtw/CapSense_Buttons_and_Slider_FreeRTOS/build/CY8CKIT-062-BLE/Debug/libs/psoc6hal/src/cyhal_uart.o
                0x0000000010005624                cyhal_uart_getc
 .text.cyhal_uart_putc
                0x0000000010005660       0x1a /home/marusia/mtw/CapSense_Buttons_and_Slider_FreeRTOS/build/CY8CKIT-062-BLE/Debug/libs/psoc6hal/src/cyhal_uart.o
                0x0000000010005660                cyhal_uart_putc
 .text.cyhal_utils_get_resource
                0x000000001000567a       0x22 /home/marusia/mtw/CapSense_Buttons_and_Slider_FreeRTOS/build/CY8CKIT-062-BLE/Debug/libs/psoc6hal/src/cyhal_utils.o
                0x000000001000567a                cyhal_utils_get_resource
 .text.cyhal_utils_disconnect_and_free
                0x000000001000569c       0x4e /home/marusia/mtw/CapSense_Buttons_and_Slider_FreeRTOS/build/CY8CKIT-062-BLE/Debug/libs/psoc6hal/src/cyhal_utils.o
                0x000000001000569c                cyhal_utils_disconnect_and_free
 *fill*         0x00000000100056ea        0x2 
 .text.Cy_BLE_EcoReset
                0x00000000100056ec       0x1c /home/marusia/mtw/CapSense_Buttons_and_Slider_FreeRTOS/build/CY8CKIT-062-BLE/Debug/libs/psoc6pdl/drivers/source/cy_ble_clk.o
                0x00000000100056ec                Cy_BLE_EcoReset
 .text.Cy_PDL_Init
                0x0000000010005708        0xc /home/marusia/mtw/CapSense_Buttons_and_Slider_FreeRTOS/build/CY8CKIT-062-BLE/Debug/libs/psoc6pdl/drivers/source/cy_device.o
                0x0000000010005708                Cy_PDL_Init
 .text.Cy_Flash_ProcessOpcode
                0x0000000010005714       0xa4 /home/marusia/mtw/CapSense_Buttons_and_Slider_FreeRTOS/build/CY8CKIT-062-BLE/Debug/libs/psoc6pdl/drivers/source/cy_flash.o
 .text.Cy_Flash_OperationStatus
                0x00000000100057b8       0x60 /home/marusia/mtw/CapSense_Buttons_and_Slider_FreeRTOS/build/CY8CKIT-062-BLE/Debug/libs/psoc6pdl/drivers/source/cy_flash.o
 .text.Cy_Flash_InitExt
                0x0000000010005818       0x80 /home/marusia/mtw/CapSense_Buttons_and_Slider_FreeRTOS/build/CY8CKIT-062-BLE/Debug/libs/psoc6pdl/drivers/source/cy_flash.o
                0x0000000010005818                Cy_Flash_InitExt
 .text.Cy_Flash_Init
                0x0000000010005898       0x10 /home/marusia/mtw/CapSense_Buttons_and_Slider_FreeRTOS/build/CY8CKIT-062-BLE/Debug/libs/psoc6pdl/drivers/source/cy_flash.o
                0x0000000010005898                Cy_Flash_Init
 .text.Cy_GPIO_Pin_Init
                0x00000000100058a8      0x360 /home/marusia/mtw/CapSense_Buttons_and_Slider_FreeRTOS/build/CY8CKIT-062-BLE/Debug/libs/psoc6pdl/drivers/source/cy_gpio.o
                0x00000000100058a8                Cy_GPIO_Pin_Init
 .text.Cy_GPIO_Pin_FastInit
                0x0000000010005c08       0xfc /home/marusia/mtw/CapSense_Buttons_and_Slider_FreeRTOS/build/CY8CKIT-062-BLE/Debug/libs/psoc6pdl/drivers/source/cy_gpio.o
                0x0000000010005c08                Cy_GPIO_Pin_FastInit
 .text.Cy_IPC_Drv_LockRelease
                0x0000000010005d04       0x40 /home/marusia/mtw/CapSense_Buttons_and_Slider_FreeRTOS/build/CY8CKIT-062-BLE/Debug/libs/psoc6pdl/drivers/source/cy_ipc_drv.o
                0x0000000010005d04                Cy_IPC_Drv_LockRelease
 .text.Cy_IPC_Drv_SendMsgWord
                0x0000000010005d44       0x34 /home/marusia/mtw/CapSense_Buttons_and_Slider_FreeRTOS/build/CY8CKIT-062-BLE/Debug/libs/psoc6pdl/drivers/source/cy_ipc_drv.o
                0x0000000010005d44                Cy_IPC_Drv_SendMsgWord
 .text.Cy_IPC_Drv_ReadMsgWord
                0x0000000010005d78       0x38 /home/marusia/mtw/CapSense_Buttons_and_Slider_FreeRTOS/build/CY8CKIT-062-BLE/Debug/libs/psoc6pdl/drivers/source/cy_ipc_drv.o
                0x0000000010005d78                Cy_IPC_Drv_ReadMsgWord
 .text.Cy_IPC_Pipe_Config
                0x0000000010005db0       0x14 /home/marusia/mtw/CapSense_Buttons_and_Slider_FreeRTOS/build/CY8CKIT-062-BLE/Debug/libs/psoc6pdl/drivers/source/cy_ipc_pipe.o
                0x0000000010005db0                Cy_IPC_Pipe_Config
 .text.Cy_IPC_Pipe_EndpointInit
                0x0000000010005dc4       0xdc /home/marusia/mtw/CapSense_Buttons_and_Slider_FreeRTOS/build/CY8CKIT-062-BLE/Debug/libs/psoc6pdl/drivers/source/cy_ipc_pipe.o
                0x0000000010005dc4                Cy_IPC_Pipe_EndpointInit
 .text.Cy_IPC_Pipe_Init
                0x0000000010005ea0       0xc0 /home/marusia/mtw/CapSense_Buttons_and_Slider_FreeRTOS/build/CY8CKIT-062-BLE/Debug/libs/psoc6pdl/drivers/source/cy_ipc_pipe.o
                0x0000000010005ea0                Cy_IPC_Pipe_Init
 .text.Cy_IPC_Pipe_SendMessage
                0x0000000010005f60       0xa4 /home/marusia/mtw/CapSense_Buttons_and_Slider_FreeRTOS/build/CY8CKIT-062-BLE/Debug/libs/psoc6pdl/drivers/source/cy_ipc_pipe.o
                0x0000000010005f60                Cy_IPC_Pipe_SendMessage
 .text.Cy_IPC_Pipe_RegisterCallback
                0x0000000010006004       0x54 /home/marusia/mtw/CapSense_Buttons_and_Slider_FreeRTOS/build/CY8CKIT-062-BLE/Debug/libs/psoc6pdl/drivers/source/cy_ipc_pipe.o
                0x0000000010006004                Cy_IPC_Pipe_RegisterCallback
 .text.Cy_IPC_Pipe_ExecCallback
                0x0000000010006058       0xcc /home/marusia/mtw/CapSense_Buttons_and_Slider_FreeRTOS/build/CY8CKIT-062-BLE/Debug/libs/psoc6pdl/drivers/source/cy_ipc_pipe.o
                0x0000000010006058                Cy_IPC_Pipe_ExecCallback
 .text.Cy_IPC_Pipe_ExecuteCallback
                0x0000000010006124       0x30 /home/marusia/mtw/CapSense_Buttons_and_Slider_FreeRTOS/build/CY8CKIT-062-BLE/Debug/libs/psoc6pdl/drivers/source/cy_ipc_pipe.o
                0x0000000010006124                Cy_IPC_Pipe_ExecuteCallback
 .text.Cy_IPC_Sema_InitExt
                0x0000000010006154       0xac /home/marusia/mtw/CapSense_Buttons_and_Slider_FreeRTOS/build/CY8CKIT-062-BLE/Debug/libs/psoc6pdl/drivers/source/cy_ipc_sema.o
                0x0000000010006154                Cy_IPC_Sema_InitExt
 .text.Cy_IPC_Sema_Init
                0x0000000010006200       0x6c /home/marusia/mtw/CapSense_Buttons_and_Slider_FreeRTOS/build/CY8CKIT-062-BLE/Debug/libs/psoc6pdl/drivers/source/cy_ipc_sema.o
                0x0000000010006200                Cy_IPC_Sema_Init
 .text.Cy_IPC_Sema_Clear
                0x000000001000626c       0x7c /home/marusia/mtw/CapSense_Buttons_and_Slider_FreeRTOS/build/CY8CKIT-062-BLE/Debug/libs/psoc6pdl/drivers/source/cy_ipc_sema.o
                0x000000001000626c                Cy_IPC_Sema_Clear
 .text.Cy_IPC_Sema_Status
                0x00000000100062e8       0x40 /home/marusia/mtw/CapSense_Buttons_and_Slider_FreeRTOS/build/CY8CKIT-062-BLE/Debug/libs/psoc6pdl/drivers/source/cy_ipc_sema.o
                0x00000000100062e8                Cy_IPC_Sema_Status
 .text.Cy_Prot_GetActivePC
                0x0000000010006328       0x38 /home/marusia/mtw/CapSense_Buttons_and_Slider_FreeRTOS/build/CY8CKIT-062-BLE/Debug/libs/psoc6pdl/drivers/source/cy_prot.o
                0x0000000010006328                Cy_Prot_GetActivePC
 .text.Cy_SCB_ReadArrayNoCheck
                0x0000000010006360       0x38 /home/marusia/mtw/CapSense_Buttons_and_Slider_FreeRTOS/build/CY8CKIT-062-BLE/Debug/libs/psoc6pdl/drivers/source/cy_scb_common.o
                0x0000000010006360                Cy_SCB_ReadArrayNoCheck
 .text.Cy_SCB_ReadArray
                0x0000000010006398       0x1e /home/marusia/mtw/CapSense_Buttons_and_Slider_FreeRTOS/build/CY8CKIT-062-BLE/Debug/libs/psoc6pdl/drivers/source/cy_scb_common.o
                0x0000000010006398                Cy_SCB_ReadArray
 .text.Cy_SCB_Write
                0x00000000100063b6       0x26 /home/marusia/mtw/CapSense_Buttons_and_Slider_FreeRTOS/build/CY8CKIT-062-BLE/Debug/libs/psoc6pdl/drivers/source/cy_scb_common.o
                0x00000000100063b6                Cy_SCB_Write
 .text.Cy_SCB_WriteArrayNoCheck
                0x00000000100063dc       0x38 /home/marusia/mtw/CapSense_Buttons_and_Slider_FreeRTOS/build/CY8CKIT-062-BLE/Debug/libs/psoc6pdl/drivers/source/cy_scb_common.o
                0x00000000100063dc                Cy_SCB_WriteArrayNoCheck
 .text.Cy_SCB_WriteArray
                0x0000000010006414       0x2e /home/marusia/mtw/CapSense_Buttons_and_Slider_FreeRTOS/build/CY8CKIT-062-BLE/Debug/libs/psoc6pdl/drivers/source/cy_scb_common.o
                0x0000000010006414                Cy_SCB_WriteArray
 *fill*         0x0000000010006442        0x2 
 .text.HandleDataTransmit
                0x0000000010006444       0xe4 /home/marusia/mtw/CapSense_Buttons_and_Slider_FreeRTOS/build/CY8CKIT-062-BLE/Debug/libs/psoc6pdl/drivers/source/cy_scb_uart.o
 .text.HandleDataReceive
                0x0000000010006528       0xfc /home/marusia/mtw/CapSense_Buttons_and_Slider_FreeRTOS/build/CY8CKIT-062-BLE/Debug/libs/psoc6pdl/drivers/source/cy_scb_uart.o
 .text.Cy_SCB_UART_Init
                0x0000000010006624      0x3a4 /home/marusia/mtw/CapSense_Buttons_and_Slider_FreeRTOS/build/CY8CKIT-062-BLE/Debug/libs/psoc6pdl/drivers/source/cy_scb_uart.o
                0x0000000010006624                Cy_SCB_UART_Init
 .text.Cy_SCB_UART_Disable
                0x00000000100069c8       0x16 /home/marusia/mtw/CapSense_Buttons_and_Slider_FreeRTOS/build/CY8CKIT-062-BLE/Debug/libs/psoc6pdl/drivers/source/cy_scb_uart.o
                0x00000000100069c8                Cy_SCB_UART_Disable
 *fill*         0x00000000100069de        0x2 
 .text.Cy_SCB_UART_StartRingBuffer
                0x00000000100069e0       0xa4 /home/marusia/mtw/CapSense_Buttons_and_Slider_FreeRTOS/build/CY8CKIT-062-BLE/Debug/libs/psoc6pdl/drivers/source/cy_scb_uart.o
                0x00000000100069e0                Cy_SCB_UART_StartRingBuffer
 .text.Cy_SCB_UART_GetNumInRingBuffer
                0x0000000010006a84       0x18 /home/marusia/mtw/CapSense_Buttons_and_Slider_FreeRTOS/build/CY8CKIT-062-BLE/Debug/libs/psoc6pdl/drivers/source/cy_scb_uart.o
                0x0000000010006a84                Cy_SCB_UART_GetNumInRingBuffer
 .text.HandleRingBuffer
                0x0000000010006a9c       0xcc /home/marusia/mtw/CapSense_Buttons_and_Slider_FreeRTOS/build/CY8CKIT-062-BLE/Debug/libs/psoc6pdl/drivers/source/cy_scb_uart.o
 .text.Cy_SCB_UART_GetReceiveStatus
                0x0000000010006b68        0x4 /home/marusia/mtw/CapSense_Buttons_and_Slider_FreeRTOS/build/CY8CKIT-062-BLE/Debug/libs/psoc6pdl/drivers/source/cy_scb_uart.o
                0x0000000010006b68                Cy_SCB_UART_GetReceiveStatus
 .text.Cy_SCB_UART_GetTransmitStatus
                0x0000000010006b6c        0x4 /home/marusia/mtw/CapSense_Buttons_and_Slider_FreeRTOS/build/CY8CKIT-062-BLE/Debug/libs/psoc6pdl/drivers/source/cy_scb_uart.o
                0x0000000010006b6c                Cy_SCB_UART_GetTransmitStatus
 .text.Cy_SCB_UART_DeepSleepCallback
                0x0000000010006b70       0x88 /home/marusia/mtw/CapSense_Buttons_and_Slider_FreeRTOS/build/CY8CKIT-062-BLE/Debug/libs/psoc6pdl/drivers/source/cy_scb_uart.o
                0x0000000010006b70                Cy_SCB_UART_DeepSleepCallback
 .text.Cy_SCB_UART_Interrupt
                0x0000000010006bf8      0x122 /home/marusia/mtw/CapSense_Buttons_and_Slider_FreeRTOS/build/CY8CKIT-062-BLE/Debug/libs/psoc6pdl/drivers/source/cy_scb_uart.o
                0x0000000010006bf8                Cy_SCB_UART_Interrupt
 *fill*         0x0000000010006d1a        0x2 
 .text.Cy_SysClk_ClkPathSetSource
                0x0000000010006d1c       0x5c /home/marusia/mtw/CapSense_Buttons_and_Slider_FreeRTOS/build/CY8CKIT-062-BLE/Debug/libs/psoc6pdl/drivers/source/cy_sysclk.o
                0x0000000010006d1c                Cy_SysClk_ClkPathSetSource
 .text.Cy_SysClk_ClkPathGetSource
                0x0000000010006d78       0x4c /home/marusia/mtw/CapSense_Buttons_and_Slider_FreeRTOS/build/CY8CKIT-062-BLE/Debug/libs/psoc6pdl/drivers/source/cy_sysclk.o
                0x0000000010006d78                Cy_SysClk_ClkPathGetSource
 .text.Cy_SysClk_FllManualConfigure
                0x0000000010006dc4      0x164 /home/marusia/mtw/CapSense_Buttons_and_Slider_FreeRTOS/build/CY8CKIT-062-BLE/Debug/libs/psoc6pdl/drivers/source/cy_sysclk.o
                0x0000000010006dc4                Cy_SysClk_FllManualConfigure
 .text.Cy_SysClk_FllGetConfiguration
                0x0000000010006f28       0x6c /home/marusia/mtw/CapSense_Buttons_and_Slider_FreeRTOS/build/CY8CKIT-062-BLE/Debug/libs/psoc6pdl/drivers/source/cy_sysclk.o
                0x0000000010006f28                Cy_SysClk_FllGetConfiguration
 .text.Cy_SysClk_FllEnable
                0x0000000010006f94       0xc4 /home/marusia/mtw/CapSense_Buttons_and_Slider_FreeRTOS/build/CY8CKIT-062-BLE/Debug/libs/psoc6pdl/drivers/source/cy_sysclk.o
                0x0000000010006f94                Cy_SysClk_FllEnable
 .text.Cy_SysClk_PllManualConfigure
                0x0000000010007058       0xdc /home/marusia/mtw/CapSense_Buttons_and_Slider_FreeRTOS/build/CY8CKIT-062-BLE/Debug/libs/psoc6pdl/drivers/source/cy_sysclk.o
                0x0000000010007058                Cy_SysClk_PllManualConfigure
 .text.Cy_SysClk_PllGetConfiguration
                0x0000000010007134       0x4c /home/marusia/mtw/CapSense_Buttons_and_Slider_FreeRTOS/build/CY8CKIT-062-BLE/Debug/libs/psoc6pdl/drivers/source/cy_sysclk.o
                0x0000000010007134                Cy_SysClk_PllGetConfiguration
 .text.Cy_SysClk_PllEnable
                0x0000000010007180       0x68 /home/marusia/mtw/CapSense_Buttons_and_Slider_FreeRTOS/build/CY8CKIT-062-BLE/Debug/libs/psoc6pdl/drivers/source/cy_sysclk.o
                0x0000000010007180                Cy_SysClk_PllEnable
 .text.Cy_SysClk_DeepSleepCallback
                0x00000000100071e8      0x280 /home/marusia/mtw/CapSense_Buttons_and_Slider_FreeRTOS/build/CY8CKIT-062-BLE/Debug/libs/psoc6pdl/drivers/source/cy_sysclk.o
                0x00000000100071e8                Cy_SysClk_DeepSleepCallback
 .text.Cy_SysClk_ClkHfGetFrequency
                0x0000000010007468      0x1dc /home/marusia/mtw/CapSense_Buttons_and_Slider_FreeRTOS/build/CY8CKIT-062-BLE/Debug/libs/psoc6pdl/drivers/source/cy_sysclk.o
                0x0000000010007468                Cy_SysClk_ClkHfGetFrequency
 .text.Cy_SysInt_SetVector
                0x0000000010007644       0x48 /home/marusia/mtw/CapSense_Buttons_and_Slider_FreeRTOS/build/CY8CKIT-062-BLE/Debug/libs/psoc6pdl/drivers/source/cy_sysint.o
                0x0000000010007644                Cy_SysInt_SetVector
 .text.Cy_SysInt_Init
                0x000000001000768c       0x74 /home/marusia/mtw/CapSense_Buttons_and_Slider_FreeRTOS/build/CY8CKIT-062-BLE/Debug/libs/psoc6pdl/drivers/source/cy_sysint.o
                0x000000001000768c                Cy_SysInt_Init
 .text.Cy_SysLib_Delay
                0x0000000010007700       0x30 /home/marusia/mtw/CapSense_Buttons_and_Slider_FreeRTOS/build/CY8CKIT-062-BLE/Debug/libs/psoc6pdl/drivers/source/cy_syslib.o
                0x0000000010007700                Cy_SysLib_Delay
 .text.Cy_SysLib_DelayUs
                0x0000000010007730       0x14 /home/marusia/mtw/CapSense_Buttons_and_Slider_FreeRTOS/build/CY8CKIT-062-BLE/Debug/libs/psoc6pdl/drivers/source/cy_syslib.o
                0x0000000010007730                Cy_SysLib_DelayUs
 .text.Cy_SysLib_Halt
                0x0000000010007744        0x4 /home/marusia/mtw/CapSense_Buttons_and_Slider_FreeRTOS/build/CY8CKIT-062-BLE/Debug/libs/psoc6pdl/drivers/source/cy_syslib.o
                0x0000000010007744                Cy_SysLib_Halt
 .text.Cy_SysLib_AssertFailed
                0x0000000010007748       0x1c /home/marusia/mtw/CapSense_Buttons_and_Slider_FreeRTOS/build/CY8CKIT-062-BLE/Debug/libs/psoc6pdl/drivers/source/cy_syslib.o
                0x0000000010007748                Cy_SysLib_AssertFailed
 .text.Cy_SysLib_ResetBackupDomain
                0x0000000010007764       0x20 /home/marusia/mtw/CapSense_Buttons_and_Slider_FreeRTOS/build/CY8CKIT-062-BLE/Debug/libs/psoc6pdl/drivers/source/cy_syslib.o
                0x0000000010007764                Cy_SysLib_ResetBackupDomain
 .text.Cy_SysLib_GetResetReason
                0x0000000010007784       0x18 /home/marusia/mtw/CapSense_Buttons_and_Slider_FreeRTOS/build/CY8CKIT-062-BLE/Debug/libs/psoc6pdl/drivers/source/cy_syslib.o
                0x0000000010007784                Cy_SysLib_GetResetReason
 .text.Cy_SysLib_ProcessingFault
                0x000000001000779c        0x2 /home/marusia/mtw/CapSense_Buttons_and_Slider_FreeRTOS/build/CY8CKIT-062-BLE/Debug/libs/psoc6pdl/drivers/source/cy_syslib.o
                0x000000001000779c                Cy_SysLib_ProcessingFault
 *fill*         0x000000001000779e        0x2 
 .text.Cy_SysLib_FaultHandler
                0x00000000100077a0       0xa4 /home/marusia/mtw/CapSense_Buttons_and_Slider_FreeRTOS/build/CY8CKIT-062-BLE/Debug/libs/psoc6pdl/drivers/source/cy_syslib.o
                0x00000000100077a0                Cy_SysLib_FaultHandler
 .text.Cy_SysLib_SetWaitStates
                0x0000000010007844       0xcc /home/marusia/mtw/CapSense_Buttons_and_Slider_FreeRTOS/build/CY8CKIT-062-BLE/Debug/libs/psoc6pdl/drivers/source/cy_syslib.o
                0x0000000010007844                Cy_SysLib_SetWaitStates
 .text.SetReadMarginTrimUlp
                0x0000000010007910       0x84 /home/marusia/mtw/CapSense_Buttons_and_Slider_FreeRTOS/build/CY8CKIT-062-BLE/Debug/libs/psoc6pdl/drivers/source/cy_syspm.o
 .text.SetReadMarginTrimLp
                0x0000000010007994       0x84 /home/marusia/mtw/CapSense_Buttons_and_Slider_FreeRTOS/build/CY8CKIT-062-BLE/Debug/libs/psoc6pdl/drivers/source/cy_syspm.o
 .text.SetWriteAssistTrimUlp
                0x0000000010007a18       0x58 /home/marusia/mtw/CapSense_Buttons_and_Slider_FreeRTOS/build/CY8CKIT-062-BLE/Debug/libs/psoc6pdl/drivers/source/cy_syspm.o
 .text.SetWriteAssistTrimLp
                0x0000000010007a70       0x70 /home/marusia/mtw/CapSense_Buttons_and_Slider_FreeRTOS/build/CY8CKIT-062-BLE/Debug/libs/psoc6pdl/drivers/source/cy_syspm.o
 .text.IsVoltageChangePossible
                0x0000000010007ae0       0x46 /home/marusia/mtw/CapSense_Buttons_and_Slider_FreeRTOS/build/CY8CKIT-062-BLE/Debug/libs/psoc6pdl/drivers/source/cy_syspm.o
 *fill*         0x0000000010007b26        0x2 
 .text.Cy_SysPm_SystemSetMinRegulatorCurrent
                0x0000000010007b28       0x54 /home/marusia/mtw/CapSense_Buttons_and_Slider_FreeRTOS/build/CY8CKIT-062-BLE/Debug/libs/psoc6pdl/drivers/source/cy_syspm.o
                0x0000000010007b28                Cy_SysPm_SystemSetMinRegulatorCurrent
 .text.Cy_SysPm_SystemSetNormalRegulatorCurrent
                0x0000000010007b7c       0x64 /home/marusia/mtw/CapSense_Buttons_and_Slider_FreeRTOS/build/CY8CKIT-062-BLE/Debug/libs/psoc6pdl/drivers/source/cy_syspm.o
                0x0000000010007b7c                Cy_SysPm_SystemSetNormalRegulatorCurrent
 .text.Cy_SysPm_LdoSetMode
                0x0000000010007be0       0x48 /home/marusia/mtw/CapSense_Buttons_and_Slider_FreeRTOS/build/CY8CKIT-062-BLE/Debug/libs/psoc6pdl/drivers/source/cy_syspm.o
                0x0000000010007be0                Cy_SysPm_LdoSetMode
 .text.Cy_SysPm_RegisterCallback
                0x0000000010007c28       0x90 /home/marusia/mtw/CapSense_Buttons_and_Slider_FreeRTOS/build/CY8CKIT-062-BLE/Debug/libs/psoc6pdl/drivers/source/cy_syspm.o
                0x0000000010007c28                Cy_SysPm_RegisterCallback
 .text.Cy_SysPm_UnregisterCallback
                0x0000000010007cb8       0x5c /home/marusia/mtw/CapSense_Buttons_and_Slider_FreeRTOS/build/CY8CKIT-062-BLE/Debug/libs/psoc6pdl/drivers/source/cy_syspm.o
                0x0000000010007cb8                Cy_SysPm_UnregisterCallback
 .text.Cy_SysPm_WriteVoltageBitForFlash
                0x0000000010007d14      0x118 /home/marusia/mtw/CapSense_Buttons_and_Slider_FreeRTOS/build/CY8CKIT-062-BLE/Debug/libs/psoc6pdl/drivers/source/cy_syspm.o
                0x0000000010007d14                Cy_SysPm_WriteVoltageBitForFlash
 .text.Cy_SysPm_LdoSetVoltage
                0x0000000010007e2c       0xcc /home/marusia/mtw/CapSense_Buttons_and_Slider_FreeRTOS/build/CY8CKIT-062-BLE/Debug/libs/psoc6pdl/drivers/source/cy_syspm.o
                0x0000000010007e2c                Cy_SysPm_LdoSetVoltage
 .text.Cy_SysTick_SetClockSource
                0x0000000010007ef8       0x38 /home/marusia/mtw/CapSense_Buttons_and_Slider_FreeRTOS/build/CY8CKIT-062-BLE/Debug/libs/psoc6pdl/drivers/source/cy_systick.o
                0x0000000010007ef8                Cy_SysTick_SetClockSource
 .text.cy_retarget_io_putchar
                0x0000000010007f30       0x10 /home/marusia/mtw/CapSense_Buttons_and_Slider_FreeRTOS/build/CY8CKIT-062-BLE/Debug/libs/retarget-io/cy_retarget_io.o
 .text.cy_retarget_io_getchar
                0x0000000010007f40       0x20 /home/marusia/mtw/CapSense_Buttons_and_Slider_FreeRTOS/build/CY8CKIT-062-BLE/Debug/libs/retarget-io/cy_retarget_io.o
 .text._write   0x0000000010007f60       0x22 /home/marusia/mtw/CapSense_Buttons_and_Slider_FreeRTOS/build/CY8CKIT-062-BLE/Debug/libs/retarget-io/cy_retarget_io.o
                0x0000000010007f60                _write
 .text._read    0x0000000010007f82       0x28 /home/marusia/mtw/CapSense_Buttons_and_Slider_FreeRTOS/build/CY8CKIT-062-BLE/Debug/libs/retarget-io/cy_retarget_io.o
                0x0000000010007f82                _read
 *fill*         0x0000000010007faa        0x2 
 .text.cy_retarget_io_init
                0x0000000010007fac       0x4c /home/marusia/mtw/CapSense_Buttons_and_Slider_FreeRTOS/build/CY8CKIT-062-BLE/Debug/libs/retarget-io/cy_retarget_io.o
                0x0000000010007fac                cy_retarget_io_init
 .text.main     0x0000000010007ff8       0xa8 /home/marusia/mtw/CapSense_Buttons_and_Slider_FreeRTOS/build/CY8CKIT-062-BLE/Debug/main.o
                0x0000000010007ff8                main
 .text.WaitforSwitchPressAndRelease
                0x00000000100080a0       0x28 /home/marusia/mtw/CapSense_Buttons_and_Slider_FreeRTOS/build/CY8CKIT-062-BLE/Debug/main_task.o
                0x00000000100080a0                WaitforSwitchPressAndRelease
 .text.task_1   0x00000000100080c8       0xcc /home/marusia/mtw/CapSense_Buttons_and_Slider_FreeRTOS/build/CY8CKIT-062-BLE/Debug/main_task.o
                0x00000000100080c8                task_1
 .text          0x0000000010008194        0x4 /home/marusia/ModusToolbox/tools_2.0/gcc-7.2.1/bin/../lib/gcc/arm-none-eabi/7.2.1/thumb/v7e-m/fpv4-sp/softfp/libgcc.a(_dvmd_tls.o)
                0x0000000010008194                __aeabi_ldiv0
                0x0000000010008194                __aeabi_idiv0
 .text          0x0000000010008198      0x378 /home/marusia/ModusToolbox/tools_2.0/gcc-7.2.1/bin/../lib/gcc/arm-none-eabi/7.2.1/thumb/v7e-m/fpv4-sp/softfp/libgcc.a(_arm_addsubdf3.o)
                0x0000000010008198                __aeabi_drsub
                0x00000000100081a0                __aeabi_dsub
                0x00000000100081a0                __subdf3
                0x00000000100081a4                __adddf3
                0x00000000100081a4                __aeabi_dadd
                0x000000001000841c                __aeabi_ui2d
                0x000000001000841c                __floatunsidf
                0x000000001000843c                __floatsidf
                0x000000001000843c                __aeabi_i2d
                0x0000000010008460                __extendsfdf2
                0x0000000010008460                __aeabi_f2d
                0x00000000100084a4                __aeabi_ul2d
                0x00000000100084a4                __floatundidf
                0x00000000100084b4                __floatdidf
                0x00000000100084b4                __aeabi_l2d
 .text          0x0000000010008510      0x424 /home/marusia/ModusToolbox/tools_2.0/gcc-7.2.1/bin/../lib/gcc/arm-none-eabi/7.2.1/thumb/v7e-m/fpv4-sp/softfp/libgcc.a(_arm_muldivdf3.o)
                0x0000000010008510                __aeabi_dmul
                0x0000000010008510                __muldf3
                0x0000000010008764                __aeabi_ddiv
                0x0000000010008764                __divdf3
 .text          0x0000000010008934       0x30 /home/marusia/ModusToolbox/tools_2.0/gcc-7.2.1/bin/../lib/gcc/arm-none-eabi/7.2.1/thumb/v7e-m/fpv4-sp/softfp/libgcc.a(_aeabi_uldivmod.o)
                0x0000000010008934                __aeabi_uldivmod
 .text          0x0000000010008964      0x2cc /home/marusia/ModusToolbox/tools_2.0/gcc-7.2.1/bin/../lib/gcc/arm-none-eabi/7.2.1/thumb/v7e-m/fpv4-sp/softfp/libgcc.a(_udivmoddi4.o)
                0x0000000010008964                __udivmoddi4
 .text.__libc_fini_array
                0x0000000010008c30       0x28 /home/marusia/ModusToolbox/tools_2.0/gcc-7.2.1/bin/../lib/gcc/arm-none-eabi/7.2.1/../../../../arm-none-eabi/lib/thumb/v7e-m/fpv4-sp/softfp/libg_nano.a(lib_a-fini.o)
                0x0000000010008c30                __libc_fini_array
 .text.__libc_init_array
                0x0000000010008c58       0x48 /home/marusia/ModusToolbox/tools_2.0/gcc-7.2.1/bin/../lib/gcc/arm-none-eabi/7.2.1/../../../../arm-none-eabi/lib/thumb/v7e-m/fpv4-sp/softfp/libg_nano.a(lib_a-init.o)
                0x0000000010008c58                __libc_init_array
 .text.memcpy   0x0000000010008ca0       0x16 /home/marusia/ModusToolbox/tools_2.0/gcc-7.2.1/bin/../lib/gcc/arm-none-eabi/7.2.1/../../../../arm-none-eabi/lib/thumb/v7e-m/fpv4-sp/softfp/libg_nano.a(lib_a-memcpy-stub.o)
                0x0000000010008ca0                memcpy
 .text.memset   0x0000000010008cb6       0x10 /home/marusia/ModusToolbox/tools_2.0/gcc-7.2.1/bin/../lib/gcc/arm-none-eabi/7.2.1/../../../../arm-none-eabi/lib/thumb/v7e-m/fpv4-sp/softfp/libg_nano.a(lib_a-memset.o)
                0x0000000010008cb6                memset
 .text.__cvt    0x0000000010008cc6       0xbc /home/marusia/ModusToolbox/tools_2.0/gcc-7.2.1/bin/../lib/gcc/arm-none-eabi/7.2.1/../../../../arm-none-eabi/lib/thumb/v7e-m/fpv4-sp/softfp/libg_nano.a(lib_a-nano-vfprintf_float.o)
                0x0000000010008cc6                __cvt
 .text.__exponent
                0x0000000010008d82       0x66 /home/marusia/ModusToolbox/tools_2.0/gcc-7.2.1/bin/../lib/gcc/arm-none-eabi/7.2.1/../../../../arm-none-eabi/lib/thumb/v7e-m/fpv4-sp/softfp/libg_nano.a(lib_a-nano-vfprintf_float.o)
                0x0000000010008d82                __exponent
 .text._printf_float
                0x0000000010008de8      0x48c /home/marusia/ModusToolbox/tools_2.0/gcc-7.2.1/bin/../lib/gcc/arm-none-eabi/7.2.1/../../../../arm-none-eabi/lib/thumb/v7e-m/fpv4-sp/softfp/libg_nano.a(lib_a-nano-vfprintf_float.o)
                0x0000000010008de8                _printf_float
 .text._printf_common
                0x0000000010009274       0xea /home/marusia/ModusToolbox/tools_2.0/gcc-7.2.1/bin/../lib/gcc/arm-none-eabi/7.2.1/../../../../arm-none-eabi/lib/thumb/v7e-m/fpv4-sp/softfp/libg_nano.a(lib_a-nano-vfprintf_i.o)
                0x0000000010009274                _printf_common
 *fill*         0x000000001000935e        0x2 
 .text._printf_i
                0x0000000010009360      0x224 /home/marusia/ModusToolbox/tools_2.0/gcc-7.2.1/bin/../lib/gcc/arm-none-eabi/7.2.1/../../../../arm-none-eabi/lib/thumb/v7e-m/fpv4-sp/softfp/libg_nano.a(lib_a-nano-vfprintf_i.o)
                0x0000000010009360                _printf_i
 .text.printf   0x0000000010009584       0x30 /home/marusia/ModusToolbox/tools_2.0/gcc-7.2.1/bin/../lib/gcc/arm-none-eabi/7.2.1/../../../../arm-none-eabi/lib/thumb/v7e-m/fpv4-sp/softfp/libg_nano.a(lib_a-printf.o)
                0x0000000010009584                printf
                0x0000000010009584                iprintf
 .text          0x00000000100095b4       0x10 /home/marusia/ModusToolbox/tools_2.0/gcc-7.2.1/bin/../lib/gcc/arm-none-eabi/7.2.1/../../../../arm-none-eabi/lib/thumb/v7e-m/fpv4-sp/softfp/libg_nano.a(lib_a-strlen.o)
                0x00000000100095b4                strlen