Archive member included to satisfy reference by file (symbol)

./libs/capsense/COMPONENT_SOFTFP/TOOLCHAIN_GCC_ARM/libcy_capsense.a(cy_capsense_smartsense_hw_lib.o)
                              C:/Users/asus/Desktop/eInkg/CapSense_Buttons_and_Slider_FreeRTOS/build/CY8CKIT-062-BLE/Debug/libs/capsense/cy_capsense_sensing.o (Cy_CapSense_TunePrescalers_Lib)
./libs/capsense/COMPONENT_SOFTFP/TOOLCHAIN_GCC_ARM/libcy_capsense.a(cy_capsense_gesture_lib.o)
                              C:/Users/asus/Desktop/eInkg/CapSense_Buttons_and_Slider_FreeRTOS/build/CY8CKIT-062-BLE/Debug/libs/capsense/cy_capsense_processing.o (Cy_CapSense_Gesture_ResetState)
./libs/capsense/COMPONENT_SOFTFP/TOOLCHAIN_GCC_ARM/libcy_capsense.a(cy_capsense_advanced_centroid_lib.o)
                              C:/Users/asus/Desktop/eInkg/CapSense_Buttons_and_Slider_FreeRTOS/build/CY8CKIT-062-BLE/Debug/libs/capsense/cy_capsense_centroid.o (Cy_CapSense_AdvancedCentroidGetTouchCoordinates_Lib)
./libs/capsense/COMPONENT_SOFTFP/TOOLCHAIN_GCC_ARM/libcy_capsense.a(cy_capsense_smartsense_fw_lib.o)
                              C:/Users/asus/Desktop/eInkg/CapSense_Buttons_and_Slider_FreeRTOS/build/CY8CKIT-062-BLE/Debug/libs/capsense/cy_capsense_processing.o (Cy_CapSense_UpdateThresholds_Lib)
c:/users/asus/modustoolbox/tools_2.0/gcc-7.2.1/bin/../lib/gcc/arm-none-eabi/7.2.1/thumb/v7e-m/fpv4-sp/softfp\libgcc.a(_udivsi3.o)
                              ./libs/capsense/COMPONENT_SOFTFP/TOOLCHAIN_GCC_ARM/libcy_capsense.a(cy_capsense_smartsense_hw_lib.o) (__aeabi_uidiv)
c:/users/asus/modustoolbox/tools_2.0/gcc-7.2.1/bin/../lib/gcc/arm-none-eabi/7.2.1/thumb/v7e-m/fpv4-sp/softfp\libgcc.a(_divsi3.o)
                              ./libs/capsense/COMPONENT_SOFTFP/TOOLCHAIN_GCC_ARM/libcy_capsense.a(cy_capsense_advanced_centroid_lib.o) (__aeabi_idiv)
c:/users/asus/modustoolbox/tools_2.0/gcc-7.2.1/bin/../lib/gcc/arm-none-eabi/7.2.1/thumb/v7e-m/fpv4-sp/softfp\libgcc.a(_dvmd_tls.o)
                              c:/users/asus/modustoolbox/tools_2.0/gcc-7.2.1/bin/../lib/gcc/arm-none-eabi/7.2.1/thumb/v7e-m/fpv4-sp/softfp\libgcc.a(_udivsi3.o) (__aeabi_idiv0)
c:/users/asus/modustoolbox/tools_2.0/gcc-7.2.1/bin/../lib/gcc/arm-none-eabi/7.2.1/thumb/v7e-m/fpv4-sp/softfp\libgcc.a(_arm_addsubdf3.o)
                              C:/Users/asus/Desktop/eInkg/CapSense_Buttons_and_Slider_FreeRTOS/build/CY8CKIT-062-BLE/Debug/libs/psoc6hal/src/cyhal_spi.o (__aeabi_dsub)
c:/users/asus/modustoolbox/tools_2.0/gcc-7.2.1/bin/../lib/gcc/arm-none-eabi/7.2.1/thumb/v7e-m/fpv4-sp/softfp\libgcc.a(_arm_muldivdf3.o)
                              C:/Users/asus/Desktop/eInkg/CapSense_Buttons_and_Slider_FreeRTOS/build/CY8CKIT-062-BLE/Debug/libs/psoc6hal/src/cyhal_spi.o (__aeabi_ddiv)
c:/users/asus/modustoolbox/tools_2.0/gcc-7.2.1/bin/../lib/gcc/arm-none-eabi/7.2.1/thumb/v7e-m/fpv4-sp/softfp\libgcc.a(_arm_fixunsdfsi.o)
                              C:/Users/asus/Desktop/eInkg/CapSense_Buttons_and_Slider_FreeRTOS/build/CY8CKIT-062-BLE/Debug/libs/psoc6hal/src/cyhal_spi.o (__aeabi_d2uiz)
c:/users/asus/modustoolbox/tools_2.0/gcc-7.2.1/bin/../lib/gcc/arm-none-eabi/7.2.1/thumb/v7e-m/fpv4-sp/softfp\libgcc.a(_aeabi_ldivmod.o)
                              C:/Users/asus/Desktop/eInkg/CapSense_Buttons_and_Slider_FreeRTOS/build/CY8CKIT-062-BLE/Debug/libs/psoc6pdl/drivers/source/cy_sar.o (__aeabi_ldivmod)
c:/users/asus/modustoolbox/tools_2.0/gcc-7.2.1/bin/../lib/gcc/arm-none-eabi/7.2.1/thumb/v7e-m/fpv4-sp/softfp\libgcc.a(_aeabi_uldivmod.o)
                              C:/Users/asus/Desktop/eInkg/CapSense_Buttons_and_Slider_FreeRTOS/build/CY8CKIT-062-BLE/Debug/libs/psoc6hal/src/cyhal_pwm.o (__aeabi_uldivmod)
c:/users/asus/modustoolbox/tools_2.0/gcc-7.2.1/bin/../lib/gcc/arm-none-eabi/7.2.1/thumb/v7e-m/fpv4-sp/softfp\libgcc.a(_udivmoddi4.o)
                              c:/users/asus/modustoolbox/tools_2.0/gcc-7.2.1/bin/../lib/gcc/arm-none-eabi/7.2.1/thumb/v7e-m/fpv4-sp/softfp\libgcc.a(_aeabi_ldivmod.o) (__udivmoddi4)
c:/users/asus/modustoolbox/tools_2.0/gcc-7.2.1/bin/../lib/gcc/arm-none-eabi/7.2.1/../../../../arm-none-eabi/lib/thumb/v7e-m/fpv4-sp/softfp\libg_nano.a(lib_a-exit.o)
                              c:/users/asus/modustoolbox/tools_2.0/gcc-7.2.1/bin/../lib/gcc/arm-none-eabi/7.2.1/../../../../arm-none-eabi/lib/thumb/v7e-m/fpv4-sp/softfp/crt0.o (exit)
c:/users/asus/modustoolbox/tools_2.0/gcc-7.2.1/bin/../lib/gcc/arm-none-eabi/7.2.1/../../../../arm-none-eabi/lib/thumb/v7e-m/fpv4-sp/softfp\libg_nano.a(lib_a-fini.o)
                              C:/Users/asus/Desktop/eInkg/CapSense_Buttons_and_Slider_FreeRTOS/build/CY8CKIT-062-BLE/Debug/libs/TARGET_CY8CKIT-062-BLE/startup/TOOLCHAIN_GCC_ARM/startup_psoc6_01_cm4.o (__libc_fini_array)
c:/users/asus/modustoolbox/tools_2.0/gcc-7.2.1/bin/../lib/gcc/arm-none-eabi/7.2.1/../../../../arm-none-eabi/lib/thumb/v7e-m/fpv4-sp/softfp\libg_nano.a(lib_a-impure.o)
[...]
Memory Configuration

Name             Origin             Length             Attributes
ram              0x08002000         0x00045800         xrw
flash            0x10000000         0x00100000         xr
em_eeprom        0x14000000         0x00008000         xr
sflash_user_data 0x16000800         0x00000800         xr
sflash_nar       0x16001a00         0x00000200         xr
sflash_public_key 0x16005a00         0x00000c00         xr
sflash_toc_2     0x16007c00         0x00000200         xr
sflash_rtoc_2    0x16007e00         0x00000200         xr
xip              0x18000000         0x08000000         xr
efuse            0x90700000         0x00100000         r
*default*        0x00000000         0xffffffff

Linker script and memory map

LOAD c:/users/asus/modustoolbox/tools_2.0/gcc-7.2.1/bin/../lib/gcc/arm-none-eabi/7.2.1/thumb/v7e-m/fpv4-sp/softfp/crti.o
LOAD c:/users/asus/modustoolbox/tools_2.0/gcc-7.2.1/bin/../lib/gcc/arm-none-eabi/7.2.1/thumb/v7e-m/fpv4-sp/softfp/crtbegin.o
LOAD c:/users/asus/modustoolbox/tools_2.0/gcc-7.2.1/bin/../lib/gcc/arm-none-eabi/7.2.1/../../../../arm-none-eabi/lib/thumb/v7e-m/fpv4-sp/softfp/crt0.o
LOAD C:/Users/asus/Desktop/eInkg/CapSense_Buttons_and_Slider_FreeRTOS/build/CY8CKIT-062-BLE/Debug/libs/TARGET_CY8CKIT-062-BLE/startup/TOOLCHAIN_GCC_ARM/startup_psoc6_01_cm4.o
LOAD C:/Users/asus/Desktop/eInkg/CapSense_Buttons_and_Slider_FreeRTOS/build/CY8CKIT-062-BLE/Debug/libs/psoc6pdl/drivers/source/TOOLCHAIN_GCC_ARM/cy_syslib_gcc.o
LOAD C:/Users/asus/Desktop/eInkg/CapSense_Buttons_and_Slider_FreeRTOS/build/CY8CKIT-062-BLE/Debug/helpers.o
LOAD C:/Users/asus/Desktop/eInkg/CapSense_Buttons_and_Slider_FreeRTOS/build/CY8CKIT-062-BLE/Debug/led2_task.o
LOAD C:/Users/asus/Desktop/eInkg/CapSense_Buttons_and_Slider_FreeRTOS/build/CY8CKIT-062-BLE/Debug/led_task.o
LOAD C:/Users/asus/Desktop/eInkg/CapSense_Buttons_and_Slider_FreeRTOS/build/CY8CKIT-062-BLE/Debug/libs/TARGET_CY8CKIT-062-BLE/COMPONENT_BSP_DESIGN_MODUS/GeneratedSource/cycfg.o
LOAD C:/Users/asus/Desktop/eInkg/CapSense_Buttons_and_Slider_FreeRTOS/build/CY8CKIT-062-BLE/Debug/libs/TARGET_CY8CKIT-062-BLE/COMPONENT_BSP_DESIGN_MODUS/GeneratedSource/cycfg_capsense.o
LOAD C:/Users/asus/Desktop/eInkg/CapSense_Buttons_and_Slider_FreeRTOS/build/CY8CKIT-062-BLE/Debug/libs/TARGET_CY8CKIT-062-BLE/COMPONENT_BSP_DESIGN_MODUS/GeneratedSource/cycfg_clocks.o
LOAD C:/Users/asus/Desktop/eInkg/CapSense_Buttons_and_Slider_FreeRTOS/build/CY8CKIT-062-BLE/Debug/libs/TARGET_CY8CKIT-062-BLE/COMPONENT_BSP_DESIGN_MODUS/GeneratedSource/cycfg_peripherals.o
LOAD C:/Users/asus/Desktop/eInkg/CapSense_Buttons_and_Slider_FreeRTOS/build/CY8CKIT-062-BLE/Debug/libs/TARGET_CY8CKIT-062-BLE/COMPONENT_BSP_DESIGN_MODUS/GeneratedSource/cycfg_pins.o
LOAD C:/Users/asus/Desktop/eInkg/CapSense_Buttons_and_Slider_FreeRTOS/build/CY8CKIT-062-BLE/Debug/libs/TARGET_CY8CKIT-062-BLE/COMPONENT_BSP_DESIGN_MODUS/GeneratedSource/cycfg_qspi_memslot.o
LOAD C:/Users/asus/Desktop/eInkg/CapSense_Buttons_and_Slider_FreeRTOS/build/CY8CKIT-062-BLE/Debug/libs/TARGET_CY8CKIT-062-BLE/COMPONENT_BSP_DESIGN_MODUS/GeneratedSource/cycfg_routing.o
LOAD C:/Users/asus/Desktop/eInkg/CapSense_Buttons_and_Slider_FreeRTOS/build/CY8CKIT-062-BLE/Debug/libs/TARGET_CY8CKIT-062-BLE/COMPONENT_BSP_DESIGN_MODUS/GeneratedSource/cycfg_system.o
LOAD C:/Users/asus/Desktop/eInkg/CapSense_Buttons_and_Slider_FreeRTOS/build/CY8CKIT-062-BLE/Debug/libs/TARGET_CY8CKIT-062-BLE/cybsp.o
LOAD C:/Users/asus/Desktop/eInkg/CapSense_Buttons_and_Slider_FreeRTOS/build/CY8CKIT-062-BLE/Debug/libs/TARGET_CY8CKIT-062-BLE/startup/system_psoc6_cm4.o
LOAD C:/Users/asus/Desktop/eInkg/CapSense_Buttons_and_Slider_FreeRTOS/build/CY8CKIT-062-BLE/Debug/libs/capsense/cy_capsense_centroid.o
LOAD C:/Users/asus/Desktop/eInkg/CapSense_Buttons_and_Slider_FreeRTOS/build/CY8CKIT-062-BLE/Debug/libs/capsense/cy_capsense_control.o
LOAD C:/Users/asus/Desktop/eInkg/CapSense_Buttons_and_Slider_FreeRTOS/build/CY8CKIT-062-BLE/Debug/libs/capsense/cy_capsense_csd.o
LOAD C:/Users/asus/Desktop/eInkg/CapSense_Buttons_and_Slider_FreeRTOS/build/CY8CKIT-062-BLE/Debug/libs/capsense/cy_capsense_csx.o
LOAD C:/Users/asus/Desktop/eInkg/CapSense_Buttons_and_Slider_FreeRTOS/build/CY8CKIT-062-BLE/Debug/libs/capsense/cy_capsense_filter.o
LOAD C:/Users/asus/Desktop/eInkg/CapSense_Buttons_and_Slider_FreeRTOS/build/CY8CKIT-062-BLE/Debug/libs/capsense/cy_capsense_processing.o
LOAD C:/Users/asus/Desktop/eInkg/CapSense_Buttons_and_Slider_FreeRTOS/build/CY8CKIT-062-BLE/Debug/libs/capsense/cy_capsense_sensing.o
LOAD C:/Users/asus/Desktop/eInkg/CapSense_Buttons_and_Slider_FreeRTOS/build/CY8CKIT-062-BLE/Debug/libs/capsense/cy_capsense_structure.o
LOAD C:/Users/asus/Desktop/eInkg/CapSense_Buttons_and_Slider_FreeRTOS/build/CY8CKIT-062-BLE/Debug/libs/capsense/cy_capsense_tuner.o
LOAD C:/Users/asus/Desktop/eInkg/CapSense_Buttons_and_Slider_FreeRTOS/build/CY8CKIT-062-BLE/Debug/libs/freertos/Source/croutine.o
LOAD C:/Users/asus/Desktop/eInkg/CapSense_Buttons_and_Slider_FreeRTOS/build/CY8CKIT-062-BLE/Debug/libs/freertos/Source/event_groups.o
LOAD C:/Users/asus/Desktop/eInkg/CapSense_Buttons_and_Slider_FreeRTOS/build/CY8CKIT-062-BLE/Debug/libs/freertos/Source/list.o
LOAD C:/Users/asus/Desktop/eInkg/CapSense_Buttons_and_Slider_FreeRTOS/build/CY8CKIT-062-BLE/Debug/libs/freertos/Source/portable/MemMang/heap_1.o
LOAD C:/Users/asus/Desktop/eInkg/CapSense_Buttons_and_Slider_FreeRTOS/build/CY8CKIT-062-BLE/Debug/libs/freertos/Source/portable/MemMang/heap_2.o
LOAD C:/Users/asus/Desktop/eInkg/CapSense_Buttons_and_Slider_FreeRTOS/build/CY8CKIT-062-BLE/Debug/libs/freertos/Source/portable/MemMang/heap_3.o
LOAD C:/Users/asus/Desktop/eInkg/CapSense_Buttons_and_Slider_FreeRTOS/build/CY8CKIT-062-BLE/Debug/libs/freertos/Source/portable/MemMang/heap_4.o
LOAD C:/Users/asus/Desktop/eInkg/CapSense_Buttons_and_Slider_FreeRTOS/build/CY8CKIT-062-BLE/Debug/libs/freertos/Source/portable/MemMang/heap_5.o
LOAD C:/Users/asus/Desktop/eInkg/CapSense_Buttons_and_Slider_FreeRTOS/build/CY8CKIT-062-BLE/Debug/libs/freertos/Source/portable/TOOLCHAIN_GCC_ARM/CM4F/port.o
LOAD C:/Users/asus/Desktop/eInkg/CapSense_Buttons_and_Slider_FreeRTOS/build/CY8CKIT-062-BLE/Debug/libs/freertos/Source/queue.o
LOAD C:/Users/asus/Desktop/eInkg/CapSense_Buttons_and_Slider_FreeRTOS/build/CY8CKIT-062-BLE/Debug/libs/freertos/Source/stream_buffer.o
LOAD C:/Users/asus/Desktop/eInkg/CapSense_Buttons_and_Slider_FreeRTOS/build/CY8CKIT-062-BLE/Debug/libs/freertos/Source/tasks.o
LOAD C:/Users/asus/Desktop/eInkg/CapSense_Buttons_and_Slider_FreeRTOS/build/CY8CKIT-062-BLE/Debug/libs/freertos/Source/timers.o
LOAD C:/Users/asus/Desktop/eInkg/CapSense_Buttons_and_Slider_FreeRTOS/build/CY8CKIT-062-BLE/Debug/libs/psoc6cm0p/COMPONENT_CM0P_SLEEP/psoc6_01_cm0p_sleep.o
LOAD C:/Users/asus/Desktop/eInkg/CapSense_Buttons_and_Slider_FreeRTOS/build/CY8CKIT-062-BLE/Debug/libs/psoc6cm0p/COMPONENT_CM0P_SLEEP/psoc6_02_cm0p_sleep.o
LOAD C:/Users/asus/Desktop/eInkg/CapSense_Buttons_and_Slider_FreeRTOS/build/CY8CKIT-062-BLE/Debug/libs/psoc6cm0p/COMPONENT_CM0P_SLEEP/psoc6_03_cm0p_sleep.o
LOAD C:/Users/asus/Desktop/eInkg/CapSense_Buttons_and_Slider_FreeRTOS/build/CY8CKIT-062-BLE/Debug/libs/psoc6hal/src/cyhal_adc.o
LOAD C:/Users/asus/Desktop/eInkg/CapSense_Buttons_and_Slider_FreeRTOS/build/CY8CKIT-062-BLE/Debug/libs/psoc6hal/src/cyhal_analog_common.o
LOAD C:/Users/asus/Desktop/eInkg/CapSense_Buttons_and_Slider_FreeRTOS/build/CY8CKIT-062-BLE/Debug/libs/psoc6hal/src/cyhal_crc.o
LOAD C:/Users/asus/Desktop/eInkg/CapSense_Buttons_and_Slider_FreeRTOS/build/CY8CKIT-062-BLE/Debug/libs/psoc6hal/src/cyhal_crypto_common.o
LOAD C:/Users/asus/Desktop/eInkg/CapSense_Buttons_and_Slider_FreeRTOS/build/CY8CKIT-062-BLE/Debug/libs/psoc6hal/src/cyhal_dac.o
LOAD C:/Users/asus/Desktop/eInkg/CapSense_Buttons_and_Slider_FreeRTOS/build/CY8CKIT-062-BLE/Debug/libs/psoc6hal/src/cyhal_flash.o
LOAD C:/Users/asus/Desktop/eInkg/CapSense_Buttons_and_Slider_FreeRTOS/build/CY8CKIT-062-BLE/Debug/libs/psoc6hal/src/cyhal_gpio.o
LOAD C:/Users/asus/Desktop/eInkg/CapSense_Buttons_and_Slider_FreeRTOS/build/CY8CKIT-062-BLE/Debug/libs/psoc6hal/src/cyhal_hwmgr.o
LOAD C:/Users/asus/Desktop/eInkg/CapSense_Buttons_and_Slider_FreeRTOS/build/CY8CKIT-062-BLE/Debug/libs/psoc6hal/src/cyhal_i2c.o
LOAD C:/Users/asus/Desktop/eInkg/CapSense_Buttons_and_Slider_FreeRTOS/build/CY8CKIT-062-BLE/Debug/libs/psoc6hal/src/cyhal_interconnect.o
LOAD C:/Users/asus/Desktop/eInkg/CapSense_Buttons_and_Slider_FreeRTOS/build/CY8CKIT-062-BLE/Debug/libs/psoc6hal/src/cyhal_lptimer.o
LOAD C:/Users/asus/Desktop/eInkg/CapSense_Buttons_and_Slider_FreeRTOS/build/CY8CKIT-062-BLE/Debug/libs/psoc6hal/src/cyhal_not_implemented.o
LOAD C:/Users/asus/Desktop/eInkg/CapSense_Buttons_and_Slider_FreeRTOS/build/CY8CKIT-062-BLE/Debug/libs/psoc6hal/src/cyhal_pwm.o
LOAD C:/Users/asus/Desktop/eInkg/CapSense_Buttons_and_Slider_FreeRTOS/build/CY8CKIT-062-BLE/Debug/libs/psoc6hal/src/cyhal_qspi.o
LOAD C:/Users/asus/Desktop/eInkg/CapSense_Buttons_and_Slider_FreeRTOS/build/CY8CKIT-062-BLE/Debug/libs/psoc6hal/src/cyhal_rtc.o
LOAD C:/Users/asus/Desktop/eInkg/CapSense_Buttons_and_Slider_FreeRTOS/build/CY8CKIT-062-BLE/Debug/libs/psoc6hal/src/cyhal_scb_common.o
LOAD C:/Users/asus/Desktop/eInkg/CapSense_Buttons_and_Slider_FreeRTOS/build/CY8CKIT-062-BLE/Debug/libs/psoc6hal/src/cyhal_sdhc.o
LOAD C:/Users/asus/Desktop/eInkg/CapSense_Buttons_and_Slider_FreeRTOS/build/CY8CKIT-062-BLE/Debug/libs/psoc6hal/src/cyhal_spi.o
LOAD C:/Users/asus/Desktop/eInkg/CapSense_Buttons_and_Slider_FreeRTOS/build/CY8CKIT-062-BLE/Debug/libs/psoc6hal/src/cyhal_system.o
LOAD C:/Users/asus/Desktop/eInkg/CapSense_Buttons_and_Slider_FreeRTOS/build/CY8CKIT-062-BLE/Debug/libs/psoc6hal/src/cyhal_tcpwm_common.o
LOAD C:/Users/asus/Desktop/eInkg/CapSense_Buttons_and_Slider_FreeRTOS/build/CY8CKIT-062-BLE/Debug/libs/psoc6hal/src/cyhal_timer.o
LOAD C:/Users/asus/Desktop/eInkg/CapSense_Buttons_and_Slider_FreeRTOS/build/CY8CKIT-062-BLE/Debug/libs/psoc6hal/src/cyhal_trng.o
LOAD C:/Users/asus/Desktop/eInkg/CapSense_Buttons_and_Slider_FreeRTOS/build/CY8CKIT-062-BLE/Debug/libs/psoc6hal/src/cyhal_uart.o
LOAD C:/Users/asus/Desktop/eInkg/CapSense_Buttons_and_Slider_FreeRTOS/build/CY8CKIT-062-BLE/Debug/libs/psoc6hal/src/cyhal_udb_sdio.o
LOAD C:/Users/asus/Desktop/eInkg/CapSense_Buttons_and_Slider_FreeRTOS/build/CY8CKIT-062-BLE/Debug/libs/psoc6hal/src/cyhal_usb_dev.o
LOAD C:/Users/asus/Desktop/eInkg/CapSense_Buttons_and_Slider_FreeRTOS/build/CY8CKIT-062-BLE/Debug/libs/psoc6hal/src/cyhal_utils.o
LOAD C:/Users/asus/Desktop/eInkg/CapSense_Buttons_and_Slider_FreeRTOS/build/CY8CKIT-062-BLE/Debug/libs/psoc6hal/src/cyhal_wdt.o
LOAD C:/Users/asus/Desktop/eInkg/CapSense_Buttons_and_Slider_FreeRTOS/build/CY8CKIT-062-BLE/Debug/libs/psoc6hal/src/pin_packages/cyhal_psoc6_01_104_m_csp_ble.o
LOAD C:/Users/asus/Desktop/eInkg/CapSense_Buttons_and_Slider_FreeRTOS/build/CY8CKIT-062-BLE/Debug/libs/psoc6hal/src/pin_packages/cyhal_psoc6_01_104_m_csp_ble_usb.o
LOAD C:/Users/asus/Desktop/eInkg/CapSense_Buttons_and_Slider_FreeRTOS/build/CY8CKIT-062-BLE/Debug/libs/psoc6hal/src/pin_packages/cyhal_psoc6_01_116_bga_ble.o
LOAD C:/Users/asus/Desktop/eInkg/CapSense_Buttons_and_Slider_FreeRTOS/build/CY8CKIT-062-BLE/Debug/libs/psoc6hal/src/pin_packages/cyhal_psoc6_01_116_bga_usb.o
LOAD C:/Users/asus/Desktop/eInkg/CapSense_Buttons_and_Slider_FreeRTOS/build/CY8CKIT-062-BLE/Debug/libs/psoc6hal/src/pin_packages/cyhal_psoc6_01_124_bga.o
LOAD C:/Users/asus/Desktop/eInkg/CapSense_Buttons_and_Slider_FreeRTOS/build/CY8CKIT-062-BLE/Debug/libs/psoc6hal/src/pin_packages/cyhal_psoc6_01_124_bga_sip.o
LOAD C:/Users/asus/Desktop/eInkg/CapSense_Buttons_and_Slider_FreeRTOS/build/CY8CKIT-062-BLE/Debug/libs/psoc6hal/src/pin_packages/cyhal_psoc6_01_43_smt.o
LOAD C:/Users/asus/Desktop/eInkg/CapSense_Buttons_and_Slider_FreeRTOS/build/CY8CKIT-062-BLE/Debug/libs/psoc6hal/src/pin_packages/cyhal_psoc6_01_68_qfn_ble.o
LOAD C:/Users/asus/Desktop/eInkg/CapSense_Buttons_and_Slider_FreeRTOS/build/CY8CKIT-062-BLE/Debug/libs/psoc6hal/src/pin_packages/cyhal_psoc6_01_80_wlcsp.o
LOAD C:/Users/asus/Desktop/eInkg/CapSense_Buttons_and_Slider_FreeRTOS/build/CY8CKIT-062-BLE/Debug/libs/psoc6hal/src/pin_packages/cyhal_psoc6_02_100_wlcsp.o
LOAD C:/Users/asus/Desktop/eInkg/CapSense_Buttons_and_Slider_FreeRTOS/build/CY8CKIT-062-BLE/Debug/libs/psoc6hal/src/pin_packages/cyhal_psoc6_02_124_bga.o
LOAD C:/Users/asus/Desktop/eInkg/CapSense_Buttons_and_Slider_FreeRTOS/build/CY8CKIT-062-BLE/Debug/libs/psoc6hal/src/pin_packages/cyhal_psoc6_02_128_tqfp.o
LOAD C:/Users/asus/Desktop/eInkg/CapSense_Buttons_and_Slider_FreeRTOS/build/CY8CKIT-062-BLE/Debug/libs/psoc6hal/src/pin_packages/cyhal_psoc6_02_68_qfn.o
LOAD C:/Users/asus/Desktop/eInkg/CapSense_Buttons_and_Slider_FreeRTOS/build/CY8CKIT-062-BLE/Debug/libs/psoc6hal/src/pin_packages/cyhal_psoc6_03_100_tqfp.o
LOAD C:/Users/asus/Desktop/eInkg/CapSense_Buttons_and_Slider_FreeRTOS/build/CY8CKIT-062-BLE/Debug/libs/psoc6hal/src/pin_packages/cyhal_psoc6_03_49_wlcsp.o
LOAD C:/Users/asus/Desktop/eInkg/CapSense_Buttons_and_Slider_FreeRTOS/build/CY8CKIT-062-BLE/Debug/libs/psoc6hal/src/pin_packages/cyhal_psoc6_03_68_qfn.o
LOAD C:/Users/asus/Desktop/eInkg/CapSense_Buttons_and_Slider_FreeRTOS/build/CY8CKIT-062-BLE/Debug/libs/psoc6pdl/drivers/source/cy_ble_clk.o
LOAD C:/Users/asus/Desktop/eInkg/CapSense_Buttons_and_Slider_FreeRTOS/build/CY8CKIT-062-BLE/Debug/libs/psoc6pdl/drivers/source/cy_canfd.o
LOAD C:/Users/asus/Desktop/eInkg/CapSense_Buttons_and_Slider_FreeRTOS/build/CY8CKIT-062-BLE/Debug/libs/psoc6pdl/drivers/source/cy_crypto.o
LOAD C:/Users/asus/Desktop/eInkg/CapSense_Buttons_and_Slider_FreeRTOS/build/CY8CKIT-062-BLE/Debug/libs/psoc6pdl/drivers/source/cy_crypto_core_aes_v1.o
LOAD C:/Users/asus/Desktop/eInkg/CapSense_Buttons_and_Slider_FreeRTOS/build/CY8CKIT-062-BLE/Debug/libs/psoc6pdl/drivers/source/cy_crypto_core_aes_v2.o
LOAD C:/Users/asus/Desktop/eInkg/CapSense_Buttons_and_Slider_FreeRTOS/build/CY8CKIT-062-BLE/Debug/libs/psoc6pdl/drivers/source/cy_crypto_core_cmac_v1.o
LOAD C:/Users/asus/Desktop/eInkg/CapSense_Buttons_and_Slider_FreeRTOS/build/CY8CKIT-062-BLE/Debug/libs/psoc6pdl/drivers/source/cy_crypto_core_cmac_v2.o
LOAD C:/Users/asus/Desktop/eInkg/CapSense_Buttons_and_Slider_FreeRTOS/build/CY8CKIT-062-BLE/Debug/libs/psoc6pdl/drivers/source/cy_crypto_core_crc_v1.o
LOAD C:/Users/asus/Desktop/eInkg/CapSense_Buttons_and_Slider_FreeRTOS/build/CY8CKIT-062-BLE/Debug/libs/psoc6pdl/drivers/source/cy_crypto_core_crc_v2.o
LOAD C:/Users/asus/Desktop/eInkg/CapSense_Buttons_and_Slider_FreeRTOS/build/CY8CKIT-062-BLE/Debug/libs/psoc6pdl/drivers/source/cy_crypto_core_des_v1.o
LOAD C:/Users/asus/Desktop/eInkg/CapSense_Buttons_and_Slider_FreeRTOS/build/CY8CKIT-062-BLE/Debug/libs/psoc6pdl/drivers/source/cy_crypto_core_des_v2.o
LOAD C:/Users/asus/Desktop/eInkg/CapSense_Buttons_and_Slider_FreeRTOS/build/CY8CKIT-062-BLE/Debug/libs/psoc6pdl/drivers/source/cy_crypto_core_ecc_domain_params.o
LOAD C:/Users/asus/Desktop/eInkg/CapSense_Buttons_and_Slider_FreeRTOS/build/CY8CKIT-062-BLE/Debug/libs/psoc6pdl/drivers/source/cy_crypto_core_ecc_ecdsa.o
LOAD C:/Users/asus/Desktop/eInkg/CapSense_Buttons_and_Slider_FreeRTOS/build/CY8CKIT-062-BLE/Debug/libs/psoc6pdl/drivers/source/cy_crypto_core_ecc_key_gen.o
LOAD C:/Users/asus/Desktop/eInkg/CapSense_Buttons_and_Slider_FreeRTOS/build/CY8CKIT-062-BLE/Debug/libs/psoc6pdl/drivers/source/cy_crypto_core_ecc_nist_p.o
LOAD C:/Users/asus/Desktop/eInkg/CapSense_Buttons_and_Slider_FreeRTOS/build/CY8CKIT-062-BLE/Debug/libs/psoc6pdl/drivers/source/cy_crypto_core_hmac_v1.o
LOAD C:/Users/asus/Desktop/eInkg/CapSense_Buttons_and_Slider_FreeRTOS/build/CY8CKIT-062-BLE/Debug/libs/psoc6pdl/drivers/source/cy_crypto_core_hmac_v2.o
LOAD C:/Users/asus/Desktop/eInkg/CapSense_Buttons_and_Slider_FreeRTOS/build/CY8CKIT-062-BLE/Debug/libs/psoc6pdl/drivers/source/cy_crypto_core_hw.o
LOAD C:/Users/asus/Desktop/eInkg/CapSense_Buttons_and_Slider_FreeRTOS/build/CY8CKIT-062-BLE/Debug/libs/psoc6pdl/drivers/source/cy_crypto_core_hw_v1.o
LOAD C:/Users/asus/Desktop/eInkg/CapSense_Buttons_and_Slider_FreeRTOS/build/CY8CKIT-062-BLE/Debug/libs/psoc6pdl/drivers/source/cy_crypto_core_mem_v1.o
LOAD C:/Users/asus/Desktop/eInkg/CapSense_Buttons_and_Slider_FreeRTOS/build/CY8CKIT-062-BLE/Debug/libs/psoc6pdl/drivers/source/cy_crypto_core_mem_v2.o
LOAD C:/Users/asus/Desktop/eInkg/CapSense_Buttons_and_Slider_FreeRTOS/build/CY8CKIT-062-BLE/Debug/libs/psoc6pdl/drivers/source/cy_crypto_core_prng_v1.o
LOAD C:/Users/asus/Desktop/eInkg/CapSense_Buttons_and_Slider_FreeRTOS/build/CY8CKIT-062-BLE/Debug/libs/psoc6pdl/drivers/source/cy_crypto_core_prng_v2.o
LOAD C:/Users/asus/Desktop/eInkg/CapSense_Buttons_and_Slider_FreeRTOS/build/CY8CKIT-062-BLE/Debug/libs/psoc6pdl/drivers/source/cy_crypto_core_rsa.o
LOAD C:/Users/asus/Desktop/eInkg/CapSense_Buttons_and_Slider_FreeRTOS/build/CY8CKIT-062-BLE/Debug/libs/psoc6pdl/drivers/source/cy_crypto_core_sha_v1.o
LOAD C:/Users/asus/Desktop/eInkg/CapSense_Buttons_and_Slider_FreeRTOS/build/CY8CKIT-062-BLE/Debug/libs/psoc6pdl/drivers/source/cy_crypto_core_sha_v2.o
LOAD C:/Users/asus/Desktop/eInkg/CapSense_Buttons_and_Slider_FreeRTOS/build/CY8CKIT-062-BLE/Debug/libs/psoc6pdl/drivers/source/cy_crypto_core_trng_v1.o
LOAD C:/Users/asus/Desktop/eInkg/CapSense_Buttons_and_Slider_FreeRTOS/build/CY8CKIT-062-BLE/Debug/libs/psoc6pdl/drivers/source/cy_crypto_core_trng_v2.o
LOAD C:/Users/asus/Desktop/eInkg/CapSense_Buttons_and_Slider_FreeRTOS/build/CY8CKIT-062-BLE/Debug/libs/psoc6pdl/drivers/source/cy_crypto_core_vu.o
LOAD C:/Users/asus/Desktop/eInkg/CapSense_Buttons_and_Slider_FreeRTOS/build/CY8CKIT-062-BLE/Debug/libs/psoc6pdl/drivers/source/cy_crypto_server.o
LOAD C:/Users/asus/Desktop/eInkg/CapSense_Buttons_and_Slider_FreeRTOS/build/CY8CKIT-062-BLE/Debug/libs/psoc6pdl/drivers/source/cy_csd.o
LOAD C:/Users/asus/Desktop/eInkg/CapSense_Buttons_and_Slider_FreeRTOS/build/CY8CKIT-062-BLE/Debug/libs/psoc6pdl/drivers/source/cy_ctb.o
LOAD C:/Users/asus/Desktop/eInkg/CapSense_Buttons_and_Slider_FreeRTOS/build/CY8CKIT-062-BLE/Debug/libs/psoc6pdl/drivers/source/cy_ctdac.o
LOAD C:/Users/asus/Desktop/eInkg/CapSense_Buttons_and_Slider_FreeRTOS/build/CY8CKIT-062-BLE/Debug/libs/psoc6pdl/drivers/source/cy_device.o
LOAD C:/Users/asus/Desktop/eInkg/CapSense_Buttons_and_Slider_FreeRTOS/build/CY8CKIT-062-BLE/Debug/libs/psoc6pdl/drivers/source/cy_dma.o
LOAD C:/Users/asus/Desktop/eInkg/CapSense_Buttons_and_Slider_FreeRTOS/build/CY8CKIT-062-BLE/Debug/libs/psoc6pdl/drivers/source/cy_dmac.o
LOAD C:/Users/asus/Desktop/eInkg/CapSense_Buttons_and_Slider_FreeRTOS/build/CY8CKIT-062-BLE/Debug/libs/psoc6pdl/drivers/source/cy_efuse.o
LOAD C:/Users/asus/Desktop/eInkg/CapSense_Buttons_and_Slider_FreeRTOS/build/CY8CKIT-062-BLE/Debug/libs/psoc6pdl/drivers/source/cy_flash.o
LOAD C:/Users/asus/Desktop/eInkg/CapSense_Buttons_and_Slider_FreeRTOS/build/CY8CKIT-062-BLE/Debug/libs/psoc6pdl/drivers/source/cy_gpio.o
LOAD C:/Users/asus/Desktop/eInkg/CapSense_Buttons_and_Slider_FreeRTOS/build/CY8CKIT-062-BLE/Debug/libs/psoc6pdl/drivers/source/cy_i2s.o
LOAD C:/Users/asus/Desktop/eInkg/CapSense_Buttons_and_Slider_FreeRTOS/build/CY8CKIT-062-BLE/Debug/libs/psoc6pdl/drivers/source/cy_ipc_drv.o
LOAD C:/Users/asus/Desktop/eInkg/CapSense_Buttons_and_Slider_FreeRTOS/build/CY8CKIT-062-BLE/Debug/libs/psoc6pdl/drivers/source/cy_ipc_pipe.o
LOAD C:/Users/asus/Desktop/eInkg/CapSense_Buttons_and_Slider_FreeRTOS/build/CY8CKIT-062-BLE/Debug/libs/psoc6pdl/drivers/source/cy_ipc_sema.o
LOAD C:/Users/asus/Desktop/eInkg/CapSense_Buttons_and_Slider_FreeRTOS/build/CY8CKIT-062-BLE/Debug/libs/psoc6pdl/drivers/source/cy_lpcomp.o
LOAD C:/Users/asus/Desktop/eInkg/CapSense_Buttons_and_Slider_FreeRTOS/build/CY8CKIT-062-BLE/Debug/libs/psoc6pdl/drivers/source/cy_lvd.o
LOAD C:/Users/asus/Desktop/eInkg/CapSense_Buttons_and_Slider_FreeRTOS/build/CY8CKIT-062-BLE/Debug/libs/psoc6pdl/drivers/source/cy_mcwdt.o
LOAD C:/Users/asus/Desktop/eInkg/CapSense_Buttons_and_Slider_FreeRTOS/build/CY8CKIT-062-BLE/Debug/libs/psoc6pdl/drivers/source/cy_pdm_pcm.o
LOAD C:/Users/asus/Desktop/eInkg/CapSense_Buttons_and_Slider_FreeRTOS/build/CY8CKIT-062-BLE/Debug/libs/psoc6pdl/drivers/source/cy_profile.o
LOAD C:/Users/asus/Desktop/eInkg/CapSense_Buttons_and_Slider_FreeRTOS/build/CY8CKIT-062-BLE/Debug/libs/psoc6pdl/drivers/source/cy_prot.o
LOAD C:/Users/asus/Desktop/eInkg/CapSense_Buttons_and_Slider_FreeRTOS/build/CY8CKIT-062-BLE/Debug/libs/psoc6pdl/drivers/source/cy_rtc.o
LOAD C:/Users/asus/Desktop/eInkg/CapSense_Buttons_and_Slider_FreeRTOS/build/CY8CKIT-062-BLE/Debug/libs/psoc6pdl/drivers/source/cy_sar.o
LOAD C:/Users/asus/Desktop/eInkg/CapSense_Buttons_and_Slider_FreeRTOS/build/CY8CKIT-062-BLE/Debug/libs/psoc6pdl/drivers/source/cy_scb_common.o
LOAD C:/Users/asus/Desktop/eInkg/CapSense_Buttons_and_Slider_FreeRTOS/build/CY8CKIT-062-BLE/Debug/libs/psoc6pdl/drivers/source/cy_scb_ezi2c.o
LOAD C:/Users/asus/Desktop/eInkg/CapSense_Buttons_and_Slider_FreeRTOS/build/CY8CKIT-062-BLE/Debug/libs/psoc6pdl/drivers/source/cy_scb_i2c.o
LOAD C:/Users/asus/Desktop/eInkg/CapSense_Buttons_and_Slider_FreeRTOS/build/CY8CKIT-062-BLE/Debug/libs/psoc6pdl/drivers/source/cy_scb_spi.o
LOAD C:/Users/asus/Desktop/eInkg/CapSense_Buttons_and_Slider_FreeRTOS/build/CY8CKIT-062-BLE/Debug/libs/psoc6pdl/drivers/source/cy_scb_uart.o
LOAD C:/Users/asus/Desktop/eInkg/CapSense_Buttons_and_Slider_FreeRTOS/build/CY8CKIT-062-BLE/Debug/libs/psoc6pdl/drivers/source/cy_sd_host.o
LOAD C:/Users/asus/Desktop/eInkg/CapSense_Buttons_and_Slider_FreeRTOS/build/CY8CKIT-062-BLE/Debug/libs/psoc6pdl/drivers/source/cy_seglcd.o
LOAD C:/Users/asus/Desktop/eInkg/CapSense_Buttons_and_Slider_FreeRTOS/build/CY8CKIT-062-BLE/Debug/libs/psoc6pdl/drivers/source/cy_smartio.o
LOAD C:/Users/asus/Desktop/eInkg/CapSense_Buttons_and_Slider_FreeRTOS/build/CY8CKIT-062-BLE/Debug/libs/psoc6pdl/drivers/source/cy_smif.o
LOAD C:/Users/asus/Desktop/eInkg/CapSense_Buttons_and_Slider_FreeRTOS/build/CY8CKIT-062-BLE/Debug/libs/psoc6pdl/drivers/source/cy_smif_memslot.o
LOAD C:/Users/asus/Desktop/eInkg/CapSense_Buttons_and_Slider_FreeRTOS/build/CY8CKIT-062-BLE/Debug/libs/psoc6pdl/drivers/source/cy_sysanalog.o
LOAD C:/Users/asus/Desktop/eInkg/CapSense_Buttons_and_Slider_FreeRTOS/build/CY8CKIT-062-BLE/Debug/libs/psoc6pdl/drivers/source/cy_sysclk.o
LOAD C:/Users/asus/Desktop/eInkg/CapSense_Buttons_and_Slider_FreeRTOS/build/CY8CKIT-062-BLE/Debug/libs/psoc6pdl/drivers/source/cy_sysint.o
LOAD C:/Users/asus/Desktop/eInkg/CapSense_Buttons_and_Slider_FreeRTOS/build/CY8CKIT-062-BLE/Debug/libs/psoc6pdl/drivers/source/cy_syslib.o
LOAD C:/Users/asus/Desktop/eInkg/CapSense_Buttons_and_Slider_FreeRTOS/build/CY8CKIT-062-BLE/Debug/libs/psoc6pdl/drivers/source/cy_syspm.o
LOAD C:/Users/asus/Desktop/eInkg/CapSense_Buttons_and_Slider_FreeRTOS/build/CY8CKIT-062-BLE/Debug/libs/psoc6pdl/drivers/source/cy_systick.o
LOAD C:/Users/asus/Desktop/eInkg/CapSense_Buttons_and_Slider_FreeRTOS/build/CY8CKIT-062-BLE/Debug/libs/psoc6pdl/drivers/source/cy_tcpwm_counter.o
LOAD C:/Users/asus/Desktop/eInkg/CapSense_Buttons_and_Slider_FreeRTOS/build/CY8CKIT-062-BLE/Debug/libs/psoc6pdl/drivers/source/cy_tcpwm_pwm.o
LOAD C:/Users/asus/Desktop/eInkg/CapSense_Buttons_and_Slider_FreeRTOS/build/CY8CKIT-062-BLE/Debug/libs/psoc6pdl/drivers/source/cy_tcpwm_quaddec.o
LOAD C:/Users/asus/Desktop/eInkg/CapSense_Buttons_and_Slider_FreeRTOS/build/CY8CKIT-062-BLE/Debug/libs/psoc6pdl/drivers/source/cy_trigmux.o
LOAD C:/Users/asus/Desktop/eInkg/CapSense_Buttons_and_Slider_FreeRTOS/build/CY8CKIT-062-BLE/Debug/libs/psoc6pdl/drivers/source/cy_usbfs_dev_drv.o
LOAD C:/Users/asus/Desktop/eInkg/CapSense_Buttons_and_Slider_FreeRTOS/build/CY8CKIT-062-BLE/Debug/libs/psoc6pdl/drivers/source/cy_usbfs_dev_drv_io.o
LOAD C:/Users/asus/Desktop/eInkg/CapSense_Buttons_and_Slider_FreeRTOS/build/CY8CKIT-062-BLE/Debug/libs/psoc6pdl/drivers/source/cy_usbfs_dev_drv_io_dma.o
LOAD C:/Users/asus/Desktop/eInkg/CapSense_Buttons_and_Slider_FreeRTOS/build/CY8CKIT-062-BLE/Debug/libs/psoc6pdl/drivers/source/cy_wdt.o
LOAD C:/Users/asus/Desktop/eInkg/CapSense_Buttons_and_Slider_FreeRTOS/build/CY8CKIT-062-BLE/Debug/libs/retarget-io/cy_retarget_io.o
LOAD C:/Users/asus/Desktop/eInkg/CapSense_Buttons_and_Slider_FreeRTOS/build/CY8CKIT-062-BLE/Debug/main.o
LOAD C:/Users/asus/Desktop/eInkg/CapSense_Buttons_and_Slider_FreeRTOS/build/CY8CKIT-062-BLE/Debug/main_task.o
START GROUP
LOAD ./libs/capsense/COMPONENT_SOFTFP/TOOLCHAIN_GCC_ARM/libcy_capsense.a
END GROUP
LOAD c:/users/asus/modustoolbox/tools_2.0/gcc-7.2.1/bin/../lib/gcc/arm-none-eabi/7.2.1/../../../../arm-none-eabi/lib/thumb/v7e-m/fpv4-sp/softfp\libstdc++_nano.a
LOAD c:/users/asus/modustoolbox/tools_2.0/gcc-7.2.1/bin/../lib/gcc/arm-none-eabi/7.2.1/../../../../arm-none-eabi/lib/thumb/v7e-m/fpv4-sp/softfp\libm.a
START GROUP
LOAD c:/users/asus/modustoolbox/tools_2.0/gcc-7.2.1/bin/../lib/gcc/arm-none-eabi/7.2.1/thumb/v7e-m/fpv4-sp/softfp\libgcc.a
LOAD c:/users/asus/modustoolbox/tools_2.0/gcc-7.2.1/bin/../lib/gcc/arm-none-eabi/7.2.1/../../../../arm-none-eabi/lib/thumb/v7e-m/fpv4-sp/softfp\libg_nano.a
LOAD c:/users/asus/modustoolbox/tools_2.0/gcc-7.2.1/bin/../lib/gcc/arm-none-eabi/7.2.1/../../../../arm-none-eabi/lib/thumb/v7e-m/fpv4-sp/softfp\libc_nano.a
END GROUP
START GROUP
LOAD c:/users/asus/modustoolbox/tools_2.0/gcc-7.2.1/bin/../lib/gcc/arm-none-eabi/7.2.1/thumb/v7e-m/fpv4-sp/softfp\libgcc.a
LOAD c:/users/asus/modustoolbox/tools_2.0/gcc-7.2.1/bin/../lib/gcc/arm-none-eabi/7.2.1/../../../../arm-none-eabi/lib/thumb/v7e-m/fpv4-sp/softfp\libc_nano.a
END GROUP
LOAD c:/users/asus/modustoolbox/tools_2.0/gcc-7.2.1/bin/../lib/gcc/arm-none-eabi/7.2.1/thumb/v7e-m/fpv4-sp/softfp/crtend.o
LOAD c:/users/asus/modustoolbox/tools_2.0/gcc-7.2.1/bin/../lib/gcc/arm-none-eabi/7.2.1/thumb/v7e-m/fpv4-sp/softfp/crtn.o
START GROUP
LOAD c:/users/asus/modustoolbox/tools_2.0/gcc-7.2.1/bin/../lib/gcc/arm-none-eabi/7.2.1/thumb/v7e-m/fpv4-sp/softfp\libgcc.a
LOAD c:/users/asus/modustoolbox/tools_2.0/gcc-7.2.1/bin/../lib/gcc/arm-none-eabi/7.2.1/../../../../arm-none-eabi/lib/thumb/v7e-m/fpv4-sp/softfp\libc.a
LOAD c:/users/asus/modustoolbox/tools_2.0/gcc-7.2.1/bin/../lib/gcc/arm-none-eabi/7.2.1/../../../../arm-none-eabi/lib/thumb/v7e-m/fpv4-sp/softfp\libnosys.a
END GROUP
                0x00001000                STACK_SIZE = 0x1000
                0x00002000                FLASH_CM0P_SIZE = 0x2000
START GROUP
LOAD c:/users/asus/modustoolbox/tools_2.0/gcc-7.2.1/bin/../lib/gcc/arm-none-eabi/7.2.1/thumb/v7e-m/fpv4-sp/softfp\libgcc.a
LOAD c:/users/asus/modustoolbox/tools_2.0/gcc-7.2.1/bin/../lib/gcc/arm-none-eabi/7.2.1/../../../../arm-none-eabi/lib/thumb/v7e-m/fpv4-sp/softfp\libc.a
LOAD c:/users/asus/modustoolbox/tools_2.0/gcc-7.2.1/bin/../lib/gcc/arm-none-eabi/7.2.1/../../../../arm-none-eabi/lib/thumb/v7e-m/fpv4-sp/softfp\libm.a
LOAD c:/users/asus/modustoolbox/tools_2.0/gcc-7.2.1/bin/../lib/gcc/arm-none-eabi/7.2.1/../../../../arm-none-eabi/lib/thumb/v7e-m/fpv4-sp/softfp\libnosys.a
END GROUP

.cy_m0p_image   0x10000000     0x14d0
                0x10000000                . = ALIGN (0x4)
                0x10000000                __cy_m0p_code_start = .
 *(.cy_m0p_image)
 .cy_m0p_image  0x10000000     0x14d0 C:/Users/asus/Desktop/eInkg/CapSense_Buttons_and_Slider_FreeRTOS/build/CY8CKIT-062-BLE/Debug/libs/psoc6cm0p/COMPONENT_CM0P_SLEEP/psoc6_01_cm0p_sleep.o
                0x10000000                cy_m0p_image
                0x100014d0                __cy_m0p_code_end = .
                0x00000001                ASSERT ((__cy_m0p_code_end <= (ORIGIN (flash) + FLASH_CM0P_SIZE)), CM0+ flash image overflows with CM4, increase FLASH_CM0P_SIZE)

.text           0x10002000     0xa8cc
                0x10002000                . = ALIGN (0x4)
                0x10002000                __Vectors = .
 *(.vectors)
 .vectors       0x10002000      0x28c C:/Users/asus/Desktop/eInkg/CapSense_Buttons_and_Slider_FreeRTOS/build/CY8CKIT-062-BLE/Debug/libs/TARGET_CY8CKIT-062-BLE/startup/TOOLCHAIN_GCC_ARM/startup_psoc6_01_cm4.o
                0x1000228c                . = ALIGN (0x4)
                0x1000228c                __Vectors_End = .
                0x0000028c                __Vectors_Size = (__Vectors_End - __Vectors)
                0x1000228c                __end__ = .
                0x1000228c                . = ALIGN (0x4)
 *(.text*)
 .text          0x1000228c       0x40 c:/users/asus/modustoolbox/tools_2.0/gcc-7.2.1/bin/../lib/gcc/arm-none-eabi/7.2.1/thumb/v7e-m/fpv4-sp/softfp/crtbegin.o
 .text          0x100022cc       0x94 C:/Users/asus/Desktop/eInkg/CapSense_Buttons_and_Slider_FreeRTOS/build/CY8CKIT-062-BLE/Debug/libs/TARGET_CY8CKIT-062-BLE/startup/TOOLCHAIN_GCC_ARM/startup_psoc6_01_cm4.o
                0x100022cc                Cy_OnResetUser
                0x100022ce                cy_toolchain_init
                0x100022d0                Reset_Handler
                0x10002340                DebugMon_Handler
                0x10002340                tcpwm_1_interrupts_11_IRQHandler
                0x10002340                cpuss_interrupts_ipc_0_IRQHandler
                0x10002340                tcpwm_1_interrupts_15_IRQHandler
                0x10002340                ioss_interrupts_gpio_13_IRQHandler
                0x10002340                tcpwm_1_interrupts_13_IRQHandler
                0x10002340                cpuss_interrupts_dw1_8_IRQHandler
                0x10002340                tcpwm_0_interrupts_0_IRQHandler
                0x10002340                cpuss_interrupt_fm_IRQHandler
                0x10002340                cpuss_interrupts_ipc_7_IRQHandler
                0x10002340                tcpwm_1_interrupts_14_IRQHandler
                0x10002340                cpuss_interrupts_dw0_11_IRQHandler
                0x10002340                tcpwm_1_interrupts_9_IRQHandler
                0x10002340                cpuss_interrupts_cm0_cti_1_IRQHandler
                0x10002340                tcpwm_1_interrupts_22_IRQHandler
                0x10002340                cpuss_interrupts_dw0_4_IRQHandler
                0x10002340                NMI_Handler
                0x10002340                cpuss_interrupts_dw1_12_IRQHandler
                0x10002340                tcpwm_1_interrupts_12_IRQHandler
                0x10002340                smif_interrupt_IRQHandler
                0x10002340                tcpwm_1_interrupts_2_IRQHandler
                0x10002340                cpuss_interrupts_ipc_13_IRQHandler
                0x10002340                udb_interrupts_11_IRQHandler
                0x10002340                tcpwm_1_interrupts_18_IRQHandler
                0x10002340                cpuss_interrupts_ipc_6_IRQHandler
                0x10002340                tcpwm_0_interrupts_2_IRQHandler
                0x10002340                cpuss_interrupts_dw0_13_IRQHandler
                0x10002340                udb_interrupts_2_IRQHandler
                0x10002340                cpuss_interrupts_dw1_7_IRQHandler
                0x10002340                cpuss_interrupts_dw0_5_IRQHandler
                0x10002340                ioss_interrupts_gpio_7_IRQHandler
                0x10002340                scb_5_interrupt_IRQHandler
                0x10002340                udb_interrupts_6_IRQHandler
                0x10002340                cpuss_interrupts_fault_1_IRQHandler
                0x10002340                cpuss_interrupts_ipc_4_IRQHandler
                0x10002340                cpuss_interrupts_ipc_5_IRQHandler
                0x10002340                cpuss_interrupts_dw1_10_IRQHandler
                0x10002340                udb_interrupts_0_IRQHandler
                0x10002340                tcpwm_1_interrupts_6_IRQHandler
                0x10002340                scb_4_interrupt_IRQHandler
                0x10002340                pass_interrupt_dacs_IRQHandler
                0x10002340                ioss_interrupts_gpio_2_IRQHandler
                0x10002340                cpuss_interrupts_dw1_9_IRQHandler
                0x10002340                cpuss_interrupts_dw1_13_IRQHandler
                0x10002340                scb_2_interrupt_IRQHandler
                0x10002340                cpuss_interrupts_cm0_cti_0_IRQHandler
                0x10002340                udb_interrupts_5_IRQHandler
                0x10002340                srss_interrupt_IRQHandler
                0x10002340                udb_interrupts_12_IRQHandler
                0x10002340                scb_0_interrupt_IRQHandler
                0x10002340                csd_interrupt_IRQHandler
                0x10002340                udb_interrupts_1_IRQHandler
                0x10002340                profile_interrupt_IRQHandler
                0x10002340                tcpwm_1_interrupts_1_IRQHandler
                0x10002340                cpuss_interrupts_ipc_12_IRQHandler
                0x10002340                tcpwm_1_interrupts_3_IRQHandler
                0x10002340                tcpwm_0_interrupts_7_IRQHandler
                0x10002340                cpuss_interrupts_dw1_1_IRQHandler
                0x10002340                cpuss_interrupts_dw1_0_IRQHandler
                0x10002340                cpuss_interrupts_dw0_9_IRQHandler
                0x10002340                ioss_interrupts_gpio_1_IRQHandler
                0x10002340                tcpwm_1_interrupts_23_IRQHandler
                0x10002340                udb_interrupts_4_IRQHandler
                0x10002340                tcpwm_1_interrupts_20_IRQHandler
                0x10002340                ioss_interrupt_gpio_IRQHandler
                0x10002340                tcpwm_0_interrupts_1_IRQHandler
                0x10002340                ioss_interrupts_gpio_8_IRQHandler
                0x10002340                tcpwm_0_interrupts_6_IRQHandler
                0x10002340                scb_7_interrupt_IRQHandler
                0x10002340                tcpwm_1_interrupts_7_IRQHandler
                0x10002340                cpuss_interrupts_ipc_11_IRQHandler
                0x10002340                udb_interrupts_13_IRQHandler
                0x10002340                cpuss_interrupts_dw0_15_IRQHandler
                0x10002340                udb_interrupts_7_IRQHandler
                0x10002340                cpuss_interrupts_dw1_6_IRQHandler
                0x10002340                cpuss_interrupt_crypto_IRQHandler
                0x10002340                scb_1_interrupt_IRQHandler
                0x10002340                Default_Handler
                0x10002340                usb_interrupt_hi_IRQHandler
                0x10002340                tcpwm_1_interrupts_0_IRQHandler
                0x10002340                udb_interrupts_9_IRQHandler
                0x10002340                audioss_interrupt_pdm_IRQHandler
                0x10002340                srss_interrupt_mcwdt_0_IRQHandler
                0x10002340                scb_3_interrupt_IRQHandler
                0x10002340                pass_interrupt_ctbs_IRQHandler
                0x10002340                udb_interrupts_8_IRQHandler
                0x10002340                ioss_interrupts_gpio_3_IRQHandler
                0x10002340                scb_6_interrupt_IRQHandler
                0x10002340                cpuss_interrupts_cm4_cti_0_IRQHandler
                0x10002340                cpuss_interrupts_dw1_3_IRQHandler
                0x10002340                pass_interrupt_sar_IRQHandler
                0x10002340                ioss_interrupts_gpio_0_IRQHandler
                0x10002340                ioss_interrupts_gpio_14_IRQHandler
                0x10002340                tcpwm_0_interrupts_4_IRQHandler
                0x10002340                udb_interrupts_3_IRQHandler
                0x10002340                tcpwm_0_interrupts_5_IRQHandler
                0x10002340                cpuss_interrupts_ipc_15_IRQHandler
                0x10002340                cpuss_interrupts_cm4_cti_1_IRQHandler
                0x10002340                scb_8_interrupt_IRQHandler
                0x10002340                srss_interrupt_mcwdt_1_IRQHandler
                0x10002340                cpuss_interrupts_dw1_2_IRQHandler
                0x10002340                cpuss_interrupts_dw1_5_IRQHandler
                0x10002340                cpuss_interrupts_ipc_1_IRQHandler
                0x10002340                lpcomp_interrupt_IRQHandler
                0x10002340                cpuss_interrupts_dw0_0_IRQHandler
                0x10002340                ioss_interrupts_gpio_12_IRQHandler
                0x10002340                cpuss_interrupts_ipc_3_IRQHandler
                0x10002340                tcpwm_1_interrupts_17_IRQHandler
                0x10002340                srss_interrupt_backup_IRQHandler
                0x10002340                bless_interrupt_IRQHandler
                0x10002340                cpuss_interrupts_ipc_10_IRQHandler
                0x10002340                cpuss_interrupts_ipc_9_IRQHandler
                0x10002340                cpuss_interrupts_dw0_14_IRQHandler
                0x10002340                tcpwm_1_interrupts_4_IRQHandler
                0x10002340                tcpwm_0_interrupts_3_IRQHandler
                0x10002340                cpuss_interrupts_dw1_15_IRQHandler
                0x10002340                ioss_interrupts_gpio_10_IRQHandler
                0x10002340                udb_interrupts_10_IRQHandler
                0x10002340                cpuss_interrupts_dw0_8_IRQHandler
                0x10002340                ioss_interrupts_gpio_11_IRQHandler
                0x10002340                cpuss_interrupts_ipc_14_IRQHandler
                0x10002340                ioss_interrupts_gpio_5_IRQHandler
                0x10002340                ioss_interrupts_gpio_4_IRQHandler
                0x10002340                tcpwm_1_interrupts_8_IRQHandler
                0x10002340                cpuss_interrupts_dw1_14_IRQHandler
                0x10002340                usb_interrupt_med_IRQHandler
                0x10002340                cpuss_interrupts_dw0_2_IRQHandler
                0x10002340                tcpwm_1_interrupts_10_IRQHandler
                0x10002340                cpuss_interrupts_fault_0_IRQHandler
                0x10002340                cpuss_interrupts_dw0_12_IRQHandler
                0x10002340                ioss_interrupts_gpio_6_IRQHandler
                0x10002340                tcpwm_1_interrupts_21_IRQHandler
                0x10002340                tcpwm_1_interrupts_16_IRQHandler
                0x10002340                cpuss_interrupts_dw1_4_IRQHandler
                0x10002340                udb_interrupts_15_IRQHandler
                0x10002340                cpuss_interrupts_dw1_11_IRQHandler
                0x10002340                cpuss_interrupts_dw0_6_IRQHandler
                0x10002340                ioss_interrupt_vdd_IRQHandler
                0x10002340                cpuss_interrupts_dw0_7_IRQHandler
                0x10002340                audioss_interrupt_i2s_IRQHandler
                0x10002340                tcpwm_1_interrupts_5_IRQHandler
                0x10002340                cpuss_interrupts_ipc_2_IRQHandler
                0x10002340                cpuss_interrupts_dw0_10_IRQHandler
                0x10002340                tcpwm_1_interrupts_19_IRQHandler
                0x10002340                cpuss_interrupts_dw0_1_IRQHandler
                0x10002340                ioss_interrupts_gpio_9_IRQHandler
                0x10002340                usb_interrupt_lo_IRQHandler
                0x10002340                cpuss_interrupts_ipc_8_IRQHandler
                0x10002340                udb_interrupts_14_IRQHandler
                0x10002340                cpuss_interrupts_dw0_3_IRQHandler
                0x10002344                UsageFault_Handler
                0x10002344                HardFault_Handler
                0x10002344                MemManage_Handler
                0x10002344                BusFault_Handler
 .text          0x10002360       0x20 C:/Users/asus/Desktop/eInkg/CapSense_Buttons_and_Slider_FreeRTOS/build/CY8CKIT-062-BLE/Debug/libs/psoc6pdl/drivers/source/TOOLCHAIN_GCC_ARM/cy_syslib_gcc.o
                0x10002360                Cy_SysLib_DelayCycles
                0x10002372                Cy_SysLib_EnterCriticalSection
                0x1000237a                Cy_SysLib_ExitCriticalSection
 .text.handle_error
                0x10002380        0x6 C:/Users/asus/Desktop/eInkg/CapSense_Buttons_and_Slider_FreeRTOS/build/CY8CKIT-062-BLE/Debug/helpers.o
                0x10002380                handle_error
 *fill*         0x10002386        0x2 
 .text.led1_timer_callback
                0x10002388       0x38 C:/Users/asus/Desktop/eInkg/CapSense_Buttons_and_Slider_FreeRTOS/build/CY8CKIT-062-BLE/Debug/led_task.o
 .text.task_led
                0x100023c0      0x130 C:/Users/asus/Desktop/eInkg/CapSense_Buttons_and_Slider_FreeRTOS/build/CY8CKIT-062-BLE/Debug/led_task.o
                0x100023c0                task_led
 .text.init_cycfg_all
                0x100024f0       0x18 C:/Users/asus/Desktop/eInkg/CapSense_Buttons_and_Slider_FreeRTOS/build/CY8CKIT-062-BLE/Debug/libs/TARGET_CY8CKIT-062-BLE/COMPONENT_BSP_DESIGN_MODUS/GeneratedSource/cycfg.o
                0x100024f0                init_cycfg_all
 .text.init_cycfg_clocks
                0x10002508      0x114 C:/Users/asus/Desktop/eInkg/CapSense_Buttons_and_Slider_FreeRTOS/build/CY8CKIT-062-BLE/Debug/libs/TARGET_CY8CKIT-062-BLE/COMPONENT_BSP_DESIGN_MODUS/GeneratedSource/cycfg_clocks.o
                0x10002508                init_cycfg_clocks
 .text.init_cycfg_peripherals
                0x1000261c       0x6c C:/Users/asus/Desktop/eInkg/CapSense_Buttons_and_Slider_FreeRTOS/build/CY8CKIT-062-BLE/Debug/libs/TARGET_CY8CKIT-062-BLE/COMPONENT_BSP_DESIGN_MODUS/GeneratedSource/cycfg_peripherals.o
                0x1000261c                init_cycfg_peripherals
 .text.init_cycfg_pins
                0x10002688      0x174 C:/Users/asus/Desktop/eInkg/CapSense_Buttons_and_Slider_FreeRTOS/build/CY8CKIT-062-BLE/Debug/libs/TARGET_CY8CKIT-062-BLE/COMPONENT_BSP_DESIGN_MODUS/GeneratedSource/cycfg_pins.o
                0x10002688                init_cycfg_pins
 .text.init_cycfg_routing
                0x100027fc       0x18 C:/Users/asus/Desktop/eInkg/CapSense_Buttons_and_Slider_FreeRTOS/build/CY8CKIT-062-BLE/Debug/libs/TARGET_CY8CKIT-062-BLE/COMPONENT_BSP_DESIGN_MODUS/GeneratedSource/cycfg_routing.o
                0x100027fc                init_cycfg_routing
 .text.cycfg_ClockStartupError
                0x10002814        0x2 C:/Users/asus/Desktop/eInkg/CapSense_Buttons_and_Slider_FreeRTOS/build/CY8CKIT-062-BLE/Debug/libs/TARGET_CY8CKIT-062-BLE/COMPONENT_BSP_DESIGN_MODUS/GeneratedSource/cycfg_system.o
                0x10002814                cycfg_ClockStartupError
 *fill*         0x10002816        0x2 
 .text.init_cycfg_system
                0x10002818      0x4e0 C:/Users/asus/Desktop/eInkg/CapSense_Buttons_and_Slider_FreeRTOS/build/CY8CKIT-062-BLE/Debug/libs/TARGET_CY8CKIT-062-BLE/COMPONENT_BSP_DESIGN_MODUS/GeneratedSource/cycfg_system.o
                0x10002818                init_cycfg_system
 .text.Cy_SysIpcPipeIsrCm4
                0x10002cf8        0xa C:/Users/asus/Desktop/eInkg/CapSense_Buttons_and_Slider_FreeRTOS/build/CY8CKIT-062-BLE/Debug/libs/TARGET_CY8CKIT-062-BLE/startup/system_psoc6_cm4.o
                0x10002cf8                Cy_SysIpcPipeIsrCm4
 .text.Cy_SystemInit
                0x10002d02        0x2 C:/Users/asus/Desktop/eInkg/CapSense_Buttons_and_Slider_FreeRTOS/build/CY8CKIT-062-BLE/Debug/libs/TARGET_CY8CKIT-062-BLE/startup/system_psoc6_cm4.o
                0x10002d02                Cy_SystemInit
 .text.SystemCoreClockUpdate
                0x10002d04      0x1c8 C:/Users/asus/Desktop/eInkg/CapSense_Buttons_and_Slider_FreeRTOS/build/CY8CKIT-062-BLE/Debug/libs/TARGET_CY8CKIT-062-BLE/startup/system_psoc6_cm4.o
                0x10002d04                SystemCoreClockUpdate
 .text.SystemInit
                0x10002ecc       0x48 C:/Users/asus/Desktop/eInkg/CapSense_Buttons_and_Slider_FreeRTOS/build/CY8CKIT-062-BLE/Debug/libs/TARGET_CY8CKIT-062-BLE/startup/system_psoc6_cm4.o
                0x10002ecc                SystemInit
 .text.Cy_SystemInitFpuEnable
                0x10002f14       0x28 C:/Users/asus/Desktop/eInkg/CapSense_Buttons_and_Slider_FreeRTOS/build/CY8CKIT-062-BLE/Debug/libs/TARGET_CY8CKIT-062-BLE/startup/system_psoc6_cm4.o
                0x10002f14                Cy_SystemInitFpuEnable
 .text.vListInitialise
                0x10002f3c       0x16 C:/Users/asus/Desktop/eInkg/CapSense_Buttons_and_Slider_FreeRTOS/build/CY8CKIT-062-BLE/Debug/libs/freertos/Source/list.o
                0x10002f3c                vListInitialise
 .text.vListInitialiseItem
                0x10002f52        0x6 C:/Users/asus/Desktop/eInkg/CapSense_Buttons_and_Slider_FreeRTOS/build/CY8CKIT-062-BLE/Debug/libs/freertos/Source/list.o
                0x10002f52                vListInitialiseItem
 .text.vListInsertEnd
                0x10002f58       0x18 C:/Users/asus/Desktop/eInkg/CapSense_Buttons_and_Slider_FreeRTOS/build/CY8CKIT-062-BLE/Debug/libs/freertos/Source/list.o
                0x10002f58                vListInsertEnd
 .text.vListInsert
                0x10002f70       0x34 C:/Users/asus/Desktop/eInkg/CapSense_Buttons_and_Slider_FreeRTOS/build/CY8CKIT-062-BLE/Debug/libs/freertos/Source/list.o
                0x10002f70                vListInsert
 .text.uxListRemove
                0x10002fa4       0x28 C:/Users/asus/Desktop/eInkg/CapSense_Buttons_and_Slider_FreeRTOS/build/CY8CKIT-062-BLE/Debug/libs/freertos/Source/list.o
                0x10002fa4                uxListRemove
 .text.prvHeapInit
                0x10002fcc       0x64 C:/Users/asus/Desktop/eInkg/CapSense_Buttons_and_Slider_FreeRTOS/build/CY8CKIT-062-BLE/Debug/libs/freertos/Source/portable/MemMang/heap_4.o
 .text.prvInsertBlockIntoFreeList
                0x10003030       0x58 C:/Users/asus/Desktop/eInkg/CapSense_Buttons_and_Slider_FreeRTOS/build/CY8CKIT-062-BLE/Debug/libs/freertos/Source/portable/MemMang/heap_4.o
 .text.pvPortMalloc
                0x10003088      0x108 C:/Users/asus/Desktop/eInkg/CapSense_Buttons_and_Slider_FreeRTOS/build/CY8CKIT-062-BLE/Debug/libs/freertos/Source/portable/MemMang/heap_4.o
                0x10003088                pvPortMalloc
 .text.vPortFree
                0x10003190       0x70 C:/Users/asus/Desktop/eInkg/CapSense_Buttons_and_Slider_FreeRTOS/build/CY8CKIT-062-BLE/Debug/libs/freertos/Source/portable/MemMang/heap_4.o
                0x10003190                vPortFree
 .text.prvTaskExitError
                0x10003200       0x40 C:/Users/asus/Desktop/eInkg/CapSense_Buttons_and_Slider_FreeRTOS/build/CY8CKIT-062-BLE/Debug/libs/freertos/Source/portable/TOOLCHAIN_GCC_ARM/CM4F/port.o
 .text.prvPortStartFirstTask
                0x10003240       0x28 C:/Users/asus/Desktop/eInkg/CapSense_Buttons_and_Slider_FreeRTOS/build/CY8CKIT-062-BLE/Debug/libs/freertos/Source/portable/TOOLCHAIN_GCC_ARM/CM4F/port.o
 .text.vPortEnableVFP
                0x10003268       0x14 C:/Users/asus/Desktop/eInkg/CapSense_Buttons_and_Slider_FreeRTOS/build/CY8CKIT-062-BLE/Debug/libs/freertos/Source/portable/TOOLCHAIN_GCC_ARM/CM4F/port.o
 .text.pxPortInitialiseStack
                0x1000327c       0x2c C:/Users/asus/Desktop/eInkg/CapSense_Buttons_and_Slider_FreeRTOS/build/CY8CKIT-062-BLE/Debug/libs/freertos/Source/portable/TOOLCHAIN_GCC_ARM/CM4F/port.o
                0x1000327c                pxPortInitialiseStack
 *fill*         0x100032a8        0x8 
 .text.SVC_Handler
                0x100032b0       0x24 C:/Users/asus/Desktop/eInkg/CapSense_Buttons_and_Slider_FreeRTOS/build/CY8CKIT-062-BLE/Debug/libs/freertos/Source/portable/TOOLCHAIN_GCC_ARM/CM4F/port.o
                0x100032b0                SVC_Handler
 .text.vPortEnterCritical
                0x100032d4       0x44 C:/Users/asus/Desktop/eInkg/CapSense_Buttons_and_Slider_FreeRTOS/build/CY8CKIT-062-BLE/Debug/libs/freertos/Source/portable/TOOLCHAIN_GCC_ARM/CM4F/port.o
                0x100032d4                vPortEnterCritical
 .text.vPortExitCritical
                0x10003318       0x2c C:/Users/asus/Desktop/eInkg/CapSense_Buttons_and_Slider_FreeRTOS/build/CY8CKIT-062-BLE/Debug/libs/freertos/Source/portable/TOOLCHAIN_GCC_ARM/CM4F/port.o
                0x10003318                vPortExitCritical
 *fill*         0x10003344        0xc 
 .text.PendSV_Handler
                0x10003350       0x64 C:/Users/asus/Desktop/eInkg/CapSense_Buttons_and_Slider_FreeRTOS/build/CY8CKIT-062-BLE/Debug/libs/freertos/Source/portable/TOOLCHAIN_GCC_ARM/CM4F/port.o
                0x10003350                PendSV_Handler
 .text.SysTick_Handler
                0x100033b4       0x2c C:/Users/asus/Desktop/eInkg/CapSense_Buttons_and_Slider_FreeRTOS/build/CY8CKIT-062-BLE/Debug/libs/freertos/Source/portable/TOOLCHAIN_GCC_ARM/CM4F/port.o
                0x100033b4                SysTick_Handler
 .text.vPortSetupTimerInterrupt
                0x100033e0       0x38 C:/Users/asus/Desktop/eInkg/CapSense_Buttons_and_Slider_FreeRTOS/build/CY8CKIT-062-BLE/Debug/libs/freertos/Source/portable/TOOLCHAIN_GCC_ARM/CM4F/port.o
                0x100033e0                vPortSetupTimerInterrupt
 .text.xPortStartScheduler
                0x10003418       0xcc C:/Users/asus/Desktop/eInkg/CapSense_Buttons_and_Slider_FreeRTOS/build/CY8CKIT-062-BLE/Debug/libs/freertos/Source/portable/TOOLCHAIN_GCC_ARM/CM4F/port.o
                0x10003418                xPortStartScheduler
 .text.vPortValidateInterruptPriority
                0x100034e4       0x5c C:/Users/asus/Desktop/eInkg/CapSense_Buttons_and_Slider_FreeRTOS/build/CY8CKIT-062-BLE/Debug/libs/freertos/Source/portable/TOOLCHAIN_GCC_ARM/CM4F/port.o
                0x100034e4                vPortValidateInterruptPriority
 .text.vApplicationStackOverflowHook
                0x10003540       0x24 C:/Users/asus/Desktop/eInkg/CapSense_Buttons_and_Slider_FreeRTOS/build/CY8CKIT-062-BLE/Debug/libs/freertos/Source/portable/TOOLCHAIN_GCC_ARM/CM4F/port.o
                0x10003540                vApplicationStackOverflowHook
 .text.prvIsQueueFull
                0x10003564       0x1e C:/Users/asus/Desktop/eInkg/CapSense_Buttons_and_Slider_FreeRTOS/build/CY8CKIT-062-BLE/Debug/libs/freertos/Source/queue.o
 .text.prvIsQueueEmpty
                0x10003582       0x1a C:/Users/asus/Desktop/eInkg/CapSense_Buttons_and_Slider_FreeRTOS/build/CY8CKIT-062-BLE/Debug/libs/freertos/Source/queue.o
 .text.prvCopyDataToQueue
                0x1000359c       0x58 C:/Users/asus/Desktop/eInkg/CapSense_Buttons_and_Slider_FreeRTOS/build/CY8CKIT-062-BLE/Debug/libs/freertos/Source/queue.o
 .text.prvCopyDataFromQueue
                0x100035f4       0x24 C:/Users/asus/Desktop/eInkg/CapSense_Buttons_and_Slider_FreeRTOS/build/CY8CKIT-062-BLE/Debug/libs/freertos/Source/queue.o
 .text.prvUnlockQueue
                0x10003618       0x6e C:/Users/asus/Desktop/eInkg/CapSense_Buttons_and_Slider_FreeRTOS/build/CY8CKIT-062-BLE/Debug/libs/freertos/Source/queue.o
 *fill*         0x10003686        0x2 
 .text.xQueueGenericReset
                0x10003688       0x84 C:/Users/asus/Desktop/eInkg/CapSense_Buttons_and_Slider_FreeRTOS/build/CY8CKIT-062-BLE/Debug/libs/freertos/Source/queue.o
                0x10003688                xQueueGenericReset
 .text.prvInitialiseNewQueue
                0x1000370c       0x1c C:/Users/asus/Desktop/eInkg/CapSense_Buttons_and_Slider_FreeRTOS/build/CY8CKIT-062-BLE/Debug/libs/freertos/Source/queue.o
 .text.xQueueGenericCreate
                0x10003728       0x48 C:/Users/asus/Desktop/eInkg/CapSense_Buttons_and_Slider_FreeRTOS/build/CY8CKIT-062-BLE/Debug/libs/freertos/Source/queue.o
                0x10003728                xQueueGenericCreate
 .text.xQueueGenericSend
                0x10003770      0x17c C:/Users/asus/Desktop/eInkg/CapSense_Buttons_and_Slider_FreeRTOS/build/CY8CKIT-062-BLE/Debug/libs/freertos/Source/queue.o
                0x10003770                xQueueGenericSend
 .text.xQueueGenericSendFromISR
                0x100038ec       0xcc C:/Users/asus/Desktop/eInkg/CapSense_Buttons_and_Slider_FreeRTOS/build/CY8CKIT-062-BLE/Debug/libs/freertos/Source/queue.o
                0x100038ec                xQueueGenericSendFromISR
 .text.xQueueReceive
                0x100039b8      0x158 C:/Users/asus/Desktop/eInkg/CapSense_Buttons_and_Slider_FreeRTOS/build/CY8CKIT-062-BLE/Debug/libs/freertos/Source/queue.o
                0x100039b8                xQueueReceive
 .text.vQueueAddToRegistry
                0x10003b10       0x28 C:/Users/asus/Desktop/eInkg/CapSense_Buttons_and_Slider_FreeRTOS/build/CY8CKIT-062-BLE/Debug/libs/freertos/Source/queue.o
                0x10003b10                vQueueAddToRegistry
 .text.vQueueWaitForMessageRestricted
                0x10003b38       0x52 C:/Users/asus/Desktop/eInkg/CapSense_Buttons_and_Slider_FreeRTOS/build/CY8CKIT-062-BLE/Debug/libs/freertos/Source/queue.o
                0x10003b38                vQueueWaitForMessageRestricted
 *fill*         0x10003b8a        0x2 
 .text.prvResetNextTaskUnblockTime
                0x10003b8c       0x2c C:/Users/asus/Desktop/eInkg/CapSense_Buttons_and_Slider_FreeRTOS/build/CY8CKIT-062-BLE/Debug/libs/freertos/Source/tasks.o
 .text.prvDeleteTCB
                0x10003bb8       0x12 C:/Users/asus/Desktop/eInkg/CapSense_Buttons_and_Slider_FreeRTOS/build/CY8CKIT-062-BLE/Debug/libs/freertos/Source/tasks.o
 .text.prvInitialiseNewTask
                0x10003bca       0x9e C:/Users/asus/Desktop/eInkg/CapSense_Buttons_and_Slider_FreeRTOS/build/CY8CKIT-062-BLE/Debug/libs/freertos/Source/tasks.o
 .text.prvInitialiseTaskLists
                0x10003c68       0x68 C:/Users/asus/Desktop/eInkg/CapSense_Buttons_and_Slider_FreeRTOS/build/CY8CKIT-062-BLE/Debug/libs/freertos/Source/tasks.o
 .text.prvAddNewTaskToReadyList
                0x10003cd0       0xa8 C:/Users/asus/Desktop/eInkg/CapSense_Buttons_and_Slider_FreeRTOS/build/CY8CKIT-062-BLE/Debug/libs/freertos/Source/tasks.o
 .text.prvCheckTasksWaitingTermination
                0x10003d78       0x4c C:/Users/asus/Desktop/eInkg/CapSense_Buttons_and_Slider_FreeRTOS/build/CY8CKIT-062-BLE/Debug/libs/freertos/Source/tasks.o
 .text.prvIdleTask
                0x10003dc4       0x28 C:/Users/asus/Desktop/eInkg/CapSense_Buttons_and_Slider_FreeRTOS/build/CY8CKIT-062-BLE/Debug/libs/freertos/Source/tasks.o
 .text.prvAddCurrentTaskToDelayedList
                0x10003dec       0x7c C:/Users/asus/Desktop/eInkg/CapSense_Buttons_and_Slider_FreeRTOS/build/CY8CKIT-062-BLE/Debug/libs/freertos/Source/tasks.o
 .text.xTaskCreate
                0x10003e68       0x62 C:/Users/asus/Desktop/eInkg/CapSense_Buttons_and_Slider_FreeRTOS/build/CY8CKIT-062-BLE/Debug/libs/freertos/Source/tasks.o
                0x10003e68                xTaskCreate
 *fill*         0x10003eca        0x2 
 .text.vTaskStartScheduler
                0x10003ecc       0x84 C:/Users/asus/Desktop/eInkg/CapSense_Buttons_and_Slider_FreeRTOS/build/CY8CKIT-062-BLE/Debug/libs/freertos/Source/tasks.o
                0x10003ecc                vTaskStartScheduler
 .text.vTaskSuspendAll
                0x10003f50       0x10 C:/Users/asus/Desktop/eInkg/CapSense_Buttons_and_Slider_FreeRTOS/build/CY8CKIT-062-BLE/Debug/libs/freertos/Source/tasks.o
                0x10003f50                vTaskSuspendAll
 .text.xTaskGetTickCount
                0x10003f60        0xc C:/Users/asus/Desktop/eInkg/CapSense_Buttons_and_Slider_FreeRTOS/build/CY8CKIT-062-BLE/Debug/libs/freertos/Source/tasks.o
                0x10003f60                xTaskGetTickCount
 .text.xTaskIncrementTick
                0x10003f6c      0x100 C:/Users/asus/Desktop/eInkg/CapSense_Buttons_and_Slider_FreeRTOS/build/CY8CKIT-062-BLE/Debug/libs/freertos/Source/tasks.o
                0x10003f6c                xTaskIncrementTick
 .text.xTaskResumeAll
                0x1000406c       0xf4 C:/Users/asus/Desktop/eInkg/CapSense_Buttons_and_Slider_FreeRTOS/build/CY8CKIT-062-BLE/Debug/libs/freertos/Source/tasks.o
                0x1000406c                xTaskResumeAll
 .text.vTaskSwitchContext
                0x10004160       0xc8 C:/Users/asus/Desktop/eInkg/CapSense_Buttons_and_Slider_FreeRTOS/build/CY8CKIT-062-BLE/Debug/libs/freertos/Source/tasks.o
                0x10004160                vTaskSwitchContext
 .text.vTaskPlaceOnEventList
                0x10004228       0x30 C:/Users/asus/Desktop/eInkg/CapSense_Buttons_and_Slider_FreeRTOS/build/CY8CKIT-062-BLE/Debug/libs/freertos/Source/tasks.o
                0x10004228                vTaskPlaceOnEventList
 .text.vTaskPlaceOnEventListRestricted
                0x10004258       0x38 C:/Users/asus/Desktop/eInkg/CapSense_Buttons_and_Slider_FreeRTOS/build/CY8CKIT-062-BLE/Debug/libs/freertos/Source/tasks.o
                0x10004258                vTaskPlaceOnEventListRestricted
 .text.xTaskRemoveFromEventList
                0x10004290       0x8c C:/Users/asus/Desktop/eInkg/CapSense_Buttons_and_Slider_FreeRTOS/build/CY8CKIT-062-BLE/Debug/libs/freertos/Source/tasks.o
                0x10004290                xTaskRemoveFromEventList
 .text.vTaskInternalSetTimeOutState
                0x1000431c       0x18 C:/Users/asus/Desktop/eInkg/CapSense_Buttons_and_Slider_FreeRTOS/build/CY8CKIT-062-BLE/Debug/libs/freertos/Source/tasks.o
                0x1000431c                vTaskInternalSetTimeOutState
 .text.xTaskCheckForTimeOut
                0x10004334       0x80 C:/Users/asus/Desktop/eInkg/CapSense_Buttons_and_Slider_FreeRTOS/build/CY8CKIT-062-BLE/Debug/libs/freertos/Source/tasks.o
                0x10004334                xTaskCheckForTimeOut
 .text.vTaskMissedYield
                0x100043b4        0xc C:/Users/asus/Desktop/eInkg/CapSense_Buttons_and_Slider_FreeRTOS/build/CY8CKIT-062-BLE/Debug/libs/freertos/Source/tasks.o
                0x100043b4                vTaskMissedYield
 .text.xTaskGetSchedulerState
                0x100043c0       0x20 C:/Users/asus/Desktop/eInkg/CapSense_Buttons_and_Slider_FreeRTOS/build/CY8CKIT-062-BLE/Debug/libs/freertos/Source/tasks.o
                0x100043c0                xTaskGetSchedulerState
 .text.prvGetNextExpireTime
                0x100043e0       0x20 C:/Users/asus/Desktop/eInkg/CapSense_Buttons_and_Slider_FreeRTOS/build/CY8CKIT-062-BLE/Debug/libs/freertos/Source/timers.o
 .text.prvInsertTimerInActiveList
                0x10004400       0x48 C:/Users/asus/Desktop/eInkg/CapSense_Buttons_and_Slider_FreeRTOS/build/CY8CKIT-062-BLE/Debug/libs/freertos/Source/timers.o
 .text.prvCheckForValidListAndQueue
                0x10004448       0x5c C:/Users/asus/Desktop/eInkg/CapSense_Buttons_and_Slider_FreeRTOS/build/CY8CKIT-062-BLE/Debug/libs/freertos/Source/timers.o
 .text.prvInitialiseNewTimer
                0x100044a4       0x40 C:/Users/asus/Desktop/eInkg/CapSense_Buttons_and_Slider_FreeRTOS/build/CY8CKIT-062-BLE/Debug/libs/freertos/Source/timers.o
 .text.xTimerCreateTimerTask
                0x100044e4       0x4c C:/Users/asus/Desktop/eInkg/CapSense_Buttons_and_Slider_FreeRTOS/build/CY8CKIT-062-BLE/Debug/libs/freertos/Source/timers.o
                0x100044e4                xTimerCreateTimerTask
 .text.xTimerCreate
                0x10004530       0x32 C:/Users/asus/Desktop/eInkg/CapSense_Buttons_and_Slider_FreeRTOS/build/CY8CKIT-062-BLE/Debug/libs/freertos/Source/timers.o
                0x10004530                xTimerCreate
 *fill*         0x10004562        0x2 
 .text.xTimerGenericCommand
                0x10004564       0x6c C:/Users/asus/Desktop/eInkg/CapSense_Buttons_and_Slider_FreeRTOS/build/CY8CKIT-062-BLE/Debug/libs/freertos/Source/timers.o
                0x10004564                xTimerGenericCommand
 .text.prvSwitchTimerLists
                0x100045d0       0x78 C:/Users/asus/Desktop/eInkg/CapSense_Buttons_and_Slider_FreeRTOS/build/CY8CKIT-062-BLE/Debug/libs/freertos/Source/timers.o
 .text.prvSampleTimeNow
                0x10004648       0x2c C:/Users/asus/Desktop/eInkg/CapSense_Buttons_and_Slider_FreeRTOS/build/CY8CKIT-062-BLE/Debug/libs/freertos/Source/timers.o
 .text.prvProcessExpiredTimer
                0x10004674       0x60 C:/Users/asus/Desktop/eInkg/CapSense_Buttons_and_Slider_FreeRTOS/build/CY8CKIT-062-BLE/Debug/libs/freertos/Source/timers.o
 .text.prvProcessTimerOrBlockTask
                0x100046d4       0x74 C:/Users/asus/Desktop/eInkg/CapSense_Buttons_and_Slider_FreeRTOS/build/CY8CKIT-062-BLE/Debug/libs/freertos/Source/timers.o
 .text.prvProcessReceivedCommands
                0x10004748       0xe0 C:/Users/asus/Desktop/eInkg/CapSense_Buttons_and_Slider_FreeRTOS/build/CY8CKIT-062-BLE/Debug/libs/freertos/Source/timers.o
 .text.prvTimerTask
                0x10004828       0x16 C:/Users/asus/Desktop/eInkg/CapSense_Buttons_and_Slider_FreeRTOS/build/CY8CKIT-062-BLE/Debug/libs/freertos/Source/timers.o
 .text.cyhal_gpio_convert_drive_mode
                0x1000483e       0x3c C:/Users/asus/Desktop/eInkg/CapSense_Buttons_and_Slider_FreeRTOS/build/CY8CKIT-062-BLE/Debug/libs/psoc6hal/src/cyhal_gpio.o
 *fill*         0x1000487a        0x2 
 .text.cyhal_gpio_init
                0x1000487c       0x88 C:/Users/asus/Desktop/eInkg/CapSense_Buttons_and_Slider_FreeRTOS/build/CY8CKIT-062-BLE/Debug/libs/psoc6hal/src/cyhal_gpio.o
                0x1000487c                cyhal_gpio_init
 .text.cyhal_get_bit_position
                0x10004904      0x118 C:/Users/asus/Desktop/eInkg/CapSense_Buttons_and_Slider_FreeRTOS/build/CY8CKIT-062-BLE/Debug/libs/psoc6hal/src/cyhal_hwmgr.o
 .text.cyhal_hwmgr_reserve
                0x10004a1c       0x88 C:/Users/asus/Desktop/eInkg/CapSense_Buttons_and_Slider_FreeRTOS/build/CY8CKIT-062-BLE/Debug/libs/psoc6hal/src/cyhal_hwmgr.o
                0x10004a1c                cyhal_hwmgr_reserve
 .text.cyhal_hwmgr_free
                0x10004aa4       0x58 C:/Users/asus/Desktop/eInkg/CapSense_Buttons_and_Slider_FreeRTOS/build/CY8CKIT-062-BLE/Debug/libs/psoc6hal/src/cyhal_hwmgr.o
                0x10004aa4                cyhal_hwmgr_free
 .text.cyhal_hwmgr_allocate_clock
                0x10004afc       0x6c C:/Users/asus/Desktop/eInkg/CapSense_Buttons_and_Slider_FreeRTOS/build/CY8CKIT-062-BLE/Debug/libs/psoc6hal/src/cyhal_hwmgr.o
                0x10004afc                cyhal_hwmgr_allocate_clock
 .text.cyhal_hwmgr_free_clock
                0x10004b68       0x22 C:/Users/asus/Desktop/eInkg/CapSense_Buttons_and_Slider_FreeRTOS/build/CY8CKIT-062-BLE/Debug/libs/psoc6hal/src/cyhal_hwmgr.o
                0x10004b68                cyhal_hwmgr_free_clock
 *fill*         0x10004b8a        0x2 
 .text.cyhal_connect_pin
                0x10004b8c       0x80 C:/Users/asus/Desktop/eInkg/CapSense_Buttons_and_Slider_FreeRTOS/build/CY8CKIT-062-BLE/Debug/libs/psoc6hal/src/cyhal_interconnect.o
                0x10004b8c                cyhal_connect_pin
 .text.cyhal_disconnect_pin
                0x10004c0c       0x38 C:/Users/asus/Desktop/eInkg/CapSense_Buttons_and_Slider_FreeRTOS/build/CY8CKIT-062-BLE/Debug/libs/psoc6hal/src/cyhal_interconnect.o
                0x10004c0c                cyhal_disconnect_pin
 .text.cyhal_scb_get_block_from_irqn
                0x10004c44       0x54 C:/Users/asus/Desktop/eInkg/CapSense_Buttons_and_Slider_FreeRTOS/build/CY8CKIT-062-BLE/Debug/libs/psoc6hal/src/cyhal_scb_common.o
                0x10004c44                cyhal_scb_get_block_from_irqn
 .text.convert_parity
                0x10004c98       0x14 C:/Users/asus/Desktop/eInkg/CapSense_Buttons_and_Slider_FreeRTOS/build/CY8CKIT-062-BLE/Debug/libs/psoc6hal/src/cyhal_uart.o
 .text.convert_stopbits
                0x10004cac       0x24 C:/Users/asus/Desktop/eInkg/CapSense_Buttons_and_Slider_FreeRTOS/build/CY8CKIT-062-BLE/Debug/libs/psoc6hal/src/cyhal_uart.o
 .text.cyhal_uart_baud_perdif
                0x10004cd0       0x20 C:/Users/asus/Desktop/eInkg/CapSense_Buttons_and_Slider_FreeRTOS/build/CY8CKIT-062-BLE/Debug/libs/psoc6hal/src/cyhal_uart.o
 .text.cyhal_uart_irq_handler
                0x10004cf0       0x24 C:/Users/asus/Desktop/eInkg/CapSense_Buttons_and_Slider_FreeRTOS/build/CY8CKIT-062-BLE/Debug/libs/psoc6hal/src/cyhal_uart.o
 .text.cyhal_uart_actual_baud
                0x10004d14       0x34 C:/Users/asus/Desktop/eInkg/CapSense_Buttons_and_Slider_FreeRTOS/build/CY8CKIT-062-BLE/Debug/libs/psoc6hal/src/cyhal_uart.o
 .text.cyhal_uart_best_oversample
                0x10004d48       0x80 C:/Users/asus/Desktop/eInkg/CapSense_Buttons_and_Slider_FreeRTOS/build/CY8CKIT-062-BLE/Debug/libs/psoc6hal/src/cyhal_uart.o
 .text.cyhal_uart_pm_callback
                0x10004dc8      0x2d8 C:/Users/asus/Desktop/eInkg/CapSense_Buttons_and_Slider_FreeRTOS/build/CY8CKIT-062-BLE/Debug/libs/psoc6hal/src/cyhal_uart.o
 .text.cyhal_uart_free
                0x100050a0       0x94 C:/Users/asus/Desktop/eInkg/CapSense_Buttons_and_Slider_FreeRTOS/build/CY8CKIT-062-BLE/Debug/libs/psoc6hal/src/cyhal_uart.o
                0x100050a0                cyhal_uart_free
 .text.cyhal_uart_set_baud
                0x10005134      0x2dc C:/Users/asus/Desktop/eInkg/CapSense_Buttons_and_Slider_FreeRTOS/build/CY8CKIT-062-BLE/Debug/libs/psoc6hal/src/cyhal_uart.o
                0x10005134                cyhal_uart_set_baud
 .text.cyhal_uart_init
                0x10005410      0x340 C:/Users/asus/Desktop/eInkg/CapSense_Buttons_and_Slider_FreeRTOS/build/CY8CKIT-062-BLE/Debug/libs/psoc6hal/src/cyhal_uart.o
                0x10005410                cyhal_uart_init
 .text.cyhal_uart_getc
                0x10005750       0x3c C:/Users/asus/Desktop/eInkg/CapSense_Buttons_and_Slider_FreeRTOS/build/CY8CKIT-062-BLE/Debug/libs/psoc6hal/src/cyhal_uart.o
                0x10005750                cyhal_uart_getc
 .text.cyhal_uart_putc
                0x1000578c       0x1a C:/Users/asus/Desktop/eInkg/CapSense_Buttons_and_Slider_FreeRTOS/build/CY8CKIT-062-BLE/Debug/libs/psoc6hal/src/cyhal_uart.o
                0x1000578c                cyhal_uart_putc
 .text.cyhal_utils_get_resource
                0x100057a6       0x22 C:/Users/asus/Desktop/eInkg/CapSense_Buttons_and_Slider_FreeRTOS/build/CY8CKIT-062-BLE/Debug/libs/psoc6hal/src/cyhal_utils.o
                0x100057a6                cyhal_utils_get_resource
 .text.cyhal_utils_disconnect_and_free
                0x100057c8       0x4e C:/Users/asus/Desktop/eInkg/CapSense_Buttons_and_Slider_FreeRTOS/build/CY8CKIT-062-BLE/Debug/libs/psoc6hal/src/cyhal_utils.o
                0x100057c8                cyhal_utils_disconnect_and_free
 *fill*         0x10005816        0x2 
 .text.Cy_BLE_EcoReset
                0x10005818       0x1c C:/Users/asus/Desktop/eInkg/CapSense_Buttons_and_Slider_FreeRTOS/build/CY8CKIT-062-BLE/Debug/libs/psoc6pdl/drivers/source/cy_ble_clk.o
                0x10005818                Cy_BLE_EcoReset
 .text.Cy_PDL_Init
                0x10005834        0xc C:/Users/asus/Desktop/eInkg/CapSense_Buttons_and_Slider_FreeRTOS/build/CY8CKIT-062-BLE/Debug/libs/psoc6pdl/drivers/source/cy_device.o
                0x10005834                Cy_PDL_Init
 .text.Cy_Flash_ProcessOpcode
                0x10005840       0xa4 C:/Users/asus/Desktop/eInkg/CapSense_Buttons_and_Slider_FreeRTOS/build/CY8CKIT-062-BLE/Debug/libs/psoc6pdl/drivers/source/cy_flash.o
 .text.Cy_Flash_OperationStatus
                0x100058e4       0x60 C:/Users/asus/Desktop/eInkg/CapSense_Buttons_and_Slider_FreeRTOS/build/CY8CKIT-062-BLE/Debug/libs/psoc6pdl/drivers/source/cy_flash.o
 .text.Cy_Flash_InitExt
                0x10005944       0x80 C:/Users/asus/Desktop/eInkg/CapSense_Buttons_and_Slider_FreeRTOS/build/CY8CKIT-062-BLE/Debug/libs/psoc6pdl/drivers/source/cy_flash.o
                0x10005944                Cy_Flash_InitExt
 .text.Cy_Flash_Init
                0x100059c4       0x10 C:/Users/asus/Desktop/eInkg/CapSense_Buttons_and_Slider_FreeRTOS/build/CY8CKIT-062-BLE/Debug/libs/psoc6pdl/drivers/source/cy_flash.o
                0x100059c4                Cy_Flash_Init
 .text.Cy_GPIO_Pin_Init
                0x100059d4      0x360 C:/Users/asus/Desktop/eInkg/CapSense_Buttons_and_Slider_FreeRTOS/build/CY8CKIT-062-BLE/Debug/libs/psoc6pdl/drivers/source/cy_gpio.o
                0x100059d4                Cy_GPIO_Pin_Init
 .text.Cy_GPIO_Pin_FastInit
                0x10005d34       0xfc C:/Users/asus/Desktop/eInkg/CapSense_Buttons_and_Slider_FreeRTOS/build/CY8CKIT-062-BLE/Debug/libs/psoc6pdl/drivers/source/cy_gpio.o
                0x10005d34                Cy_GPIO_Pin_FastInit
 .text.Cy_IPC_Drv_LockRelease
                0x10005e30       0x40 C:/Users/asus/Desktop/eInkg/CapSense_Buttons_and_Slider_FreeRTOS/build/CY8CKIT-062-BLE/Debug/libs/psoc6pdl/drivers/source/cy_ipc_drv.o
                0x10005e30                Cy_IPC_Drv_LockRelease
 .text.Cy_IPC_Drv_SendMsgWord
                0x10005e70       0x34 C:/Users/asus/Desktop/eInkg/CapSense_Buttons_and_Slider_FreeRTOS/build/CY8CKIT-062-BLE/Debug/libs/psoc6pdl/drivers/source/cy_ipc_drv.o
                0x10005e70                Cy_IPC_Drv_SendMsgWord
 .text.Cy_IPC_Drv_ReadMsgWord
                0x10005ea4       0x38 C:/Users/asus/Desktop/eInkg/CapSense_Buttons_and_Slider_FreeRTOS/build/CY8CKIT-062-BLE/Debug/libs/psoc6pdl/drivers/source/cy_ipc_drv.o
                0x10005ea4                Cy_IPC_Drv_ReadMsgWord
 .text.Cy_IPC_Pipe_Config
                0x10005edc       0x14 C:/Users/asus/Desktop/eInkg/CapSense_Buttons_and_Slider_FreeRTOS/build/CY8CKIT-062-BLE/Debug/libs/psoc6pdl/drivers/source/cy_ipc_pipe.o
                0x10005edc                Cy_IPC_Pipe_Config
 .text.Cy_IPC_Pipe_EndpointInit
                0x10005ef0       0xdc C:/Users/asus/Desktop/eInkg/CapSense_Buttons_and_Slider_FreeRTOS/build/CY8CKIT-062-BLE/Debug/libs/psoc6pdl/drivers/source/cy_ipc_pipe.o
                0x10005ef0                Cy_IPC_Pipe_EndpointInit
 .text.Cy_IPC_Pipe_Init
                0x10005fcc       0xc0 C:/Users/asus/Desktop/eInkg/CapSense_Buttons_and_Slider_FreeRTOS/build/CY8CKIT-062-BLE/Debug/libs/psoc6pdl/drivers/source/cy_ipc_pipe.o
                0x10005fcc                Cy_IPC_Pipe_Init
 .text.Cy_IPC_Pipe_SendMessage
                0x1000608c       0xa4 C:/Users/asus/Desktop/eInkg/CapSense_Buttons_and_Slider_FreeRTOS/build/CY8CKIT-062-BLE/Debug/libs/psoc6pdl/drivers/source/cy_ipc_pipe.o
                0x1000608c                Cy_IPC_Pipe_SendMessage
 .text.Cy_IPC_Pipe_RegisterCallback
                0x10006130       0x54 C:/Users/asus/Desktop/eInkg/CapSense_Buttons_and_Slider_FreeRTOS/build/CY8CKIT-062-BLE/Debug/libs/psoc6pdl/drivers/source/cy_ipc_pipe.o
                0x10006130                Cy_IPC_Pipe_RegisterCallback
 .text.Cy_IPC_Pipe_ExecCallback
                0x10006184       0xcc C:/Users/asus/Desktop/eInkg/CapSense_Buttons_and_Slider_FreeRTOS/build/CY8CKIT-062-BLE/Debug/libs/psoc6pdl/drivers/source/cy_ipc_pipe.o
                0x10006184                Cy_IPC_Pipe_ExecCallback
 .text.Cy_IPC_Pipe_ExecuteCallback
                0x10006250       0x30 C:/Users/asus/Desktop/eInkg/CapSense_Buttons_and_Slider_FreeRTOS/build/CY8CKIT-062-BLE/Debug/libs/psoc6pdl/drivers/source/cy_ipc_pipe.o
                0x10006250                Cy_IPC_Pipe_ExecuteCallback
 .text.Cy_IPC_Sema_InitExt
                0x10006280       0xac C:/Users/asus/Desktop/eInkg/CapSense_Buttons_and_Slider_FreeRTOS/build/CY8CKIT-062-BLE/Debug/libs/psoc6pdl/drivers/source/cy_ipc_sema.o
                0x10006280                Cy_IPC_Sema_InitExt
 .text.Cy_IPC_Sema_Init
                0x1000632c       0x6c C:/Users/asus/Desktop/eInkg/CapSense_Buttons_and_Slider_FreeRTOS/build/CY8CKIT-062-BLE/Debug/libs/psoc6pdl/drivers/source/cy_ipc_sema.o
                0x1000632c                Cy_IPC_Sema_Init
 .text.Cy_IPC_Sema_Clear
                0x10006398       0x7c C:/Users/asus/Desktop/eInkg/CapSense_Buttons_and_Slider_FreeRTOS/build/CY8CKIT-062-BLE/Debug/libs/psoc6pdl/drivers/source/cy_ipc_sema.o
                0x10006398                Cy_IPC_Sema_Clear
 .text.Cy_IPC_Sema_Status
                0x10006414       0x40 C:/Users/asus/Desktop/eInkg/CapSense_Buttons_and_Slider_FreeRTOS/build/CY8CKIT-062-BLE/Debug/libs/psoc6pdl/drivers/source/cy_ipc_sema.o
                0x10006414                Cy_IPC_Sema_Status
 .text.Cy_Prot_GetActivePC
                0x10006454       0x38 C:/Users/asus/Desktop/eInkg/CapSense_Buttons_and_Slider_FreeRTOS/build/CY8CKIT-062-BLE/Debug/libs/psoc6pdl/drivers/source/cy_prot.o
                0x10006454                Cy_Prot_GetActivePC
 .text.Cy_SCB_ReadArrayNoCheck
                0x1000648c       0x38 C:/Users/asus/Desktop/eInkg/CapSense_Buttons_and_Slider_FreeRTOS/build/CY8CKIT-062-BLE/Debug/libs/psoc6pdl/drivers/source/cy_scb_common.o
                0x1000648c                Cy_SCB_ReadArrayNoCheck
 .text.Cy_SCB_ReadArray
                0x100064c4       0x1e C:/Users/asus/Desktop/eInkg/CapSense_Buttons_and_Slider_FreeRTOS/build/CY8CKIT-062-BLE/Debug/libs/psoc6pdl/drivers/source/cy_scb_common.o
                0x100064c4                Cy_SCB_ReadArray
 .text.Cy_SCB_Write
                0x100064e2       0x26 C:/Users/asus/Desktop/eInkg/CapSense_Buttons_and_Slider_FreeRTOS/build/CY8CKIT-062-BLE/Debug/libs/psoc6pdl/drivers/source/cy_scb_common.o
                0x100064e2                Cy_SCB_Write
 .text.Cy_SCB_WriteArrayNoCheck
                0x10006508       0x38 C:/Users/asus/Desktop/eInkg/CapSense_Buttons_and_Slider_FreeRTOS/build/CY8CKIT-062-BLE/Debug/libs/psoc6pdl/drivers/source/cy_scb_common.o
                0x10006508                Cy_SCB_WriteArrayNoCheck
 .text.Cy_SCB_WriteArray
                0x10006540       0x2e C:/Users/asus/Desktop/eInkg/CapSense_Buttons_and_Slider_FreeRTOS/build/CY8CKIT-062-BLE/Debug/libs/psoc6pdl/drivers/source/cy_scb_common.o
                0x10006540                Cy_SCB_WriteArray
 .text.Cy_SCB_WriteString
                0x1000656e       0x30 C:/Users/asus/Desktop/eInkg/CapSense_Buttons_and_Slider_FreeRTOS/build/CY8CKIT-062-BLE/Debug/libs/psoc6pdl/drivers/source/cy_scb_common.o
                0x1000656e                Cy_SCB_WriteString
 *fill*         0x1000659e        0x2 
 .text.HandleDataTransmit
                0x100065a0       0xe4 C:/Users/asus/Desktop/eInkg/CapSense_Buttons_and_Slider_FreeRTOS/build/CY8CKIT-062-BLE/Debug/libs/psoc6pdl/drivers/source/cy_scb_uart.o
 .text.HandleDataReceive
                0x10006684       0xfc C:/Users/asus/Desktop/eInkg/CapSense_Buttons_and_Slider_FreeRTOS/build/CY8CKIT-062-BLE/Debug/libs/psoc6pdl/drivers/source/cy_scb_uart.o
 .text.Cy_SCB_UART_Init
                0x10006780      0x3a4 C:/Users/asus/Desktop/eInkg/CapSense_Buttons_and_Slider_FreeRTOS/build/CY8CKIT-062-BLE/Debug/libs/psoc6pdl/drivers/source/cy_scb_uart.o
                0x10006780                Cy_SCB_UART_Init
 .text.Cy_SCB_UART_Disable
                0x10006b24       0x16 C:/Users/asus/Desktop/eInkg/CapSense_Buttons_and_Slider_FreeRTOS/build/CY8CKIT-062-BLE/Debug/libs/psoc6pdl/drivers/source/cy_scb_uart.o
                0x10006b24                Cy_SCB_UART_Disable
 *fill*         0x10006b3a        0x2 
 .text.Cy_SCB_UART_StartRingBuffer
                0x10006b3c       0xa4 C:/Users/asus/Desktop/eInkg/CapSense_Buttons_and_Slider_FreeRTOS/build/CY8CKIT-062-BLE/Debug/libs/psoc6pdl/drivers/source/cy_scb_uart.o
                0x10006b3c                Cy_SCB_UART_StartRingBuffer
 .text.Cy_SCB_UART_GetNumInRingBuffer
                0x10006be0       0x18 C:/Users/asus/Desktop/eInkg/CapSense_Buttons_and_Slider_FreeRTOS/build/CY8CKIT-062-BLE/Debug/libs/psoc6pdl/drivers/source/cy_scb_uart.o
                0x10006be0                Cy_SCB_UART_GetNumInRingBuffer
 .text.HandleRingBuffer
                0x10006bf8       0xcc C:/Users/asus/Desktop/eInkg/CapSense_Buttons_and_Slider_FreeRTOS/build/CY8CKIT-062-BLE/Debug/libs/psoc6pdl/drivers/source/cy_scb_uart.o
 .text.Cy_SCB_UART_GetReceiveStatus
                0x10006cc4        0x4 C:/Users/asus/Desktop/eInkg/CapSense_Buttons_and_Slider_FreeRTOS/build/CY8CKIT-062-BLE/Debug/libs/psoc6pdl/drivers/source/cy_scb_uart.o
                0x10006cc4                Cy_SCB_UART_GetReceiveStatus
 .text.Cy_SCB_UART_GetTransmitStatus
                0x10006cc8        0x4 C:/Users/asus/Desktop/eInkg/CapSense_Buttons_and_Slider_FreeRTOS/build/CY8CKIT-062-BLE/Debug/libs/psoc6pdl/drivers/source/cy_scb_uart.o
                0x10006cc8                Cy_SCB_UART_GetTransmitStatus
 .text.Cy_SCB_UART_DeepSleepCallback
                0x10006ccc       0x88 C:/Users/asus/Desktop/eInkg/CapSense_Buttons_and_Slider_FreeRTOS/build/CY8CKIT-062-BLE/Debug/libs/psoc6pdl/drivers/source/cy_scb_uart.o
                0x10006ccc                Cy_SCB_UART_DeepSleepCallback
 .text.Cy_SCB_UART_Interrupt
                0x10006d54      0x122 C:/Users/asus/Desktop/eInkg/CapSense_Buttons_and_Slider_FreeRTOS/build/CY8CKIT-062-BLE/Debug/libs/psoc6pdl/drivers/source/cy_scb_uart.o
                0x10006d54                Cy_SCB_UART_Interrupt
 *fill*         0x10006e76        0x2 
 .text.Cy_SysClk_ClkPathSetSource
                0x10006e78       0x5c C:/Users/asus/Desktop/eInkg/CapSense_Buttons_and_Slider_FreeRTOS/build/CY8CKIT-062-BLE/Debug/libs/psoc6pdl/drivers/source/cy_sysclk.o
                0x10006e78                Cy_SysClk_ClkPathSetSource
 .text.Cy_SysClk_ClkPathGetSource
                0x10006ed4       0x4c C:/Users/asus/Desktop/eInkg/CapSense_Buttons_and_Slider_FreeRTOS/build/CY8CKIT-062-BLE/Debug/libs/psoc6pdl/drivers/source/cy_sysclk.o
                0x10006ed4                Cy_SysClk_ClkPathGetSource
 .text.Cy_SysClk_FllManualConfigure
                0x10006f20      0x164 C:/Users/asus/Desktop/eInkg/CapSense_Buttons_and_Slider_FreeRTOS/build/CY8CKIT-062-BLE/Debug/libs/psoc6pdl/drivers/source/cy_sysclk.o
                0x10006f20                Cy_SysClk_FllManualConfigure
 .text.Cy_SysClk_FllGetConfiguration
                0x10007084       0x6c C:/Users/asus/Desktop/eInkg/CapSense_Buttons_and_Slider_FreeRTOS/build/CY8CKIT-062-BLE/Debug/libs/psoc6pdl/drivers/source/cy_sysclk.o
                0x10007084                Cy_SysClk_FllGetConfiguration
 .text.Cy_SysClk_FllEnable
                0x100070f0       0xc4 C:/Users/asus/Desktop/eInkg/CapSense_Buttons_and_Slider_FreeRTOS/build/CY8CKIT-062-BLE/Debug/libs/psoc6pdl/drivers/source/cy_sysclk.o
                0x100070f0                Cy_SysClk_FllEnable
 .text.Cy_SysClk_PllManualConfigure
                0x100071b4       0xdc C:/Users/asus/Desktop/eInkg/CapSense_Buttons_and_Slider_FreeRTOS/build/CY8CKIT-062-BLE/Debug/libs/psoc6pdl/drivers/source/cy_sysclk.o
                0x100071b4                Cy_SysClk_PllManualConfigure
 .text.Cy_SysClk_PllGetConfiguration
                0x10007290       0x4c C:/Users/asus/Desktop/eInkg/CapSense_Buttons_and_Slider_FreeRTOS/build/CY8CKIT-062-BLE/Debug/libs/psoc6pdl/drivers/source/cy_sysclk.o
                0x10007290                Cy_SysClk_PllGetConfiguration
 .text.Cy_SysClk_PllEnable
                0x100072dc       0x68 C:/Users/asus/Desktop/eInkg/CapSense_Buttons_and_Slider_FreeRTOS/build/CY8CKIT-062-BLE/Debug/libs/psoc6pdl/drivers/source/cy_sysclk.o
                0x100072dc                Cy_SysClk_PllEnable
 .text.Cy_SysClk_ClkHfGetFrequency
                0x10007344      0x1dc C:/Users/asus/Desktop/eInkg/CapSense_Buttons_and_Slider_FreeRTOS/build/CY8CKIT-062-BLE/Debug/libs/psoc6pdl/drivers/source/cy_sysclk.o
                0x10007344                Cy_SysClk_ClkHfGetFrequency
 .text.Cy_SysInt_SetVector
                0x10007520       0x48 C:/Users/asus/Desktop/eInkg/CapSense_Buttons_and_Slider_FreeRTOS/build/CY8CKIT-062-BLE/Debug/libs/psoc6pdl/drivers/source/cy_sysint.o
                0x10007520                Cy_SysInt_SetVector
 .text.Cy_SysInt_Init
                0x10007568       0x74 C:/Users/asus/Desktop/eInkg/CapSense_Buttons_and_Slider_FreeRTOS/build/CY8CKIT-062-BLE/Debug/libs/psoc6pdl/drivers/source/cy_sysint.o
                0x10007568                Cy_SysInt_Init
 .text.Cy_SysLib_Delay
                0x100075dc       0x30 C:/Users/asus/Desktop/eInkg/CapSense_Buttons_and_Slider_FreeRTOS/build/CY8CKIT-062-BLE/Debug/libs/psoc6pdl/drivers/source/cy_syslib.o
                0x100075dc                Cy_SysLib_Delay
 .text.Cy_SysLib_DelayUs
                0x1000760c       0x14 C:/Users/asus/Desktop/eInkg/CapSense_Buttons_and_Slider_FreeRTOS/build/CY8CKIT-062-BLE/Debug/libs/psoc6pdl/drivers/source/cy_syslib.o
                0x1000760c                Cy_SysLib_DelayUs
 .text.Cy_SysLib_Halt
                0x10007620        0x4 C:/Users/asus/Desktop/eInkg/CapSense_Buttons_and_Slider_FreeRTOS/build/CY8CKIT-062-BLE/Debug/libs/psoc6pdl/drivers/source/cy_syslib.o
                0x10007620                Cy_SysLib_Halt
 .text.Cy_SysLib_AssertFailed
                0x10007624       0x1c C:/Users/asus/Desktop/eInkg/CapSense_Buttons_and_Slider_FreeRTOS/build/CY8CKIT-062-BLE/Debug/libs/psoc6pdl/drivers/source/cy_syslib.o
                0x10007624                Cy_SysLib_AssertFailed
 .text.Cy_SysLib_ResetBackupDomain
                0x10007640       0x20 C:/Users/asus/Desktop/eInkg/CapSense_Buttons_and_Slider_FreeRTOS/build/CY8CKIT-062-BLE/Debug/libs/psoc6pdl/drivers/source/cy_syslib.o
                0x10007640                Cy_SysLib_ResetBackupDomain
 .text.Cy_SysLib_GetResetReason
                0x10007660       0x18 C:/Users/asus/Desktop/eInkg/CapSense_Buttons_and_Slider_FreeRTOS/build/CY8CKIT-062-BLE/Debug/libs/psoc6pdl/drivers/source/cy_syslib.o
                0x10007660                Cy_SysLib_GetResetReason
 .text.Cy_SysLib_GetUniqueId
                0x10007678       0x5a C:/Users/asus/Desktop/eInkg/CapSense_Buttons_and_Slider_FreeRTOS/build/CY8CKIT-062-BLE/Debug/libs/psoc6pdl/drivers/source/cy_syslib.o
                0x10007678                Cy_SysLib_GetUniqueId
 .text.Cy_SysLib_ProcessingFault
                0x100076d2        0x2 C:/Users/asus/Desktop/eInkg/CapSense_Buttons_and_Slider_FreeRTOS/build/CY8CKIT-062-BLE/Debug/libs/psoc6pdl/drivers/source/cy_syslib.o
                0x100076d2                Cy_SysLib_ProcessingFault
 .text.Cy_SysLib_FaultHandler
                0x100076d4       0xa4 C:/Users/asus/Desktop/eInkg/CapSense_Buttons_and_Slider_FreeRTOS/build/CY8CKIT-062-BLE/Debug/libs/psoc6pdl/drivers/source/cy_syslib.o
                0x100076d4                Cy_SysLib_FaultHandler
 .text.Cy_SysLib_SetWaitStates
                0x10007778       0xcc C:/Users/asus/Desktop/eInkg/CapSense_Buttons_and_Slider_FreeRTOS/build/CY8CKIT-062-BLE/Debug/libs/psoc6pdl/drivers/source/cy_syslib.o
                0x10007778                Cy_SysLib_SetWaitStates
 .text.SetReadMarginTrimUlp
                0x10007844       0x84 C:/Users/asus/Desktop/eInkg/CapSense_Buttons_and_Slider_FreeRTOS/build/CY8CKIT-062-BLE/Debug/libs/psoc6pdl/drivers/source/cy_syspm.o
 .text.SetReadMarginTrimLp
                0x100078c8       0x84 C:/Users/asus/Desktop/eInkg/CapSense_Buttons_and_Slider_FreeRTOS/build/CY8CKIT-062-BLE/Debug/libs/psoc6pdl/drivers/source/cy_syspm.o
 .text.SetWriteAssistTrimUlp
                0x1000794c       0x58 C:/Users/asus/Desktop/eInkg/CapSense_Buttons_and_Slider_FreeRTOS/build/CY8CKIT-062-BLE/Debug/libs/psoc6pdl/drivers/source/cy_syspm.o
 .text.SetWriteAssistTrimLp
                0x100079a4       0x70 C:/Users/asus/Desktop/eInkg/CapSense_Buttons_and_Slider_FreeRTOS/build/CY8CKIT-062-BLE/Debug/libs/psoc6pdl/drivers/source/cy_syspm.o
 .text.IsVoltageChangePossible
                0x10007a14       0x46 C:/Users/asus/Desktop/eInkg/CapSense_Buttons_and_Slider_FreeRTOS/build/CY8CKIT-062-BLE/Debug/libs/psoc6pdl/drivers/source/cy_syspm.o
 *fill*         0x10007a5a        0x2 
 .text.Cy_SysPm_SystemSetMinRegulatorCurrent
                0x10007a5c       0x54 C:/Users/asus/Desktop/eInkg/CapSense_Buttons_and_Slider_FreeRTOS/build/CY8CKIT-062-BLE/Debug/libs/psoc6pdl/drivers/source/cy_syspm.o
                0x10007a5c                Cy_SysPm_SystemSetMinRegulatorCurrent
 .text.Cy_SysPm_SystemSetNormalRegulatorCurrent
                0x10007ab0       0x64 C:/Users/asus/Desktop/eInkg/CapSense_Buttons_and_Slider_FreeRTOS/build/CY8CKIT-062-BLE/Debug/libs/psoc6pdl/drivers/source/cy_syspm.o
                0x10007ab0                Cy_SysPm_SystemSetNormalRegulatorCurrent
 .text.Cy_SysPm_LdoSetMode
                0x10007b14       0x48 C:/Users/asus/Desktop/eInkg/CapSense_Buttons_and_Slider_FreeRTOS/build/CY8CKIT-062-BLE/Debug/libs/psoc6pdl/drivers/source/cy_syspm.o
                0x10007b14                Cy_SysPm_LdoSetMode
 .text.Cy_SysPm_RegisterCallback
                0x10007b5c       0x90 C:/Users/asus/Desktop/eInkg/CapSense_Buttons_and_Slider_FreeRTOS/build/CY8CKIT-062-BLE/Debug/libs/psoc6pdl/drivers/source/cy_syspm.o
                0x10007b5c                Cy_SysPm_RegisterCallback
 .text.Cy_SysPm_UnregisterCallback
                0x10007bec       0x5c C:/Users/asus/Desktop/eInkg/CapSense_Buttons_and_Slider_FreeRTOS/build/CY8CKIT-062-BLE/Debug/libs/psoc6pdl/drivers/source/cy_syspm.o
                0x10007bec                Cy_SysPm_UnregisterCallback
 .text.Cy_SysPm_WriteVoltageBitForFlash
                0x10007c48      0x118 C:/Users/asus/Desktop/eInkg/CapSense_Buttons_and_Slider_FreeRTOS/build/CY8CKIT-062-BLE/Debug/libs/psoc6pdl/drivers/source/cy_syspm.o
                0x10007c48                Cy_SysPm_WriteVoltageBitForFlash
 .text.Cy_SysPm_LdoSetVoltage
                0x10007d60       0xcc C:/Users/asus/Desktop/eInkg/CapSense_Buttons_and_Slider_FreeRTOS/build/CY8CKIT-062-BLE/Debug/libs/psoc6pdl/drivers/source/cy_syspm.o
                0x10007d60                Cy_SysPm_LdoSetVoltage
 .text.Cy_SysTick_SetClockSource
                0x10007e2c       0x38 C:/Users/asus/Desktop/eInkg/CapSense_Buttons_and_Slider_FreeRTOS/build/CY8CKIT-062-BLE/Debug/libs/psoc6pdl/drivers/source/cy_systick.o
                0x10007e2c                Cy_SysTick_SetClockSource
 .text.cy_retarget_io_putchar
                0x10007e64       0x10 C:/Users/asus/Desktop/eInkg/CapSense_Buttons_and_Slider_FreeRTOS/build/CY8CKIT-062-BLE/Debug/libs/retarget-io/cy_retarget_io.o
 .text.cy_retarget_io_getchar
                0x10007e74       0x20 C:/Users/asus/Desktop/eInkg/CapSense_Buttons_and_Slider_FreeRTOS/build/CY8CKIT-062-BLE/Debug/libs/retarget-io/cy_retarget_io.o
 .text._write   0x10007e94       0x22 C:/Users/asus/Desktop/eInkg/CapSense_Buttons_and_Slider_FreeRTOS/build/CY8CKIT-062-BLE/Debug/libs/retarget-io/cy_retarget_io.o
                0x10007e94                _write
 .text._read    0x10007eb6       0x28 C:/Users/asus/Desktop/eInkg/CapSense_Buttons_and_Slider_FreeRTOS/build/CY8CKIT-062-BLE/Debug/libs/retarget-io/cy_retarget_io.o
                0x10007eb6                _read
 *fill*         0x10007ede        0x2 
 .text.cy_retarget_io_init
                0x10007ee0       0x4c C:/Users/asus/Desktop/eInkg/CapSense_Buttons_and_Slider_FreeRTOS/build/CY8CKIT-062-BLE/Debug/libs/retarget-io/cy_retarget_io.o
                0x10007ee0                cy_retarget_io_init
 .text.main     0x10007f2c       0xdc C:/Users/asus/Desktop/eInkg/CapSense_Buttons_and_Slider_FreeRTOS/build/CY8CKIT-062-BLE/Debug/main.o
                0x10007f2c                main
 .text.WaitforSwitchPressAndRelease
                0x10008008       0x30 C:/Users/asus/Desktop/eInkg/CapSense_Buttons_and_Slider_FreeRTOS/build/CY8CKIT-062-BLE/Debug/main_task.o
                0x10008008                WaitforSwitchPressAndRelease
 .text.task_1   0x10008038      0x2d4 C:/Users/asus/Desktop/eInkg/CapSense_Buttons_and_Slider_FreeRTOS/build/CY8CKIT-062-BLE/Debug/main_task.o
                0x10008038                task_1
 .text          0x1000830c        0x4 c:/users/asus/modustoolbox/tools_2.0/gcc-7.2.1/bin/../lib/gcc/arm-none-eabi/7.2.1/thumb/v7e-m/fpv4-sp/softfp\libgcc.a(_dvmd_tls.o)
                0x1000830c                __aeabi_idiv0
                0x1000830c                __aeabi_ldiv0
 .text          0x10008310      0x378 c:/users/asus/modustoolbox/tools_2.0/gcc-7.2.1/bin/../lib/gcc/arm-none-eabi/7.2.1/thumb/v7e-m/fpv4-sp/softfp\libgcc.a(_arm_addsubdf3.o)
                0x10008310                __aeabi_drsub
                0x10008318                __aeabi_dsub
                0x10008318                __subdf3
                0x1000831c                __aeabi_dadd
                0x1000831c                __adddf3
                0x10008594                __floatunsidf
                0x10008594                __aeabi_ui2d
                0x100085b4                __floatsidf
                0x100085b4                __aeabi_i2d
                0x100085d8                __aeabi_f2d
                0x100085d8                __extendsfdf2
                0x1000861c                __floatundidf
                0x1000861c                __aeabi_ul2d
                0x1000862c                __floatdidf
                0x1000862c                __aeabi_l2d
 .text          0x10008688      0x424 c:/users/asus/modustoolbox/tools_2.0/gcc-7.2.1/bin/../lib/gcc/arm-none-eabi/7.2.1/thumb/v7e-m/fpv4-sp/softfp\libgcc.a(_arm_muldivdf3.o)
                0x10008688                __aeabi_dmul
                0x10008688                __muldf3
                0x100088dc                __divdf3
                0x100088dc                __aeabi_ddiv
 .text          0x10008aac       0x30 c:/users/asus/modustoolbox/tools_2.0/gcc-7.2.1/bin/../lib/gcc/arm-none-eabi/7.2.1/thumb/v7e-m/fpv4-sp/softfp\libgcc.a(_aeabi_uldivmod.o)
                0x10008aac                __aeabi_uldivmod
 .text          0x10008adc      0x2cc c:/users/asus/modustoolbox/tools_2.0/gcc-7.2.1/bin/../lib/gcc/arm-none-eabi/7.2.1/thumb/v7e-m/fpv4-sp/softfp\libgcc.a(_udivmoddi4.o)
                0x10008adc                __udivmoddi4
 .text.__libc_fini_array
                0x10008da8       0x28 c:/users/asus/modustoolbox/tools_2.0/gcc-7.2.1/bin/../lib/gcc/arm-none-eabi/7.2.1/../../../../arm-none-eabi/lib/thumb/v7e-m/fpv4-sp/softfp\libg_nano.a(lib_a-fini.o)
                0x10008da8                __libc_fini_array
 .text.__libc_init_array
                0x10008dd0       0x48 c:/users/asus/modustoolbox/tools_2.0/gcc-7.2.1/bin/../lib/gcc/arm-none-eabi/7.2.1/../../../../arm-none-eabi/lib/thumb/v7e-m/fpv4-sp/softfp\libg_nano.a(lib_a-init.o)
                0x10008dd0                __libc_init_array
 .text.memcpy   0x10008e18       0x16 c:/users/asus/modustoolbox/tools_2.0/gcc-7.2.1/bin/../lib/gcc/arm-none-eabi/7.2.1/../../../../arm-none-eabi/lib/thumb/v7e-m/fpv4-sp/softfp\libg_nano.a(lib_a-memcpy-stub.o)
                0x10008e18                memcpy
 .text.memset   0x10008e2e       0x10 c:/users/asus/modustoolbox/tools_2.0/gcc-7.2.1/bin/../lib/gcc/arm-none-eabi/7.2.1/../../../../arm-none-eabi/lib/thumb/v7e-m/fpv4-sp/softfp\libg_nano.a(lib_a-memset.o)
                0x10008e2e                memset
 .text.__cvt    0x10008e3e       0xbc c:/users/asus/modustoolbox/tools_2.0/gcc-7.2.1/bin/../lib/gcc/arm-none-eabi/7.2.1/../../../../arm-none-eabi/lib/thumb/v7e-m/fpv4-sp/softfp\libg_nano.a(lib_a-nano-vfprintf_float.o)
                0x10008e3e                __cvt
 .text.__exponent
                0x10008efa       0x66 c:/users/asus/modustoolbox/tools_2.0/gcc-7.2.1/bin/../lib/gcc/arm-none-eabi/7.2.1/../../../../arm-none-eabi/lib/thumb/v7e-m/fpv4-sp/softfp\libg_nano.a(lib_a-nano-vfprintf_float.o)
                0x10008efa                __exponent
 .text._printf_float
                0x10008f60      0x48c c:/users/asus/modustoolbox/tools_2.0/gcc-7.2.1/bin/../lib/gcc/arm-none-eabi/7.2.1/../../../../arm-none-eabi/lib/thumb/v7e-m/fpv4-sp/softfp\libg_nano.a(lib_a-nano-vfprintf_float.o)
                0x10008f60                _printf_float
 .text._printf_common
                0x100093ec       0xea c:/users/asus/modustoolbox/tools_2.0/gcc-7.2.1/bin/../lib/gcc/arm-none-eabi/7.2.1/../../../../arm-none-eabi/lib/thumb/v7e-m/fpv4-sp/softfp\libg_nano.a(lib_a-nano-vfprintf_i.o)
                0x100093ec                _printf_common
 *fill*         0x100094d6        0x2 
 .text._printf_i
                0x100094d8      0x224 c:/users/asus/modustoolbox/tools_2.0/gcc-7.2.1/bin/../lib/gcc/arm-none-eabi/7.2.1/../../../../arm-none-eabi/lib/thumb/v7e-m/fpv4-sp/softfp\libg_nano.a(lib_a-nano-vfprintf_i.o)
                0x100094d8                _printf_i
 .text.printf   0x100096fc       0x30 c:/users/asus/modustoolbox/tools_2.0/gcc-7.2.1/bin/../lib/gcc/arm-none-eabi/7.2.1/../../../../arm-none-eabi/lib/thumb/v7e-m/fpv4-sp/softfp\libg_nano.a(lib_a-printf.o)
                0x100096fc                iprintf
                0x100096fc                printf
 .text._puts_r  0x1000972c       0xb8 c:/users/asus/modustoolbox/tools_2.0/gcc-7.2.1/bin/../lib/gcc/arm-none-eabi/7.2.1/../../../../arm-none-eabi/lib/thumb/v7e-m/fpv4-sp/softfp\libg_nano.a(lib_a-puts.o)
                0x1000972c                _puts_r
 .text.puts     0x100097e4       0x10 c:/users/asus/modustoolbox/tools_2.0/gcc-7.2.1/bin/../lib/gcc/arm-none-eabi/7.2.1/../../../../arm-none-eabi/lib/thumb/v7e-m/fpv4-sp/softfp\libg_nano.a(lib_a-puts.o)
                0x100097e4                puts
 .text.sprintf  0x100097f4       0x40 c:/users/asus/modustoolbox/tools_2.0/gcc-7.2.1/bin/../lib/gcc/arm-none-eabi/7.2.1/../../../../arm-none-eabi/lib/thumb/v7e-m/fpv4-sp/softfp\libg_nano.a(lib_a-sprintf.o)
                0x100097f4                siprintf
                0x100097f4                sprintf
 .text          0x10009834       0x10 c:/users/asus/modustoolbox/tools_2.0/gcc-7.2.1/bin/../lib/gcc/arm-none-eabi/7.2.1/../../../../arm-none-eabi/lib/thumb/v7e-m/fpv4-sp/softfp\libg_nano.a(lib_a-strlen.o)
                0x10009834                strlen
 .text.strncat  0x10009844       0x28 c:/users/asus/modustoolbox/tools_2.0/gcc-7.2.1/bin/../lib/gcc/arm-none-eabi/7.2.1/../../../../arm-none-eabi/lib/thumb/v7e-m/fpv4-sp/softfp\libg_nano.a(lib_a-strncat.o)
                0x10009844                strncat